Component: ARM Compiler 5.06 update 7 (build 960) Tool: armlink [4d3601]

==============================================================================

Section Cross References

    asciilib.o(i.GetASCIICode) refers to rt_memcpy_v6.o(.text) for __aeabi_memcpy
    asciilib.o(i.GetASCIICode) refers to asciilib.o(.constdata) for AsciiLib
    glcd.o(i.LCD_Clear) refers to glcd.o(i.wait_delay) for wait_delay
    glcd.o(i.LCD_Clear) refers to glcd.o(.data) for LCD_Code
    glcd.o(i.LCD_Clear) refers to glcd.o(i.LCD_SetCursor) for LCD_SetCursor
    glcd.o(i.LCD_DrawBargraph) refers to glcd.o(i.LCD_SetPoint) for LCD_SetPoint
    glcd.o(i.LCD_DrawLine) refers to glcd.o(i.LCD_SetPoint) for LCD_SetPoint
    glcd.o(i.LCD_GetPoint) refers to glcd.o(i.LCD_SetCursor) for LCD_SetCursor
    glcd.o(i.LCD_GetPoint) refers to glcd.o(i.wait_delay) for wait_delay
    glcd.o(i.LCD_GetPoint) refers to glcd.o(i.LCD_BGR2RGB) for LCD_BGR2RGB
    glcd.o(i.LCD_GetPoint) refers to glcd.o(.data) for LCD_Code
    glcd.o(i.LCD_Initialization) refers to glcd.o(i.LCD_Configuration) for LCD_Configuration
    glcd.o(i.LCD_Initialization) refers to glcd.o(i.delay_ms) for delay_ms
    glcd.o(i.LCD_Initialization) refers to glcd.o(i.wait_delay) for wait_delay
    glcd.o(i.LCD_Initialization) refers to glcd.o(.data) for LCD_Code
    glcd.o(i.LCD_PutChar) refers to asciilib.o(i.GetASCIICode) for GetASCIICode
    glcd.o(i.LCD_PutChar) refers to glcd.o(i.LCD_SetPoint) for LCD_SetPoint
    glcd.o(i.LCD_PutText) refers to glcd.o(i.LCD_PutChar) for LCD_PutChar
    glcd.o(i.LCD_SetCursor) refers to glcd.o(i.wait_delay) for wait_delay
    glcd.o(i.LCD_SetCursor) refers to glcd.o(.data) for LCD_Code
    glcd.o(i.LCD_SetPoint) refers to glcd.o(i.LCD_SetCursor) for LCD_SetCursor
    glcd.o(i.LCD_SetPoint) refers to glcd.o(i.wait_delay) for wait_delay
    glcd.o(i.LCD_draw_circle) refers to glcd.o(i.LCD_SetPoint) for LCD_SetPoint
    glcd.o(i.LCD_draw_line) refers to glcd.o(i.LCD_SetPoint) for LCD_SetPoint
    retarget.o(i._sys_exit) refers (Special) to use_no_semi.o(.text) for __use_no_semihosting_swi
    retarget.o(i._ttywrch) refers (Special) to use_no_semi.o(.text) for __use_no_semihosting_swi
    retarget.o(i._ttywrch) refers to retarget.o(i.sendchar) for sendchar
    retarget.o(i.ferror) refers (Special) to use_no_semi.o(.text) for __use_no_semihosting_swi
    retarget.o(i.fgetc) refers (Special) to use_no_semi.o(.text) for __use_no_semihosting_swi
    retarget.o(i.fgetc) refers to retarget.o(i.getkey) for getkey
    retarget.o(i.fputc) refers (Special) to use_no_semi.o(.text) for __use_no_semihosting_swi
    retarget.o(i.fputc) refers to retarget.o(i.sendchar) for sendchar
    retarget.o(i.getkey) refers (Special) to use_no_semi.o(.text) for __use_no_semihosting_swi
    retarget.o(i.getkey) refers to serial.o(i.SER_getChar) for SER_getChar
    retarget.o(i.sendchar) refers (Special) to use_no_semi.o(.text) for __use_no_semihosting_swi
    retarget.o(i.sendchar) refers to serial.o(i.SER_putChar) for SER_putChar
    retarget.o(.data) refers (Special) to use_no_semi.o(.text) for __use_no_semihosting_swi
    serial.o(i.SER_init) refers to system_lpc17xx.o(.data) for SystemCoreClock
    serial.o(i.SER_putString) refers to serial.o(i.SER_putChar) for SER_putChar
    display_engine.o(i.LCD_clear_sprite) refers to display_engine.o(i.LCD_draw_block) for LCD_draw_block
    display_engine.o(i.LCD_draw_block) refers to glcd.o(i.LCD_SetPoint) for LCD_SetPoint
    display_engine.o(i.LCD_draw_sprite) refers to display_engine.o(i.LCD_draw_block) for LCD_draw_block
    display_engine.o(i.check_sprite_visibility) refers to display_engine.o(.bss) for sprites
    display_engine.o(i.check_x_pos) refers to display_engine.o(.bss) for sprites
    display_engine.o(i.check_y_pos) refers to display_engine.o(.bss) for sprites
    display_engine.o(i.clear_sprite) refers to display_engine.o(i.LCD_clear_sprite) for LCD_clear_sprite
    display_engine.o(i.clear_sprite) refers to display_engine.o(.bss) for sprites
    display_engine.o(i.display_lives) refers to _printf_percent.o(.ARM.Collect$$_printf_percent$$00000000) for _printf_percent
    display_engine.o(i.display_lives) refers to _printf_d.o(.ARM.Collect$$_printf_percent$$00000009) for _printf_d
    display_engine.o(i.display_lives) refers to _printf_dec.o(.text) for _printf_int_dec
    display_engine.o(i.display_lives) refers to noretval__2sprintf.o(.text) for __2sprintf
    display_engine.o(i.display_lives) refers to glcd.o(i.LCD_PutText) for LCD_PutText
    display_engine.o(i.display_lives) refers to display_engine.o(.data) for lives
    display_engine.o(i.display_lives) refers to display_engine.o(.bss) for text
    display_engine.o(i.display_lose) refers to noretval__2sprintf.o(.text) for __2sprintf
    display_engine.o(i.display_lose) refers to glcd.o(i.LCD_PutText) for LCD_PutText
    display_engine.o(i.display_lose) refers to display_engine.o(.bss) for text
    display_engine.o(i.display_win) refers to noretval__2sprintf.o(.text) for __2sprintf
    display_engine.o(i.display_win) refers to glcd.o(i.LCD_PutText) for LCD_PutText
    display_engine.o(i.display_win) refers to display_engine.o(.bss) for text
    display_engine.o(i.initialize_body_part) refers to display_engine.o(.data) for sprite_counter
    display_engine.o(i.initialize_body_part) refers to display_engine.o(.bss) for sprites
    display_engine.o(i.initialize_display_engine) refers to glcd.o(i.LCD_Clear) for LCD_Clear
    display_engine.o(i.initialize_display_engine) refers to display_engine.o(i.initialize_head) for initialize_head
    display_engine.o(i.initialize_display_engine) refers to display_engine.o(i.check_y_pos) for check_y_pos
    display_engine.o(i.initialize_display_engine) refers to display_engine.o(i.check_x_pos) for check_x_pos
    display_engine.o(i.initialize_display_engine) refers to display_engine.o(i.initialize_body_part) for initialize_body_part
    display_engine.o(i.initialize_display_engine) refers to display_engine.o(i.initialize_mouse) for initialize_mouse
    display_engine.o(i.initialize_display_engine) refers to display_engine.o(i.initialize_trail) for initialize_trail
    display_engine.o(i.initialize_display_engine) refers to display_engine.o(.data) for sprite_counter
    display_engine.o(i.initialize_head) refers to display_engine.o(.data) for sprite_counter
    display_engine.o(i.initialize_head) refers to display_engine.o(.bss) for sprites
    display_engine.o(i.initialize_mouse) refers to display_engine.o(.data) for sprite_counter
    display_engine.o(i.initialize_mouse) refers to display_engine.o(.bss) for sprites
    display_engine.o(i.initialize_trail) refers to display_engine.o(.data) for sprite_counter
    display_engine.o(i.initialize_trail) refers to display_engine.o(.bss) for sprites
    display_engine.o(i.update_display) refers to display_engine.o(i.LCD_draw_sprite) for LCD_draw_sprite
    display_engine.o(i.update_display) refers to display_engine.o(i.LCD_clear_sprite) for LCD_clear_sprite
    display_engine.o(i.update_display) refers to display_engine.o(i.display_lives) for display_lives
    display_engine.o(i.update_display) refers to display_engine.o(.data) for sprite_counter
    display_engine.o(i.update_display) refers to display_engine.o(.bss) for sprites
    display_engine.o(i.update_sprite_palet) refers to display_engine.o(.bss) for sprites
    display_engine.o(i.update_sprite_position) refers to display_engine.o(.bss) for sprites
    display_engine.o(i.update_sprite_visibility) refers to display_engine.o(.bss) for sprites
    main.o(i.main) refers to _printf_percent.o(.ARM.Collect$$_printf_percent$$00000000) for _printf_percent
    main.o(i.main) refers to _printf_d.o(.ARM.Collect$$_printf_percent$$00000009) for _printf_d
    main.o(i.main) refers to _printf_dec.o(.text) for _printf_int_dec
    main.o(i.main) refers to system_lpc17xx.o(i.SystemInit) for SystemInit
    main.o(i.main) refers to serial.o(i.SER_init) for SER_init
    main.o(i.main) refers to timer.o(i.init_timer0) for init_timer0
    main.o(i.main) refers to sound.o(i.DACInit) for DACInit
    main.o(i.main) refers to glcd.o(i.LCD_Initialization) for LCD_Initialization
    main.o(i.main) refers to glcd.o(i.LCD_Clear) for LCD_Clear
    main.o(i.main) refers to glcd.o(i.LCD_PutText) for LCD_PutText
    main.o(i.main) refers to timer.o(i.enable_timer0) for enable_timer0
    main.o(i.main) refers to noretval__2sprintf.o(.text) for __2sprintf
    main.o(i.main) refers to serial.o(i.SER_getChar_nb) for SER_getChar_nb
    main.o(i.main) refers to rand.o(.text) for srand
    main.o(i.main) refers to director.o(i.start_game) for start_game
    main.o(i.main) refers to director.o(i.update_place_space) for update_place_space
    main.o(i.main) refers to main.o(.data) for timer0_counter
    main.o(i.main) refers to main.o(.bss) for lcd_text
    director.o(i.move_snake) refers to display_engine.o(i.check_x_pos) for check_x_pos
    director.o(i.move_snake) refers to display_engine.o(i.check_y_pos) for check_y_pos
    director.o(i.move_snake) refers to display_engine.o(i.update_sprite_position) for update_sprite_position
    director.o(i.move_snake) refers to sound.o(i.play_sound_2) for play_sound_2
    director.o(i.move_snake) refers to director.o(i.update_mouse) for update_mouse
    director.o(i.move_snake) refers to director.o(.data) for head_position_x
    director.o(i.move_snake) refers to main.o(.data) for direction
    director.o(i.move_snake) refers to display_engine.o(.data) for lives
    director.o(i.start_game) refers to display_engine.o(i.initialize_display_engine) for initialize_display_engine
    director.o(i.start_game) refers to display_engine.o(i.update_sprite_visibility) for update_sprite_visibility
    director.o(i.start_game) refers to rand.o(.emb_text) for rand
    director.o(i.start_game) refers to display_engine.o(i.update_sprite_position) for update_sprite_position
    director.o(i.start_game) refers to director.o(.data) for mice_ate_consecutively
    director.o(i.start_game) refers to display_engine.o(.data) for lives
    director.o(i.start_game) refers to main.o(.data) for direction
    director.o(i.update_mouse) refers to display_engine.o(i.check_x_pos) for check_x_pos
    director.o(i.update_mouse) refers to display_engine.o(i.check_y_pos) for check_y_pos
    director.o(i.update_mouse) refers to sound.o(i.play_sound) for play_sound
    director.o(i.update_mouse) refers to display_engine.o(i.update_sprite_visibility) for update_sprite_visibility
    director.o(i.update_mouse) refers to rand.o(.emb_text) for rand
    director.o(i.update_mouse) refers to display_engine.o(i.update_sprite_position) for update_sprite_position
    director.o(i.update_mouse) refers to director.o(.data) for head_position_x
    director.o(i.update_mouse) refers to display_engine.o(.data) for lives
    director.o(i.update_place_space) refers to display_engine.o(i.display_lose) for display_lose
    director.o(i.update_place_space) refers to display_engine.o(i.display_win) for display_win
    director.o(i.update_place_space) refers to director.o(i.move_snake) for move_snake
    director.o(i.update_place_space) refers to display_engine.o(i.update_display) for update_display
    director.o(i.update_place_space) refers to display_engine.o(.data) for lives
    timer.o(i.TIMER0_IRQHandler) refers to main.o(.data) for timer0_counter
    timer.o(i.TIMER0_IRQHandler) refers to timer.o(.data) for ticks
    timer.o(i.delay_as_10s_of_ms_timer0) refers to main.o(.data) for timer0_counter
    timer.o(i.init_timer0) refers to main.o(.data) for timer0_counter
    startup_lpc17xx.o(STACK) refers (Special) to heapauxi.o(.text) for __use_two_region_memory
    startup_lpc17xx.o(HEAP) refers (Special) to heapauxi.o(.text) for __use_two_region_memory
    startup_lpc17xx.o(RESET) refers (Special) to heapauxi.o(.text) for __use_two_region_memory
    startup_lpc17xx.o(RESET) refers to startup_lpc17xx.o(STACK) for __initial_sp
    startup_lpc17xx.o(RESET) refers to startup_lpc17xx.o(.text) for Reset_Handler
    startup_lpc17xx.o(RESET) refers to timer.o(i.TIMER0_IRQHandler) for TIMER0_IRQHandler
    startup_lpc17xx.o(.ARM.__at_0x02FC) refers (Special) to heapauxi.o(.text) for __use_two_region_memory
    startup_lpc17xx.o(.text) refers (Special) to heapauxi.o(.text) for __use_two_region_memory
    startup_lpc17xx.o(.text) refers to system_lpc17xx.o(i.SystemInit) for SystemInit
    startup_lpc17xx.o(.text) refers to __main.o(!!!main) for __main
    startup_lpc17xx.o(.text) refers to startup_lpc17xx.o(HEAP) for Heap_Mem
    startup_lpc17xx.o(.text) refers to startup_lpc17xx.o(STACK) for Stack_Mem
    system_lpc17xx.o(i.SystemCoreClockUpdate) refers to lludivv7m.o(.text) for __aeabi_uldivmod
    system_lpc17xx.o(i.SystemCoreClockUpdate) refers to system_lpc17xx.o(.data) for SystemCoreClock
    __2sprintf.o(.text) refers to _printf_char_common.o(.text) for _printf_char_common
    __2sprintf.o(.text) refers to _sputc.o(.text) for _sputc
    noretval__2sprintf.o(.text) refers to _printf_char_common.o(.text) for _printf_char_common
    noretval__2sprintf.o(.text) refers to _sputc.o(.text) for _sputc
    __printf.o(.text) refers to _printf_percent.o(.ARM.Collect$$_printf_percent$$00000000) for _printf_percent
    _printf_dec.o(.text) refers to _printf_intcommon.o(.text) for _printf_int_common
    __printf_flags.o(.text) refers to _printf_percent.o(.ARM.Collect$$_printf_percent$$00000000) for _printf_percent
    __printf_flags.o(.text) refers to __printf_flags.o(.constdata) for .constdata
    __printf_ss.o(.text) refers to _printf_percent.o(.ARM.Collect$$_printf_percent$$00000000) for _printf_percent
    __printf_flags_ss.o(.text) refers to _printf_percent.o(.ARM.Collect$$_printf_percent$$00000000) for _printf_percent
    __printf_flags_ss.o(.text) refers to __printf_flags_ss.o(.constdata) for .constdata
    __printf_wp.o(.text) refers to __printf_wp.o(i._is_digit) for _is_digit
    __printf_wp.o(.text) refers to _printf_percent.o(.ARM.Collect$$_printf_percent$$00000000) for _printf_percent
    __printf_flags_wp.o(.text) refers to __printf_wp.o(i._is_digit) for _is_digit
    __printf_flags_wp.o(.text) refers to _printf_percent.o(.ARM.Collect$$_printf_percent$$00000000) for _printf_percent
    __printf_flags_wp.o(.text) refers to __printf_flags_wp.o(.constdata) for .constdata
    __printf_ss_wp.o(.text) refers to __printf_wp.o(i._is_digit) for _is_digit
    __printf_ss_wp.o(.text) refers to _printf_percent.o(.ARM.Collect$$_printf_percent$$00000000) for _printf_percent
    __printf_flags_ss_wp.o(.text) refers to __printf_wp.o(i._is_digit) for _is_digit
    __printf_flags_ss_wp.o(.text) refers to _printf_percent.o(.ARM.Collect$$_printf_percent$$00000000) for _printf_percent
    __printf_flags_ss_wp.o(.text) refers to __printf_flags_ss_wp.o(.constdata) for .constdata
    _printf_d.o(.ARM.Collect$$_printf_percent$$00000009) refers (Weak) to _printf_dec.o(.text) for _printf_int_dec
    _printf_percent.o(.ARM.Collect$$_printf_percent$$00000000) refers (Special) to _printf_percent_end.o(.ARM.Collect$$_printf_percent$$00000017) for _printf_percent_end
    rand.o(.emb_text) refers (Special) to libinit2.o(.ARM.Collect$$libinit$$0000000D) for __rt_lib_init_rand_2
    rand.o(.emb_text) refers to rand.o(.text) for _rand_init
    rand.o(.emb_text) refers to rand.o(.bss) for _random_number_data
    rand.o(.text) refers (Special) to libinit2.o(.ARM.Collect$$libinit$$0000000D) for __rt_lib_init_rand_2
    rand.o(.text) refers to rand.o(.bss) for .bss
    rand.o(.bss) refers (Special) to libinit2.o(.ARM.Collect$$libinit$$0000000D) for __rt_lib_init_rand_2
    rt_memcpy_v6.o(.text) refers to rt_memcpy_w.o(.text) for __aeabi_memcpy4
    __main.o(!!!main) refers to __rtentry.o(.ARM.Collect$$rtentry$$00000000) for __rt_entry
    __rtentry.o(.ARM.Collect$$rtentry$$00000000) refers (Special) to __rtentry2.o(.ARM.Collect$$rtentry$$0000000A) for __rt_entry_li
    __rtentry.o(.ARM.Collect$$rtentry$$00000000) refers (Special) to __rtentry2.o(.ARM.Collect$$rtentry$$0000000D) for __rt_entry_main
    __rtentry.o(.ARM.Collect$$rtentry$$00000000) refers (Special) to __rtentry2.o(.ARM.Collect$$rtentry$$0000000C) for __rt_entry_postli_1
    __rtentry.o(.ARM.Collect$$rtentry$$00000000) refers (Special) to __rtentry2.o(.ARM.Collect$$rtentry$$00000009) for __rt_entry_postsh_1
    __rtentry.o(.ARM.Collect$$rtentry$$00000000) refers (Special) to __rtentry2.o(.ARM.Collect$$rtentry$$00000002) for __rt_entry_presh_1
    __rtentry.o(.ARM.Collect$$rtentry$$00000000) refers (Special) to __rtentry4.o(.ARM.Collect$$rtentry$$00000004) for __rt_entry_sh
    aeabi_ldiv0_sigfpe.o(.text) refers to rt_div0.o(.text) for __rt_div0
    _printf_char_common.o(.text) refers to __printf.o(.text) for __printf
    libinit2.o(.ARM.Collect$$libinit$$0000000D) refers (Weak) to rand.o(.text) for _rand_init
    libinit2.o(.ARM.Collect$$libinit$$00000010) refers to libinit2.o(.ARM.Collect$$libinit$$0000000F) for .ARM.Collect$$libinit$$0000000F
    libinit2.o(.ARM.Collect$$libinit$$00000012) refers to libinit2.o(.ARM.Collect$$libinit$$0000000F) for .ARM.Collect$$libinit$$0000000F
    libinit2.o(.ARM.Collect$$libinit$$00000014) refers to libinit2.o(.ARM.Collect$$libinit$$0000000F) for .ARM.Collect$$libinit$$0000000F
    libinit2.o(.ARM.Collect$$libinit$$00000016) refers to libinit2.o(.ARM.Collect$$libinit$$0000000F) for .ARM.Collect$$libinit$$0000000F
    libinit2.o(.ARM.Collect$$libinit$$00000018) refers to libinit2.o(.ARM.Collect$$libinit$$0000000F) for .ARM.Collect$$libinit$$0000000F
    libinit2.o(.ARM.Collect$$libinit$$00000026) refers to argv_veneer.o(.emb_text) for __ARM_argv_veneer
    libinit2.o(.ARM.Collect$$libinit$$00000027) refers to argv_veneer.o(.emb_text) for __ARM_argv_veneer
    __rtentry2.o(.ARM.Collect$$rtentry$$00000008) refers to boardinit2.o(.text) for _platform_post_stackheap_init
    __rtentry2.o(.ARM.Collect$$rtentry$$0000000A) refers to libinit.o(.ARM.Collect$$libinit$$00000000) for __rt_lib_init
    __rtentry2.o(.ARM.Collect$$rtentry$$0000000B) refers to boardinit3.o(.text) for _platform_post_lib_init
    __rtentry2.o(.ARM.Collect$$rtentry$$0000000D) refers to main.o(i.main) for main
    __rtentry2.o(.ARM.Collect$$rtentry$$0000000D) refers to exit.o(.text) for exit
    __rtentry2.o(.ARM.exidx) refers to __rtentry2.o(.ARM.Collect$$rtentry$$00000001) for .ARM.Collect$$rtentry$$00000001
    __rtentry2.o(.ARM.exidx) refers to __rtentry2.o(.ARM.Collect$$rtentry$$00000008) for .ARM.Collect$$rtentry$$00000008
    __rtentry2.o(.ARM.exidx) refers to __rtentry2.o(.ARM.Collect$$rtentry$$0000000A) for .ARM.Collect$$rtentry$$0000000A
    __rtentry2.o(.ARM.exidx) refers to __rtentry2.o(.ARM.Collect$$rtentry$$0000000B) for .ARM.Collect$$rtentry$$0000000B
    __rtentry2.o(.ARM.exidx) refers to __rtentry2.o(.ARM.Collect$$rtentry$$0000000D) for .ARM.Collect$$rtentry$$0000000D
    __rtentry4.o(.ARM.Collect$$rtentry$$00000004) refers to sys_stackheap_outer.o(.text) for __user_setup_stackheap
    __rtentry4.o(.ARM.exidx) refers to __rtentry4.o(.ARM.Collect$$rtentry$$00000004) for .ARM.Collect$$rtentry$$00000004
    rt_div0.o(.text) refers to defsig_fpe_outer.o(.text) for __rt_SIGFPE
    argv_veneer.o(.emb_text) refers to no_argv.o(.text) for __ARM_get_argv
    sys_stackheap_outer.o(.text) refers to libspace.o(.text) for __user_perproc_libspace
    sys_stackheap_outer.o(.text) refers to startup_lpc17xx.o(.text) for __user_initial_stackheap
    exit.o(.text) refers to rtexit.o(.ARM.Collect$$rtexit$$00000000) for __rt_exit
    defsig_fpe_outer.o(.text) refers to defsig_fpe_inner.o(.text) for __rt_SIGFPE_inner
    defsig_fpe_outer.o(.text) refers to defsig_exit.o(.text) for __sig_exit
    defsig_fpe_formal.o(.text) refers to rt_raise.o(.text) for __rt_raise
    _get_argv_nomalloc.o(.text) refers (Special) to hrguard.o(.text) for __heap_region$guard
    _get_argv_nomalloc.o(.text) refers to defsig_rtmem_outer.o(.text) for __rt_SIGRTMEM
    _get_argv_nomalloc.o(.text) refers to sys_command.o(.text) for _sys_command_string
    libinit.o(.ARM.Collect$$libinit$$00000000) refers (Special) to libinit2.o(.ARM.Collect$$libinit$$0000002E) for __rt_lib_init_alloca_1
    libinit.o(.ARM.Collect$$libinit$$00000000) refers (Special) to libinit2.o(.ARM.Collect$$libinit$$0000002C) for __rt_lib_init_argv_1
    libinit.o(.ARM.Collect$$libinit$$00000000) refers (Special) to libinit2.o(.ARM.Collect$$libinit$$0000001B) for __rt_lib_init_atexit_1
    libinit.o(.ARM.Collect$$libinit$$00000000) refers (Special) to libinit2.o(.ARM.Collect$$libinit$$00000021) for __rt_lib_init_clock_1
    libinit.o(.ARM.Collect$$libinit$$00000000) refers (Special) to libinit2.o(.ARM.Collect$$libinit$$00000032) for __rt_lib_init_cpp_1
    libinit.o(.ARM.Collect$$libinit$$00000000) refers (Special) to libinit2.o(.ARM.Collect$$libinit$$00000030) for __rt_lib_init_exceptions_1
    libinit.o(.ARM.Collect$$libinit$$00000000) refers (Special) to libinit2.o(.ARM.Collect$$libinit$$00000002) for __rt_lib_init_fp_1
    libinit.o(.ARM.Collect$$libinit$$00000000) refers (Special) to libinit2.o(.ARM.Collect$$libinit$$0000001F) for __rt_lib_init_fp_trap_1
    libinit.o(.ARM.Collect$$libinit$$00000000) refers (Special) to libinit2.o(.ARM.Collect$$libinit$$00000023) for __rt_lib_init_getenv_1
    libinit.o(.ARM.Collect$$libinit$$00000000) refers (Special) to libinit2.o(.ARM.Collect$$libinit$$0000000A) for __rt_lib_init_heap_1
    libinit.o(.ARM.Collect$$libinit$$00000000) refers (Special) to libinit2.o(.ARM.Collect$$libinit$$00000011) for __rt_lib_init_lc_collate_1
    libinit.o(.ARM.Collect$$libinit$$00000000) refers (Special) to libinit2.o(.ARM.Collect$$libinit$$00000013) for __rt_lib_init_lc_ctype_1
    libinit.o(.ARM.Collect$$libinit$$00000000) refers (Special) to libinit2.o(.ARM.Collect$$libinit$$00000015) for __rt_lib_init_lc_monetary_1
    libinit.o(.ARM.Collect$$libinit$$00000000) refers (Special) to libinit2.o(.ARM.Collect$$libinit$$00000017) for __rt_lib_init_lc_numeric_1
    libinit.o(.ARM.Collect$$libinit$$00000000) refers (Special) to libinit2.o(.ARM.Collect$$libinit$$00000019) for __rt_lib_init_lc_time_1
    libinit.o(.ARM.Collect$$libinit$$00000000) refers (Special) to libinit2.o(.ARM.Collect$$libinit$$00000004) for __rt_lib_init_preinit_1
    libinit.o(.ARM.Collect$$libinit$$00000000) refers (Special) to libinit2.o(.ARM.Collect$$libinit$$0000000E) for __rt_lib_init_rand_1
    libinit.o(.ARM.Collect$$libinit$$00000000) refers (Special) to libinit2.o(.ARM.Collect$$libinit$$00000033) for __rt_lib_init_return
    libinit.o(.ARM.Collect$$libinit$$00000000) refers (Special) to libinit2.o(.ARM.Collect$$libinit$$0000001D) for __rt_lib_init_signal_1
    libinit.o(.ARM.Collect$$libinit$$00000000) refers (Special) to libinit2.o(.ARM.Collect$$libinit$$00000025) for __rt_lib_init_stdio_1
    libinit.o(.ARM.Collect$$libinit$$00000000) refers (Special) to libinit2.o(.ARM.Collect$$libinit$$0000000C) for __rt_lib_init_user_alloc_1
    sys_command.o(.text) refers (Special) to use_no_semi.o(.text) for __I$use$semihosting
    sys_command.o(.text) refers (Special) to indicate_semi.o(.text) for __semihosting_library_function
    libspace.o(.text) refers to libspace.o(.bss) for __libspace_start
    rtexit.o(.ARM.Collect$$rtexit$$00000000) refers (Special) to rtexit2.o(.ARM.Collect$$rtexit$$00000004) for __rt_exit_exit
    rtexit.o(.ARM.Collect$$rtexit$$00000000) refers (Special) to rtexit2.o(.ARM.Collect$$rtexit$$00000003) for __rt_exit_ls
    rtexit.o(.ARM.Collect$$rtexit$$00000000) refers (Special) to rtexit2.o(.ARM.Collect$$rtexit$$00000002) for __rt_exit_prels_1
    rtexit.o(.ARM.exidx) refers (Special) to rtexit2.o(.ARM.Collect$$rtexit$$00000004) for __rt_exit_exit
    rtexit.o(.ARM.exidx) refers (Special) to rtexit2.o(.ARM.Collect$$rtexit$$00000003) for __rt_exit_ls
    rtexit.o(.ARM.exidx) refers (Special) to rtexit2.o(.ARM.Collect$$rtexit$$00000002) for __rt_exit_prels_1
    rtexit.o(.ARM.exidx) refers to rtexit.o(.ARM.Collect$$rtexit$$00000000) for .ARM.Collect$$rtexit$$00000000
    rt_raise.o(.text) refers to __raise.o(.text) for __raise
    rt_raise.o(.text) refers to retarget.o(i._sys_exit) for _sys_exit
    defsig_exit.o(.text) refers to retarget.o(i._sys_exit) for _sys_exit
    defsig_fpe_inner.o(.text) refers to defsig_general.o(.text) for __default_signal_display
    defsig_rtmem_outer.o(.text) refers to defsig_rtmem_inner.o(.text) for __rt_SIGRTMEM_inner
    defsig_rtmem_outer.o(.text) refers to defsig_exit.o(.text) for __sig_exit
    defsig_rtmem_formal.o(.text) refers to rt_raise.o(.text) for __rt_raise
    rtexit2.o(.ARM.Collect$$rtexit$$00000003) refers to libshutdown.o(.ARM.Collect$$libshutdown$$00000000) for __rt_lib_shutdown
    rtexit2.o(.ARM.Collect$$rtexit$$00000004) refers to retarget.o(i._sys_exit) for _sys_exit
    rtexit2.o(.ARM.exidx) refers to rtexit2.o(.ARM.Collect$$rtexit$$00000001) for .ARM.Collect$$rtexit$$00000001
    rtexit2.o(.ARM.exidx) refers to rtexit2.o(.ARM.Collect$$rtexit$$00000003) for .ARM.Collect$$rtexit$$00000003
    rtexit2.o(.ARM.exidx) refers to rtexit2.o(.ARM.Collect$$rtexit$$00000004) for .ARM.Collect$$rtexit$$00000004
    __raise.o(.text) refers to defsig.o(CL$$defsig) for __default_signal_handler
    defsig_general.o(.text) refers to retarget.o(i._ttywrch) for _ttywrch
    defsig_rtmem_inner.o(.text) refers to defsig_general.o(.text) for __default_signal_display
    defsig.o(CL$$defsig) refers to defsig_fpe_inner.o(.text) for __rt_SIGFPE_inner
    defsig.o(CL$$defsig) refers to defsig_rtmem_inner.o(.text) for __rt_SIGRTMEM_inner
    libshutdown.o(.ARM.Collect$$libshutdown$$00000000) refers (Special) to libshutdown2.o(.ARM.Collect$$libshutdown$$00000004) for __rt_lib_shutdown_cpp_1
    libshutdown.o(.ARM.Collect$$libshutdown$$00000000) refers (Special) to libshutdown2.o(.ARM.Collect$$libshutdown$$00000002) for __rt_lib_shutdown_fini_1
    libshutdown.o(.ARM.Collect$$libshutdown$$00000000) refers (Special) to libshutdown2.o(.ARM.Collect$$libshutdown$$00000009) for __rt_lib_shutdown_fp_trap_1
    libshutdown.o(.ARM.Collect$$libshutdown$$00000000) refers (Special) to libshutdown2.o(.ARM.Collect$$libshutdown$$00000011) for __rt_lib_shutdown_heap_1
    libshutdown.o(.ARM.Collect$$libshutdown$$00000000) refers (Special) to libshutdown2.o(.ARM.Collect$$libshutdown$$00000012) for __rt_lib_shutdown_return
    libshutdown.o(.ARM.Collect$$libshutdown$$00000000) refers (Special) to libshutdown2.o(.ARM.Collect$$libshutdown$$0000000C) for __rt_lib_shutdown_signal_1
    libshutdown.o(.ARM.Collect$$libshutdown$$00000000) refers (Special) to libshutdown2.o(.ARM.Collect$$libshutdown$$00000006) for __rt_lib_shutdown_stdio_1
    libshutdown.o(.ARM.Collect$$libshutdown$$00000000) refers (Special) to libshutdown2.o(.ARM.Collect$$libshutdown$$0000000E) for __rt_lib_shutdown_user_alloc_1
    defsig_abrt_inner.o(.text) refers to defsig_general.o(.text) for __default_signal_display
    defsig_rtred_inner.o(.text) refers to defsig_general.o(.text) for __default_signal_display
    defsig_stak_inner.o(.text) refers to defsig_general.o(.text) for __default_signal_display
    defsig_pvfn_inner.o(.text) refers to defsig_general.o(.text) for __default_signal_display
    defsig_cppl_inner.o(.text) refers to defsig_general.o(.text) for __default_signal_display
    defsig_segv_inner.o(.text) refers to defsig_general.o(.text) for __default_signal_display
    defsig_other.o(.text) refers to defsig_general.o(.text) for __default_signal_display


==============================================================================

Removing Unused input sections from the image.

    Removing glcd.o(.rev16_text), (4 bytes).
    Removing glcd.o(.revsh_text), (4 bytes).
    Removing glcd.o(.rrx_text), (6 bytes).
    Removing glcd.o(i.LCD_BGR2RGB), (26 bytes).
    Removing glcd.o(i.LCD_DrawBargraph), (82 bytes).
    Removing glcd.o(i.LCD_DrawLine), (250 bytes).
    Removing glcd.o(i.LCD_GetPoint), (992 bytes).
    Removing glcd.o(i.LCD_draw_circle), (190 bytes).
    Removing glcd.o(i.LCD_draw_circle_full), (2 bytes).
    Removing glcd.o(i.LCD_draw_line), (146 bytes).
    Removing glcd.o(i.LCD_draw_smiley_face), (2 bytes).
    Removing retarget.o(i._ttywrch), (12 bytes).
    Removing retarget.o(i.ferror), (8 bytes).
    Removing retarget.o(i.fgetc), (10 bytes).
    Removing retarget.o(i.fputc), (14 bytes).
    Removing retarget.o(i.getkey), (10 bytes).
    Removing retarget.o(i.sendchar), (28 bytes).
    Removing retarget.o(.data), (8 bytes).
    Removing serial.o(.rev16_text), (4 bytes).
    Removing serial.o(.revsh_text), (4 bytes).
    Removing serial.o(.rrx_text), (6 bytes).
    Removing serial.o(i.SER_getChar), (36 bytes).
    Removing serial.o(i.SER_putChar), (40 bytes).
    Removing serial.o(i.SER_putString), (26 bytes).
    Removing display_engine.o(.rev16_text), (4 bytes).
    Removing display_engine.o(.revsh_text), (4 bytes).
    Removing display_engine.o(.rrx_text), (6 bytes).
    Removing display_engine.o(i.check_sprite_visibility), (24 bytes).
    Removing display_engine.o(i.clear_sprite), (28 bytes).
    Removing display_engine.o(i.update_sprite_palet), (44 bytes).
    Removing main.o(.rev16_text), (4 bytes).
    Removing main.o(.revsh_text), (4 bytes).
    Removing main.o(.rrx_text), (6 bytes).
    Removing director.o(.rev16_text), (4 bytes).
    Removing director.o(.revsh_text), (4 bytes).
    Removing director.o(.rrx_text), (6 bytes).
    Removing timer.o(.rev16_text), (4 bytes).
    Removing timer.o(.revsh_text), (4 bytes).
    Removing timer.o(.rrx_text), (6 bytes).
    Removing timer.o(i.delay_as_10s_of_ms_timer0), (28 bytes).
    Removing timer.o(i.disable_timer0), (10 bytes).
    Removing timer.o(i.reset_timer0), (14 bytes).
    Removing sound.o(.rev16_text), (4 bytes).
    Removing sound.o(.revsh_text), (4 bytes).
    Removing sound.o(.rrx_text), (6 bytes).
    Removing sound.o(i.beep), (28 bytes).
    Removing gpio_lpc17xx.o(.rev16_text), (4 bytes).
    Removing gpio_lpc17xx.o(.revsh_text), (4 bytes).
    Removing gpio_lpc17xx.o(.rrx_text), (6 bytes).
    Removing gpio_lpc17xx.o(i.GPIO_PinRead), (32 bytes).
    Removing gpio_lpc17xx.o(i.GPIO_PinWrite), (40 bytes).
    Removing gpio_lpc17xx.o(i.GPIO_PortClock), (44 bytes).
    Removing gpio_lpc17xx.o(i.GPIO_PortRead), (20 bytes).
    Removing gpio_lpc17xx.o(i.GPIO_PortWrite), (32 bytes).
    Removing gpio_lpc17xx.o(i.GPIO_SetDir), (56 bytes).
    Removing system_lpc17xx.o(.rev16_text), (4 bytes).
    Removing system_lpc17xx.o(.revsh_text), (4 bytes).
    Removing system_lpc17xx.o(.rrx_text), (6 bytes).
    Removing system_lpc17xx.o(i.SystemCoreClockUpdate), (424 bytes).

59 unused section(s) (total 2832 bytes) removed from the image.

==============================================================================

Image Symbol Table

    Local Symbols

    Symbol Name                              Value     Ov Type        Size  Object(Section)

    RESET                                    0x00000000   Section      204  startup_lpc17xx.o(RESET)
    ../clib/angel/boardlib.s                 0x00000000   Number         0  boardinit1.o ABSOLUTE
    ../clib/angel/boardlib.s                 0x00000000   Number         0  boardinit2.o ABSOLUTE
    ../clib/angel/boardlib.s                 0x00000000   Number         0  boardinit3.o ABSOLUTE
    ../clib/angel/boardlib.s                 0x00000000   Number         0  boardshut.o ABSOLUTE
    ../clib/angel/handlers.s                 0x00000000   Number         0  __scatter_zi.o ABSOLUTE
    ../clib/angel/handlers.s                 0x00000000   Number         0  __scatter_copy.o ABSOLUTE
    ../clib/angel/kernel.s                   0x00000000   Number         0  rtexit.o ABSOLUTE
    ../clib/angel/kernel.s                   0x00000000   Number         0  rtexit2.o ABSOLUTE
    ../clib/angel/kernel.s                   0x00000000   Number         0  __rtentry2.o ABSOLUTE
    ../clib/angel/kernel.s                   0x00000000   Number         0  __rtentry4.o ABSOLUTE
    ../clib/angel/kernel.s                   0x00000000   Number         0  __rtentry.o ABSOLUTE
    ../clib/angel/rt.s                       0x00000000   Number         0  aeabi_ldiv0.o ABSOLUTE
    ../clib/angel/rt.s                       0x00000000   Number         0  aeabi_ldiv0_sigfpe.o ABSOLUTE
    ../clib/angel/rt.s                       0x00000000   Number         0  rt_raise.o ABSOLUTE
    ../clib/angel/rt.s                       0x00000000   Number         0  rt_div0.o ABSOLUTE
    ../clib/angel/scatter.s                  0x00000000   Number         0  __scatter.o ABSOLUTE
    ../clib/angel/startup.s                  0x00000000   Number         0  __main.o ABSOLUTE
    ../clib/angel/sys.s                      0x00000000   Number         0  libspace.o ABSOLUTE
    ../clib/angel/sys.s                      0x00000000   Number         0  indicate_semi.o ABSOLUTE
    ../clib/angel/sys.s                      0x00000000   Number         0  sys_stackheap_outer.o ABSOLUTE
    ../clib/angel/sys.s                      0x00000000   Number         0  use_no_semi.o ABSOLUTE
    ../clib/angel/sysapp.c                   0x00000000   Number         0  sys_command.o ABSOLUTE
    ../clib/armsys.c                         0x00000000   Number         0  no_argv.o ABSOLUTE
    ../clib/armsys.c                         0x00000000   Number         0  argv_veneer.o ABSOLUTE
    ../clib/armsys.c                         0x00000000   Number         0  argv_veneer.o ABSOLUTE
    ../clib/armsys.c                         0x00000000   Number         0  _get_argv_nomalloc.o ABSOLUTE
    ../clib/heapalloc.c                      0x00000000   Number         0  hrguard.o ABSOLUTE
    ../clib/heapaux.c                        0x00000000   Number         0  heapauxi.o ABSOLUTE
    ../clib/libinit.s                        0x00000000   Number         0  libshutdown.o ABSOLUTE
    ../clib/libinit.s                        0x00000000   Number         0  libinit2.o ABSOLUTE
    ../clib/libinit.s                        0x00000000   Number         0  libinit.o ABSOLUTE
    ../clib/libinit.s                        0x00000000   Number         0  libshutdown2.o ABSOLUTE
    ../clib/longlong.s                       0x00000000   Number         0  lludivv7m.o ABSOLUTE
    ../clib/memcpset.s                       0x00000000   Number         0  rt_memcpy_v6.o ABSOLUTE
    ../clib/memcpset.s                       0x00000000   Number         0  rt_memcpy_w.o ABSOLUTE
    ../clib/printf.c                         0x00000000   Number         0  __printf_flags_wp.o ABSOLUTE
    ../clib/printf.c                         0x00000000   Number         0  __printf_ss_wp.o ABSOLUTE
    ../clib/printf.c                         0x00000000   Number         0  __printf_flags_ss_wp.o ABSOLUTE
    ../clib/printf.c                         0x00000000   Number         0  _printf_intcommon.o ABSOLUTE
    ../clib/printf.c                         0x00000000   Number         0  _printf_char_common.o ABSOLUTE
    ../clib/printf.c                         0x00000000   Number         0  __2sprintf.o ABSOLUTE
    ../clib/printf.c                         0x00000000   Number         0  noretval__2sprintf.o ABSOLUTE
    ../clib/printf.c                         0x00000000   Number         0  __printf.o ABSOLUTE
    ../clib/printf.c                         0x00000000   Number         0  _sputc.o ABSOLUTE
    ../clib/printf.c                         0x00000000   Number         0  _printf_dec.o ABSOLUTE
    ../clib/printf.c                         0x00000000   Number         0  __printf_nopercent.o ABSOLUTE
    ../clib/printf.c                         0x00000000   Number         0  __printf_flags.o ABSOLUTE
    ../clib/printf.c                         0x00000000   Number         0  __printf_ss.o ABSOLUTE
    ../clib/printf.c                         0x00000000   Number         0  __printf_flags_ss.o ABSOLUTE
    ../clib/printf.c                         0x00000000   Number         0  __printf_wp.o ABSOLUTE
    ../clib/printf_percent.s                 0x00000000   Number         0  _printf_percent_end.o ABSOLUTE
    ../clib/printf_percent.s                 0x00000000   Number         0  _printf_percent.o ABSOLUTE
    ../clib/printf_percent.s                 0x00000000   Number         0  _printf_d.o ABSOLUTE
    ../clib/signal.c                         0x00000000   Number         0  defsig_fpe_inner.o ABSOLUTE
    ../clib/signal.c                         0x00000000   Number         0  defsig_fpe_formal.o ABSOLUTE
    ../clib/signal.c                         0x00000000   Number         0  defsig_fpe_outer.o ABSOLUTE
    ../clib/signal.c                         0x00000000   Number         0  defsig_rtred_inner.o ABSOLUTE
    ../clib/signal.c                         0x00000000   Number         0  defsig_other.o ABSOLUTE
    ../clib/signal.c                         0x00000000   Number         0  defsig_segv_inner.o ABSOLUTE
    ../clib/signal.c                         0x00000000   Number         0  defsig_cppl_inner.o ABSOLUTE
    ../clib/signal.c                         0x00000000   Number         0  defsig_pvfn_inner.o ABSOLUTE
    ../clib/signal.c                         0x00000000   Number         0  defsig_stak_inner.o ABSOLUTE
    ../clib/signal.c                         0x00000000   Number         0  defsig_abrt_inner.o ABSOLUTE
    ../clib/signal.c                         0x00000000   Number         0  defsig_rtmem_inner.o ABSOLUTE
    ../clib/signal.c                         0x00000000   Number         0  defsig_general.o ABSOLUTE
    ../clib/signal.c                         0x00000000   Number         0  __raise.o ABSOLUTE
    ../clib/signal.c                         0x00000000   Number         0  defsig_rtmem_formal.o ABSOLUTE
    ../clib/signal.c                         0x00000000   Number         0  defsig_rtmem_outer.o ABSOLUTE
    ../clib/signal.c                         0x00000000   Number         0  defsig_exit.o ABSOLUTE
    ../clib/signal.s                         0x00000000   Number         0  defsig.o ABSOLUTE
    ../clib/stdlib.c                         0x00000000   Number         0  rand.o ABSOLUTE
    ../clib/stdlib.c                         0x00000000   Number         0  exit.o ABSOLUTE
    ../clib/stdlib.c                         0x00000000   Number         0  rand.o ABSOLUTE
    ../fplib/fpinit.s                        0x00000000   Number         0  fpinit.o ABSOLUTE
    ..\Source_Code\AsciiLib.c                0x00000000   Number         0  asciilib.o ABSOLUTE
    ..\Source_Code\GLCD.c                    0x00000000   Number         0  glcd.o ABSOLUTE
    ..\Source_Code\Retarget.c                0x00000000   Number         0  retarget.o ABSOLUTE
    ..\Source_Code\Serial.c                  0x00000000   Number         0  serial.o ABSOLUTE
    ..\\Source_Code\\GLCD.c                  0x00000000   Number         0  glcd.o ABSOLUTE
    ..\\Source_Code\\Serial.c                0x00000000   Number         0  serial.o ABSOLUTE
    ..\\source_code\\director.c              0x00000000   Number         0  director.o ABSOLUTE
    ..\\source_code\\display_engine.c        0x00000000   Number         0  display_engine.o ABSOLUTE
    ..\\source_code\\main.c                  0x00000000   Number         0  main.o ABSOLUTE
    ..\\source_code\\sound.c                 0x00000000   Number         0  sound.o ABSOLUTE
    ..\\source_code\\timer.c                 0x00000000   Number         0  timer.o ABSOLUTE
    ..\source_code\director.c                0x00000000   Number         0  director.o ABSOLUTE
    ..\source_code\display_engine.c          0x00000000   Number         0  display_engine.o ABSOLUTE
    ..\source_code\main.c                    0x00000000   Number         0  main.o ABSOLUTE
    ..\source_code\sound.c                   0x00000000   Number         0  sound.o ABSOLUTE
    ..\source_code\timer.c                   0x00000000   Number         0  timer.o ABSOLUTE
    C:\Users\Kassie\AppData\Local\Arm\Packs\Keil\LPC1700_DFP\2.7.0\RTE_Driver\GPIO_LPC17xx.c 0x00000000   Number         0  gpio_lpc17xx.o ABSOLUTE
    C:\\Users\\Kassie\\AppData\\Local\\Arm\\Packs\\Keil\\LPC1700_DFP\\2.7.0\\RTE_Driver\\GPIO_LPC17xx.c 0x00000000   Number         0  gpio_lpc17xx.o ABSOLUTE
    RTE\Device\LPC1768\startup_LPC17xx.s     0x00000000   Number         0  startup_lpc17xx.o ABSOLUTE
    RTE\Device\LPC1768\system_LPC17xx.c      0x00000000   Number         0  system_lpc17xx.o ABSOLUTE
    RTE\\Device\\LPC1768\\system_LPC17xx.c   0x00000000   Number         0  system_lpc17xx.o ABSOLUTE
    dc.s                                     0x00000000   Number         0  dc.o ABSOLUTE
    !!!main                                  0x000000cc   Section        8  __main.o(!!!main)
    !!!scatter                               0x000000d4   Section       52  __scatter.o(!!!scatter)
    !!handler_copy                           0x00000108   Section       26  __scatter_copy.o(!!handler_copy)
    !!handler_zi                             0x00000124   Section       28  __scatter_zi.o(!!handler_zi)
    .ARM.Collect$$_printf_percent$$00000000  0x00000140   Section        0  _printf_percent.o(.ARM.Collect$$_printf_percent$$00000000)
    .ARM.Collect$$_printf_percent$$00000009  0x00000140   Section        6  _printf_d.o(.ARM.Collect$$_printf_percent$$00000009)
    .ARM.Collect$$_printf_percent$$00000017  0x00000146   Section        4  _printf_percent_end.o(.ARM.Collect$$_printf_percent$$00000017)
    .ARM.Collect$$libinit$$00000000          0x0000014a   Section        2  libinit.o(.ARM.Collect$$libinit$$00000000)
    .ARM.Collect$$libinit$$00000002          0x0000014c   Section        0  libinit2.o(.ARM.Collect$$libinit$$00000002)
    .ARM.Collect$$libinit$$00000004          0x0000014c   Section        0  libinit2.o(.ARM.Collect$$libinit$$00000004)
    .ARM.Collect$$libinit$$0000000A          0x0000014c   Section        0  libinit2.o(.ARM.Collect$$libinit$$0000000A)
    .ARM.Collect$$libinit$$0000000C          0x0000014c   Section        0  libinit2.o(.ARM.Collect$$libinit$$0000000C)
    .ARM.Collect$$libinit$$0000000D          0x0000014c   Section        4  libinit2.o(.ARM.Collect$$libinit$$0000000D)
    .ARM.Collect$$libinit$$0000000E          0x00000150   Section        0  libinit2.o(.ARM.Collect$$libinit$$0000000E)
    .ARM.Collect$$libinit$$00000011          0x00000150   Section        0  libinit2.o(.ARM.Collect$$libinit$$00000011)
    .ARM.Collect$$libinit$$00000013          0x00000150   Section        0  libinit2.o(.ARM.Collect$$libinit$$00000013)
    .ARM.Collect$$libinit$$00000015          0x00000150   Section        0  libinit2.o(.ARM.Collect$$libinit$$00000015)
    .ARM.Collect$$libinit$$00000017          0x00000150   Section        0  libinit2.o(.ARM.Collect$$libinit$$00000017)
    .ARM.Collect$$libinit$$00000019          0x00000150   Section        0  libinit2.o(.ARM.Collect$$libinit$$00000019)
    .ARM.Collect$$libinit$$0000001B          0x00000150   Section        0  libinit2.o(.ARM.Collect$$libinit$$0000001B)
    .ARM.Collect$$libinit$$0000001D          0x00000150   Section        0  libinit2.o(.ARM.Collect$$libinit$$0000001D)
    .ARM.Collect$$libinit$$0000001F          0x00000150   Section        0  libinit2.o(.ARM.Collect$$libinit$$0000001F)
    .ARM.Collect$$libinit$$00000021          0x00000150   Section        0  libinit2.o(.ARM.Collect$$libinit$$00000021)
    .ARM.Collect$$libinit$$00000023          0x00000150   Section        0  libinit2.o(.ARM.Collect$$libinit$$00000023)
    .ARM.Collect$$libinit$$00000025          0x00000150   Section        0  libinit2.o(.ARM.Collect$$libinit$$00000025)
    .ARM.Collect$$libinit$$0000002C          0x00000150   Section        0  libinit2.o(.ARM.Collect$$libinit$$0000002C)
    .ARM.Collect$$libinit$$0000002E          0x00000150   Section        0  libinit2.o(.ARM.Collect$$libinit$$0000002E)
    .ARM.Collect$$libinit$$00000030          0x00000150   Section        0  libinit2.o(.ARM.Collect$$libinit$$00000030)
    .ARM.Collect$$libinit$$00000032          0x00000150   Section        0  libinit2.o(.ARM.Collect$$libinit$$00000032)
    .ARM.Collect$$libinit$$00000033          0x00000150   Section        2  libinit2.o(.ARM.Collect$$libinit$$00000033)
    .ARM.Collect$$libshutdown$$00000000      0x00000152   Section        2  libshutdown.o(.ARM.Collect$$libshutdown$$00000000)
    .ARM.Collect$$libshutdown$$00000002      0x00000154   Section        0  libshutdown2.o(.ARM.Collect$$libshutdown$$00000002)
    .ARM.Collect$$libshutdown$$00000004      0x00000154   Section        0  libshutdown2.o(.ARM.Collect$$libshutdown$$00000004)
    .ARM.Collect$$libshutdown$$00000006      0x00000154   Section        0  libshutdown2.o(.ARM.Collect$$libshutdown$$00000006)
    .ARM.Collect$$libshutdown$$00000009      0x00000154   Section        0  libshutdown2.o(.ARM.Collect$$libshutdown$$00000009)
    .ARM.Collect$$libshutdown$$0000000C      0x00000154   Section        0  libshutdown2.o(.ARM.Collect$$libshutdown$$0000000C)
    .ARM.Collect$$libshutdown$$0000000E      0x00000154   Section        0  libshutdown2.o(.ARM.Collect$$libshutdown$$0000000E)
    .ARM.Collect$$libshutdown$$00000011      0x00000154   Section        0  libshutdown2.o(.ARM.Collect$$libshutdown$$00000011)
    .ARM.Collect$$libshutdown$$00000012      0x00000154   Section        2  libshutdown2.o(.ARM.Collect$$libshutdown$$00000012)
    .ARM.Collect$$rtentry$$00000000          0x00000156   Section        0  __rtentry.o(.ARM.Collect$$rtentry$$00000000)
    .ARM.Collect$$rtentry$$00000002          0x00000156   Section        0  __rtentry2.o(.ARM.Collect$$rtentry$$00000002)
    .ARM.Collect$$rtentry$$00000004          0x00000156   Section        6  __rtentry4.o(.ARM.Collect$$rtentry$$00000004)
    .ARM.Collect$$rtentry$$00000009          0x0000015c   Section        0  __rtentry2.o(.ARM.Collect$$rtentry$$00000009)
    .ARM.Collect$$rtentry$$0000000A          0x0000015c   Section        4  __rtentry2.o(.ARM.Collect$$rtentry$$0000000A)
    .ARM.Collect$$rtentry$$0000000C          0x00000160   Section        0  __rtentry2.o(.ARM.Collect$$rtentry$$0000000C)
    .ARM.Collect$$rtentry$$0000000D          0x00000160   Section        8  __rtentry2.o(.ARM.Collect$$rtentry$$0000000D)
    .ARM.Collect$$rtexit$$00000000           0x00000168   Section        2  rtexit.o(.ARM.Collect$$rtexit$$00000000)
    .ARM.Collect$$rtexit$$00000002           0x0000016a   Section        0  rtexit2.o(.ARM.Collect$$rtexit$$00000002)
    .ARM.Collect$$rtexit$$00000003           0x0000016a   Section        4  rtexit2.o(.ARM.Collect$$rtexit$$00000003)
    .ARM.Collect$$rtexit$$00000004           0x0000016e   Section        6  rtexit2.o(.ARM.Collect$$rtexit$$00000004)
    .emb_text                                0x00000174   Section       52  rand.o(.emb_text)
    .text                                    0x000001a8   Section       60  startup_lpc17xx.o(.text)
    .text                                    0x000001e4   Section        2  use_no_semi.o(.text)
    .text                                    0x000001e8   Section        0  noretval__2sprintf.o(.text)
    .text                                    0x00000210   Section        0  __printf.o(.text)
    .text                                    0x00000278   Section        0  _printf_dec.o(.text)
    .text                                    0x000002f0   Section        0  heapauxi.o(.text)
    i._sys_exit                              0x000002f6   Section        0  retarget.o(i._sys_exit)
    .ARM.__at_0x02FC                         0x000002fc   Section        4  startup_lpc17xx.o(.ARM.__at_0x02FC)
    .text                                    0x00000300   Section        0  rand.o(.text)
    .text                                    0x0000033c   Section      138  rt_memcpy_v6.o(.text)
    .text                                    0x000003c6   Section        0  _printf_intcommon.o(.text)
    .text                                    0x00000478   Section        0  _printf_char_common.o(.text)
    _printf_input_char                       0x00000479   Thumb Code    10  _printf_char_common.o(.text)
    .text                                    0x000004a8   Section        0  _sputc.o(.text)
    .text                                    0x000004b2   Section      100  rt_memcpy_w.o(.text)
    .text                                    0x00000516   Section       74  sys_stackheap_outer.o(.text)
    .text                                    0x00000560   Section        0  exit.o(.text)
    .text                                    0x00000574   Section        8  libspace.o(.text)
    i.DACInit                                0x0000057c   Section        0  sound.o(i.DACInit)
    i.GetASCIICode                           0x00000598   Section        0  asciilib.o(i.GetASCIICode)
    i.LCD_Clear                              0x000005b8   Section        0  glcd.o(i.LCD_Clear)
    i.LCD_Configuration                      0x00000ba8   Section        0  glcd.o(i.LCD_Configuration)
    LCD_Configuration                        0x00000ba9   Thumb Code    20  glcd.o(i.LCD_Configuration)
    i.LCD_Initialization                     0x00000bc0   Section        0  glcd.o(i.LCD_Initialization)
    i.LCD_PutChar                            0x00002f7c   Section        0  glcd.o(i.LCD_PutChar)
    i.LCD_PutText                            0x00002fe0   Section        0  glcd.o(i.LCD_PutText)
    i.LCD_SetCursor                          0x00003030   Section        0  glcd.o(i.LCD_SetCursor)
    LCD_SetCursor                            0x00003031   Thumb Code  1414  glcd.o(i.LCD_SetCursor)
    i.LCD_SetPoint                           0x000035bc   Section        0  glcd.o(i.LCD_SetPoint)
    i.LCD_clear_sprite                       0x00003690   Section        0  display_engine.o(i.LCD_clear_sprite)
    i.LCD_draw_block                         0x000036d0   Section        0  display_engine.o(i.LCD_draw_block)
    i.LCD_draw_sprite                        0x00003704   Section        0  display_engine.o(i.LCD_draw_sprite)
    i.SER_getChar_nb                         0x0000377c   Section        0  serial.o(i.SER_getChar_nb)
    i.SER_init                               0x000037a0   Section        0  serial.o(i.SER_init)
    i.SystemInit                             0x00003860   Section        0  system_lpc17xx.o(i.SystemInit)
    i.TIMER0_IRQHandler                      0x000039a0   Section        0  timer.o(i.TIMER0_IRQHandler)
    i.check_x_pos                            0x00003a04   Section        0  display_engine.o(i.check_x_pos)
    i.check_y_pos                            0x00003a1c   Section        0  display_engine.o(i.check_y_pos)
    i.delay_ms                               0x00003a34   Section        0  glcd.o(i.delay_ms)
    delay_ms                                 0x00003a35   Thumb Code    30  glcd.o(i.delay_ms)
    i.display_lives                          0x00003a54   Section        0  display_engine.o(i.display_lives)
    i.display_lose                           0x00003a8c   Section        0  display_engine.o(i.display_lose)
    i.display_win                            0x00003abc   Section        0  display_engine.o(i.display_win)
    i.enable_timer0                          0x00003aec   Section        0  timer.o(i.enable_timer0)
    i.init_timer0                            0x00003af8   Section        0  timer.o(i.init_timer0)
    i.initialize_body_part                   0x00003ba0   Section        0  display_engine.o(i.initialize_body_part)
    i.initialize_display_engine              0x00003cd8   Section        0  display_engine.o(i.initialize_display_engine)
    i.initialize_head                        0x00003d4c   Section        0  display_engine.o(i.initialize_head)
    i.initialize_mouse                       0x00003e84   Section        0  display_engine.o(i.initialize_mouse)
    i.initialize_trail                       0x00003fbc   Section        0  display_engine.o(i.initialize_trail)
    i.main                                   0x000040ec   Section        0  main.o(i.main)
    i.move_snake                             0x000041ec   Section        0  director.o(i.move_snake)
    i.play_sound                             0x0000434c   Section        0  sound.o(i.play_sound)
    i.play_sound_2                           0x00004384   Section        0  sound.o(i.play_sound_2)
    i.start_game                             0x000043bc   Section        0  director.o(i.start_game)
    i.update_display                         0x00004438   Section        0  display_engine.o(i.update_display)
    i.update_mouse                           0x000044a0   Section        0  director.o(i.update_mouse)
    i.update_place_space                     0x00004544   Section        0  director.o(i.update_place_space)
    i.update_sprite_position                 0x00004570   Section        0  display_engine.o(i.update_sprite_position)
    i.update_sprite_visibility               0x00004598   Section        0  display_engine.o(i.update_sprite_visibility)
    i.wait_delay                             0x000045e4   Section        0  glcd.o(i.wait_delay)
    wait_delay                               0x000045e5   Thumb Code    12  glcd.o(i.wait_delay)
    .constdata                               0x000045f0   Section     1520  asciilib.o(.constdata)
    AsciiLib                                 0x000045f0   Data        1520  asciilib.o(.constdata)
    .data                                    0x10000000   Section        1  glcd.o(.data)
    LCD_Code                                 0x10000000   Data           1  glcd.o(.data)
    .data                                    0x10000004   Section       38  display_engine.o(.data)
    body_part_x_data                         0x10000010   Data           4  display_engine.o(.data)
    body_part_y_data                         0x10000014   Data           4  display_engine.o(.data)
    body_part_color_data                     0x10000018   Data           2  display_engine.o(.data)
    trailing_part_color_data                 0x1000001a   Data           2  display_engine.o(.data)
    head_color_data                          0x1000001c   Data           2  display_engine.o(.data)
    mouse_x_data                             0x10000020   Data           4  display_engine.o(.data)
    mouse_y_data                             0x10000024   Data           4  display_engine.o(.data)
    mouse_color_data                         0x10000028   Data           2  display_engine.o(.data)
    .data                                    0x1000002c   Section       28  main.o(.data)
    .data                                    0x10000048   Section       17  director.o(.data)
    .data                                    0x10000059   Section        1  timer.o(.data)
    ticks                                    0x10000059   Data           1  timer.o(.data)
    .data                                    0x1000005c   Section        4  system_lpc17xx.o(.data)
    .bss                                     0x10000060   Section     1696  display_engine.o(.bss)
    .bss                                     0x10000700   Section       50  main.o(.bss)
    .bss                                     0x10000734   Section      228  rand.o(.bss)
    .bss                                     0x10000818   Section       96  libspace.o(.bss)
    HEAP                                     0x10000878   Section        0  startup_lpc17xx.o(HEAP)
    STACK                                    0x10000878   Section      512  startup_lpc17xx.o(STACK)
    Heap_Mem                                 0x10000878   Data           0  startup_lpc17xx.o(HEAP)
    Stack_Mem                                0x10000878   Data         512  startup_lpc17xx.o(STACK)
    __initial_sp                             0x10000a78   Data           0  startup_lpc17xx.o(STACK)

    Global Symbols

    Symbol Name                              Value     Ov Type        Size  Object(Section)

    BuildAttributes$$THM_ISAv4$P$D$K$B$S$PE$A:L22UL41UL21$X:L11$S22US41US21$IEEE1$IW$USESV6$~STKCKD$USESV7$~SHL$OSPACE$ROPI$EBA8$UX$STANDARDLIB$REQ8$PRES8$EABIv2 0x00000000   Number         0  anon$$obj.o ABSOLUTE
    __ARM_use_no_argv                        0x00000000   Number         0  main.o ABSOLUTE
    __Vectors                                0x00000000   Data           4  startup_lpc17xx.o(RESET)
    __ARM_exceptions_init                     - Undefined Weak Reference
    __alloca_initialize                       - Undefined Weak Reference
    __arm_fini_                               - Undefined Weak Reference
    __arm_preinit_                            - Undefined Weak Reference
    __cpp_initialize__aeabi_                  - Undefined Weak Reference
    __cxa_finalize                            - Undefined Weak Reference
    __rt_locale                               - Undefined Weak Reference
    __sigvec_lookup                           - Undefined Weak Reference
    _atexit_init                              - Undefined Weak Reference
    _call_atexit_fns                          - Undefined Weak Reference
    _clock_init                               - Undefined Weak Reference
    _fp_trap_init                             - Undefined Weak Reference
    _fp_trap_shutdown                         - Undefined Weak Reference
    _get_lc_collate                           - Undefined Weak Reference
    _get_lc_ctype                             - Undefined Weak Reference
    _get_lc_monetary                          - Undefined Weak Reference
    _get_lc_numeric                           - Undefined Weak Reference
    _get_lc_time                              - Undefined Weak Reference
    _getenv_init                              - Undefined Weak Reference
    _handle_redirection                       - Undefined Weak Reference
    _init_alloc                               - Undefined Weak Reference
    _init_user_alloc                          - Undefined Weak Reference
    _initio                                   - Undefined Weak Reference
    _printf_post_padding                      - Undefined Weak Reference
    _printf_pre_padding                       - Undefined Weak Reference
    _printf_truncate_signed                   - Undefined Weak Reference
    _printf_truncate_unsigned                 - Undefined Weak Reference
    _signal_finish                            - Undefined Weak Reference
    _signal_init                              - Undefined Weak Reference
    _terminate_alloc                          - Undefined Weak Reference
    _terminate_user_alloc                     - Undefined Weak Reference
    _terminateio                              - Undefined Weak Reference
    __main                                   0x000000cd   Thumb Code     8  __main.o(!!!main)
    __scatterload                            0x000000d5   Thumb Code     0  __scatter.o(!!!scatter)
    __scatterload_rt2                        0x000000d5   Thumb Code    44  __scatter.o(!!!scatter)
    __scatterload_rt2_thumb_only             0x000000d5   Thumb Code     0  __scatter.o(!!!scatter)
    __scatterload_null                       0x000000e3   Thumb Code     0  __scatter.o(!!!scatter)
    __scatterload_copy                       0x00000109   Thumb Code    26  __scatter_copy.o(!!handler_copy)
    __scatterload_zeroinit                   0x00000125   Thumb Code    28  __scatter_zi.o(!!handler_zi)
    _printf_d                                0x00000141   Thumb Code     0  _printf_d.o(.ARM.Collect$$_printf_percent$$00000009)
    _printf_percent                          0x00000141   Thumb Code     0  _printf_percent.o(.ARM.Collect$$_printf_percent$$00000000)
    _printf_percent_end                      0x00000147   Thumb Code     0  _printf_percent_end.o(.ARM.Collect$$_printf_percent$$00000017)
    __rt_lib_init                            0x0000014b   Thumb Code     0  libinit.o(.ARM.Collect$$libinit$$00000000)
    __rt_lib_init_fp_1                       0x0000014d   Thumb Code     0  libinit2.o(.ARM.Collect$$libinit$$00000002)
    __rt_lib_init_heap_1                     0x0000014d   Thumb Code     0  libinit2.o(.ARM.Collect$$libinit$$0000000A)
    __rt_lib_init_preinit_1                  0x0000014d   Thumb Code     0  libinit2.o(.ARM.Collect$$libinit$$00000004)
    __rt_lib_init_rand_2                     0x0000014d   Thumb Code     0  libinit2.o(.ARM.Collect$$libinit$$0000000D)
    __rt_lib_init_user_alloc_1               0x0000014d   Thumb Code     0  libinit2.o(.ARM.Collect$$libinit$$0000000C)
    __rt_lib_init_alloca_1                   0x00000151   Thumb Code     0  libinit2.o(.ARM.Collect$$libinit$$0000002E)
    __rt_lib_init_argv_1                     0x00000151   Thumb Code     0  libinit2.o(.ARM.Collect$$libinit$$0000002C)
    __rt_lib_init_atexit_1                   0x00000151   Thumb Code     0  libinit2.o(.ARM.Collect$$libinit$$0000001B)
    __rt_lib_init_clock_1                    0x00000151   Thumb Code     0  libinit2.o(.ARM.Collect$$libinit$$00000021)
    __rt_lib_init_cpp_1                      0x00000151   Thumb Code     0  libinit2.o(.ARM.Collect$$libinit$$00000032)
    __rt_lib_init_exceptions_1               0x00000151   Thumb Code     0  libinit2.o(.ARM.Collect$$libinit$$00000030)
    __rt_lib_init_fp_trap_1                  0x00000151   Thumb Code     0  libinit2.o(.ARM.Collect$$libinit$$0000001F)
    __rt_lib_init_getenv_1                   0x00000151   Thumb Code     0  libinit2.o(.ARM.Collect$$libinit$$00000023)
    __rt_lib_init_lc_collate_1               0x00000151   Thumb Code     0  libinit2.o(.ARM.Collect$$libinit$$00000011)
    __rt_lib_init_lc_ctype_1                 0x00000151   Thumb Code     0  libinit2.o(.ARM.Collect$$libinit$$00000013)
    __rt_lib_init_lc_monetary_1              0x00000151   Thumb Code     0  libinit2.o(.ARM.Collect$$libinit$$00000015)
    __rt_lib_init_lc_numeric_1               0x00000151   Thumb Code     0  libinit2.o(.ARM.Collect$$libinit$$00000017)
    __rt_lib_init_lc_time_1                  0x00000151   Thumb Code     0  libinit2.o(.ARM.Collect$$libinit$$00000019)
    __rt_lib_init_rand_1                     0x00000151   Thumb Code     0  libinit2.o(.ARM.Collect$$libinit$$0000000E)
    __rt_lib_init_return                     0x00000151   Thumb Code     0  libinit2.o(.ARM.Collect$$libinit$$00000033)
    __rt_lib_init_signal_1                   0x00000151   Thumb Code     0  libinit2.o(.ARM.Collect$$libinit$$0000001D)
    __rt_lib_init_stdio_1                    0x00000151   Thumb Code     0  libinit2.o(.ARM.Collect$$libinit$$00000025)
    __rt_lib_shutdown                        0x00000153   Thumb Code     0  libshutdown.o(.ARM.Collect$$libshutdown$$00000000)
    __rt_lib_shutdown_cpp_1                  0x00000155   Thumb Code     0  libshutdown2.o(.ARM.Collect$$libshutdown$$00000004)
    __rt_lib_shutdown_fini_1                 0x00000155   Thumb Code     0  libshutdown2.o(.ARM.Collect$$libshutdown$$00000002)
    __rt_lib_shutdown_fp_trap_1              0x00000155   Thumb Code     0  libshutdown2.o(.ARM.Collect$$libshutdown$$00000009)
    __rt_lib_shutdown_heap_1                 0x00000155   Thumb Code     0  libshutdown2.o(.ARM.Collect$$libshutdown$$00000011)
    __rt_lib_shutdown_return                 0x00000155   Thumb Code     0  libshutdown2.o(.ARM.Collect$$libshutdown$$00000012)
    __rt_lib_shutdown_signal_1               0x00000155   Thumb Code     0  libshutdown2.o(.ARM.Collect$$libshutdown$$0000000C)
    __rt_lib_shutdown_stdio_1                0x00000155   Thumb Code     0  libshutdown2.o(.ARM.Collect$$libshutdown$$00000006)
    __rt_lib_shutdown_user_alloc_1           0x00000155   Thumb Code     0  libshutdown2.o(.ARM.Collect$$libshutdown$$0000000E)
    __rt_entry                               0x00000157   Thumb Code     0  __rtentry.o(.ARM.Collect$$rtentry$$00000000)
    __rt_entry_presh_1                       0x00000157   Thumb Code     0  __rtentry2.o(.ARM.Collect$$rtentry$$00000002)
    __rt_entry_sh                            0x00000157   Thumb Code     0  __rtentry4.o(.ARM.Collect$$rtentry$$00000004)
    __rt_entry_li                            0x0000015d   Thumb Code     0  __rtentry2.o(.ARM.Collect$$rtentry$$0000000A)
    __rt_entry_postsh_1                      0x0000015d   Thumb Code     0  __rtentry2.o(.ARM.Collect$$rtentry$$00000009)
    __rt_entry_main                          0x00000161   Thumb Code     0  __rtentry2.o(.ARM.Collect$$rtentry$$0000000D)
    __rt_entry_postli_1                      0x00000161   Thumb Code     0  __rtentry2.o(.ARM.Collect$$rtentry$$0000000C)
    __rt_exit                                0x00000169   Thumb Code     0  rtexit.o(.ARM.Collect$$rtexit$$00000000)
    __rt_exit_ls                             0x0000016b   Thumb Code     0  rtexit2.o(.ARM.Collect$$rtexit$$00000003)
    __rt_exit_prels_1                        0x0000016b   Thumb Code     0  rtexit2.o(.ARM.Collect$$rtexit$$00000002)
    __rt_exit_exit                           0x0000016f   Thumb Code     0  rtexit2.o(.ARM.Collect$$rtexit$$00000004)
    rand                                     0x00000175   Thumb Code    48  rand.o(.emb_text)
    Reset_Handler                            0x000001a9   Thumb Code     8  startup_lpc17xx.o(.text)
    NMI_Handler                              0x000001b1   Thumb Code     2  startup_lpc17xx.o(.text)
    HardFault_Handler                        0x000001b3   Thumb Code     2  startup_lpc17xx.o(.text)
    MemManage_Handler                        0x000001b5   Thumb Code     2  startup_lpc17xx.o(.text)
    BusFault_Handler                         0x000001b7   Thumb Code     2  startup_lpc17xx.o(.text)
    UsageFault_Handler                       0x000001b9   Thumb Code     2  startup_lpc17xx.o(.text)
    SVC_Handler                              0x000001bb   Thumb Code     2  startup_lpc17xx.o(.text)
    DebugMon_Handler                         0x000001bd   Thumb Code     2  startup_lpc17xx.o(.text)
    PendSV_Handler                           0x000001bf   Thumb Code     2  startup_lpc17xx.o(.text)
    SysTick_Handler                          0x000001c1   Thumb Code     2  startup_lpc17xx.o(.text)
    ADC_IRQHandler                           0x000001c3   Thumb Code     0  startup_lpc17xx.o(.text)
    BOD_IRQHandler                           0x000001c3   Thumb Code     0  startup_lpc17xx.o(.text)
    CANActivity_IRQHandler                   0x000001c3   Thumb Code     0  startup_lpc17xx.o(.text)
    CAN_IRQHandler                           0x000001c3   Thumb Code     0  startup_lpc17xx.o(.text)
    DMA_IRQHandler                           0x000001c3   Thumb Code     0  startup_lpc17xx.o(.text)
    EINT0_IRQHandler                         0x000001c3   Thumb Code     0  startup_lpc17xx.o(.text)
    EINT1_IRQHandler                         0x000001c3   Thumb Code     0  startup_lpc17xx.o(.text)
    EINT2_IRQHandler                         0x000001c3   Thumb Code     0  startup_lpc17xx.o(.text)
    EINT3_IRQHandler                         0x000001c3   Thumb Code     0  startup_lpc17xx.o(.text)
    ENET_IRQHandler                          0x000001c3   Thumb Code     0  startup_lpc17xx.o(.text)
    I2C0_IRQHandler                          0x000001c3   Thumb Code     0  startup_lpc17xx.o(.text)
    I2C1_IRQHandler                          0x000001c3   Thumb Code     0  startup_lpc17xx.o(.text)
    I2C2_IRQHandler                          0x000001c3   Thumb Code     0  startup_lpc17xx.o(.text)
    I2S_IRQHandler                           0x000001c3   Thumb Code     0  startup_lpc17xx.o(.text)
    MCPWM_IRQHandler                         0x000001c3   Thumb Code     0  startup_lpc17xx.o(.text)
    PLL0_IRQHandler                          0x000001c3   Thumb Code     0  startup_lpc17xx.o(.text)
    PLL1_IRQHandler                          0x000001c3   Thumb Code     0  startup_lpc17xx.o(.text)
    PWM1_IRQHandler                          0x000001c3   Thumb Code     0  startup_lpc17xx.o(.text)
    QEI_IRQHandler                           0x000001c3   Thumb Code     0  startup_lpc17xx.o(.text)
    RIT_IRQHandler                           0x000001c3   Thumb Code     0  startup_lpc17xx.o(.text)
    RTC_IRQHandler                           0x000001c3   Thumb Code     0  startup_lpc17xx.o(.text)
    SPI_IRQHandler                           0x000001c3   Thumb Code     0  startup_lpc17xx.o(.text)
    SSP0_IRQHandler                          0x000001c3   Thumb Code     0  startup_lpc17xx.o(.text)
    SSP1_IRQHandler                          0x000001c3   Thumb Code     0  startup_lpc17xx.o(.text)
    TIMER1_IRQHandler                        0x000001c3   Thumb Code     0  startup_lpc17xx.o(.text)
    TIMER2_IRQHandler                        0x000001c3   Thumb Code     0  startup_lpc17xx.o(.text)
    TIMER3_IRQHandler                        0x000001c3   Thumb Code     0  startup_lpc17xx.o(.text)
    UART0_IRQHandler                         0x000001c3   Thumb Code     0  startup_lpc17xx.o(.text)
    UART1_IRQHandler                         0x000001c3   Thumb Code     0  startup_lpc17xx.o(.text)
    UART2_IRQHandler                         0x000001c3   Thumb Code     0  startup_lpc17xx.o(.text)
    UART3_IRQHandler                         0x000001c3   Thumb Code     0  startup_lpc17xx.o(.text)
    USBActivity_IRQHandler                   0x000001c3   Thumb Code     0  startup_lpc17xx.o(.text)
    USB_IRQHandler                           0x000001c3   Thumb Code     0  startup_lpc17xx.o(.text)
    WDT_IRQHandler                           0x000001c3   Thumb Code     0  startup_lpc17xx.o(.text)
    __user_initial_stackheap                 0x000001c5   Thumb Code     0  startup_lpc17xx.o(.text)
    __I$use$semihosting                      0x000001e5   Thumb Code     0  use_no_semi.o(.text)
    __use_no_semihosting_swi                 0x000001e5   Thumb Code     2  use_no_semi.o(.text)
    __2sprintf                               0x000001e9   Thumb Code    34  noretval__2sprintf.o(.text)
    __printf                                 0x00000211   Thumb Code   104  __printf.o(.text)
    _printf_int_dec                          0x00000279   Thumb Code   104  _printf_dec.o(.text)
    __use_two_region_memory                  0x000002f1   Thumb Code     2  heapauxi.o(.text)
    __rt_heap_escrow$2region                 0x000002f3   Thumb Code     2  heapauxi.o(.text)
    __rt_heap_expand$2region                 0x000002f5   Thumb Code     2  heapauxi.o(.text)
    _sys_exit                                0x000002f7   Thumb Code     4  retarget.o(i._sys_exit)
    srand                                    0x00000301   Thumb Code    42  rand.o(.text)
    _rand_init                               0x0000032b   Thumb Code     4  rand.o(.text)
    __aeabi_memcpy                           0x0000033d   Thumb Code     0  rt_memcpy_v6.o(.text)
    __rt_memcpy                              0x0000033d   Thumb Code   138  rt_memcpy_v6.o(.text)
    _memcpy_lastbytes                        0x000003a3   Thumb Code     0  rt_memcpy_v6.o(.text)
    _printf_int_common                       0x000003c7   Thumb Code   178  _printf_intcommon.o(.text)
    _printf_char_common                      0x00000483   Thumb Code    32  _printf_char_common.o(.text)
    _sputc                                   0x000004a9   Thumb Code    10  _sputc.o(.text)
    __aeabi_memcpy4                          0x000004b3   Thumb Code     0  rt_memcpy_w.o(.text)
    __aeabi_memcpy8                          0x000004b3   Thumb Code     0  rt_memcpy_w.o(.text)
    __rt_memcpy_w                            0x000004b3   Thumb Code   100  rt_memcpy_w.o(.text)
    _memcpy_lastbytes_aligned                0x000004fb   Thumb Code     0  rt_memcpy_w.o(.text)
    __user_setup_stackheap                   0x00000517   Thumb Code    74  sys_stackheap_outer.o(.text)
    exit                                     0x00000561   Thumb Code    18  exit.o(.text)
    __user_libspace                          0x00000575   Thumb Code     8  libspace.o(.text)
    __user_perproc_libspace                  0x00000575   Thumb Code     0  libspace.o(.text)
    __user_perthread_libspace                0x00000575   Thumb Code     0  libspace.o(.text)
    DACInit                                  0x0000057d   Thumb Code    20  sound.o(i.DACInit)
    GetASCIICode                             0x00000599   Thumb Code    26  asciilib.o(i.GetASCIICode)
    LCD_Clear                                0x000005b9   Thumb Code  1514  glcd.o(i.LCD_Clear)
    LCD_Initialization                       0x00000bc1   Thumb Code  9142  glcd.o(i.LCD_Initialization)
    LCD_PutChar                              0x00002f7d   Thumb Code   100  glcd.o(i.LCD_PutChar)
    LCD_PutText                              0x00002fe1   Thumb Code    80  glcd.o(i.LCD_PutText)
    LCD_SetPoint                             0x000035bd   Thumb Code   206  glcd.o(i.LCD_SetPoint)
    LCD_clear_sprite                         0x00003691   Thumb Code    64  display_engine.o(i.LCD_clear_sprite)
    LCD_draw_block                           0x000036d1   Thumb Code    52  display_engine.o(i.LCD_draw_block)
    LCD_draw_sprite                          0x00003705   Thumb Code   120  display_engine.o(i.LCD_draw_sprite)
    SER_getChar_nb                           0x0000377d   Thumb Code    28  serial.o(i.SER_getChar_nb)
    SER_init                                 0x000037a1   Thumb Code   166  serial.o(i.SER_init)
    SystemInit                               0x00003861   Thumb Code   302  system_lpc17xx.o(i.SystemInit)
    TIMER0_IRQHandler                        0x000039a1   Thumb Code    82  timer.o(i.TIMER0_IRQHandler)
    check_x_pos                              0x00003a05   Thumb Code    20  display_engine.o(i.check_x_pos)
    check_y_pos                              0x00003a1d   Thumb Code    20  display_engine.o(i.check_y_pos)
    display_lives                            0x00003a55   Thumb Code    34  display_engine.o(i.display_lives)
    display_lose                             0x00003a8d   Thumb Code    30  display_engine.o(i.display_lose)
    display_win                              0x00003abd   Thumb Code    30  display_engine.o(i.display_win)
    enable_timer0                            0x00003aed   Thumb Code    10  timer.o(i.enable_timer0)
    init_timer0                              0x00003af9   Thumb Code   156  timer.o(i.init_timer0)
    initialize_body_part                     0x00003ba1   Thumb Code   286  display_engine.o(i.initialize_body_part)
    initialize_display_engine                0x00003cd9   Thumb Code   106  display_engine.o(i.initialize_display_engine)
    initialize_head                          0x00003d4d   Thumb Code   286  display_engine.o(i.initialize_head)
    initialize_mouse                         0x00003e85   Thumb Code   286  display_engine.o(i.initialize_mouse)
    initialize_trail                         0x00003fbd   Thumb Code   284  display_engine.o(i.initialize_trail)
    main                                     0x000040ed   Thumb Code   204  main.o(i.main)
    move_snake                               0x000041ed   Thumb Code   318  director.o(i.move_snake)
    play_sound                               0x0000434d   Thumb Code    52  sound.o(i.play_sound)
    play_sound_2                             0x00004385   Thumb Code    52  sound.o(i.play_sound_2)
    start_game                               0x000043bd   Thumb Code   112  director.o(i.start_game)
    update_display                           0x00004439   Thumb Code    94  display_engine.o(i.update_display)
    update_mouse                             0x000044a1   Thumb Code   142  director.o(i.update_mouse)
    update_place_space                       0x00004545   Thumb Code    40  director.o(i.update_place_space)
    update_sprite_position                   0x00004571   Thumb Code    34  display_engine.o(i.update_sprite_position)
    update_sprite_visibility                 0x00004599   Thumb Code    70  display_engine.o(i.update_sprite_visibility)
    Region$$Table$$Base                      0x00004be0   Number         0  anon$$obj.o(Region$$Table)
    Region$$Table$$Limit                     0x00004c00   Number         0  anon$$obj.o(Region$$Table)
    sprite_counter                           0x10000004   Data           4  display_engine.o(.data)
    lives                                    0x10000008   Data           4  display_engine.o(.data)
    length                                   0x1000000c   Data           4  display_engine.o(.data)
    timer0_counter                           0x1000002c   Data           4  main.o(.data)
    seconds_counter                          0x10000030   Data           4  main.o(.data)
    half_seconds_counter                     0x10000034   Data           4  main.o(.data)
    direction                                0x10000038   Data           1  main.o(.data)
    keyboard_input                           0x10000039   Data           1  main.o(.data)
    poll_counter                             0x1000003c   Data           4  main.o(.data)
    joystick_input                           0x10000040   Data           4  main.o(.data)
    push_button_input                        0x10000044   Data           4  main.o(.data)
    head_position_x                          0x10000048   Data           4  director.o(.data)
    head_position_y                          0x1000004c   Data           4  director.o(.data)
    prev_head_pos_x                          0x10000050   Data           4  director.o(.data)
    prev_head_pos_y                          0x10000054   Data           4  director.o(.data)
    mice_ate_consecutively                   0x10000058   Data           1  director.o(.data)
    SystemCoreClock                          0x1000005c   Data           4  system_lpc17xx.o(.data)
    sprites                                  0x10000060   Data        1664  display_engine.o(.bss)
    text                                     0x100006e0   Data          32  display_engine.o(.bss)
    lcd_text                                 0x10000700   Data          50  main.o(.bss)
    _random_number_data                      0x10000734   Data         228  rand.o(.bss)
    __libspace_start                         0x10000818   Data          96  libspace.o(.bss)
    __temporary_stack_top$libspace           0x10000878   Data           0  libspace.o(.bss)



==============================================================================

Memory Map of the image

  Image Entry point : 0x000001a9

  Load Region LR_1 (Base: 0x00000000, Size: 0x00004c60, Max: 0xffffffff, ABSOLUTE)

    Execution Region ER_RO (Exec base: 0x00000000, Load base: 0x00000000, Size: 0x00004c00, Max: 0xffffffff, ABSOLUTE)

    Exec Addr    Load Addr    Size         Type   Attr      Idx    E Section Name        Object

    0x00000000   0x00000000   0x000000cc   Data   RO          704    RESET               startup_lpc17xx.o
    0x000000cc   0x000000cc   0x00000008   Code   RO          793  * !!!main             c_w.l(__main.o)
    0x000000d4   0x000000d4   0x00000034   Code   RO          967    !!!scatter          c_w.l(__scatter.o)
    0x00000108   0x00000108   0x0000001a   Code   RO          969    !!handler_copy      c_w.l(__scatter_copy.o)
    0x00000122   0x00000122   0x00000002   PAD
    0x00000124   0x00000124   0x0000001c   Code   RO          971    !!handler_zi        c_w.l(__scatter_zi.o)
    0x00000140   0x00000140   0x00000000   Code   RO          783    .ARM.Collect$$_printf_percent$$00000000  c_w.l(_printf_percent.o)
    0x00000140   0x00000140   0x00000006   Code   RO          782    .ARM.Collect$$_printf_percent$$00000009  c_w.l(_printf_d.o)
    0x00000146   0x00000146   0x00000004   Code   RO          806    .ARM.Collect$$_printf_percent$$00000017  c_w.l(_printf_percent_end.o)
    0x0000014a   0x0000014a   0x00000002   Code   RO          894    .ARM.Collect$$libinit$$00000000  c_w.l(libinit.o)
    0x0000014c   0x0000014c   0x00000000   Code   RO          810    .ARM.Collect$$libinit$$00000002  c_w.l(libinit2.o)
    0x0000014c   0x0000014c   0x00000000   Code   RO          812    .ARM.Collect$$libinit$$00000004  c_w.l(libinit2.o)
    0x0000014c   0x0000014c   0x00000000   Code   RO          815    .ARM.Collect$$libinit$$0000000A  c_w.l(libinit2.o)
    0x0000014c   0x0000014c   0x00000000   Code   RO          817    .ARM.Collect$$libinit$$0000000C  c_w.l(libinit2.o)
    0x0000014c   0x0000014c   0x00000004   Code   RO          818    .ARM.Collect$$libinit$$0000000D  c_w.l(libinit2.o)
    0x00000150   0x00000150   0x00000000   Code   RO          819    .ARM.Collect$$libinit$$0000000E  c_w.l(libinit2.o)
    0x00000150   0x00000150   0x00000000   Code   RO          822    .ARM.Collect$$libinit$$00000011  c_w.l(libinit2.o)
    0x00000150   0x00000150   0x00000000   Code   RO          824    .ARM.Collect$$libinit$$00000013  c_w.l(libinit2.o)
    0x00000150   0x00000150   0x00000000   Code   RO          826    .ARM.Collect$$libinit$$00000015  c_w.l(libinit2.o)
    0x00000150   0x00000150   0x00000000   Code   RO          828    .ARM.Collect$$libinit$$00000017  c_w.l(libinit2.o)
    0x00000150   0x00000150   0x00000000   Code   RO          830    .ARM.Collect$$libinit$$00000019  c_w.l(libinit2.o)
    0x00000150   0x00000150   0x00000000   Code   RO          832    .ARM.Collect$$libinit$$0000001B  c_w.l(libinit2.o)
    0x00000150   0x00000150   0x00000000   Code   RO          834    .ARM.Collect$$libinit$$0000001D  c_w.l(libinit2.o)
    0x00000150   0x00000150   0x00000000   Code   RO          836    .ARM.Collect$$libinit$$0000001F  c_w.l(libinit2.o)
    0x00000150   0x00000150   0x00000000   Code   RO          838    .ARM.Collect$$libinit$$00000021  c_w.l(libinit2.o)
    0x00000150   0x00000150   0x00000000   Code   RO          840    .ARM.Collect$$libinit$$00000023  c_w.l(libinit2.o)
    0x00000150   0x00000150   0x00000000   Code   RO          842    .ARM.Collect$$libinit$$00000025  c_w.l(libinit2.o)
    0x00000150   0x00000150   0x00000000   Code   RO          846    .ARM.Collect$$libinit$$0000002C  c_w.l(libinit2.o)
    0x00000150   0x00000150   0x00000000   Code   RO          848    .ARM.Collect$$libinit$$0000002E  c_w.l(libinit2.o)
    0x00000150   0x00000150   0x00000000   Code   RO          850    .ARM.Collect$$libinit$$00000030  c_w.l(libinit2.o)
    0x00000150   0x00000150   0x00000000   Code   RO          852    .ARM.Collect$$libinit$$00000032  c_w.l(libinit2.o)
    0x00000150   0x00000150   0x00000002   Code   RO          853    .ARM.Collect$$libinit$$00000033  c_w.l(libinit2.o)
    0x00000152   0x00000152   0x00000002   Code   RO          932    .ARM.Collect$$libshutdown$$00000000  c_w.l(libshutdown.o)
    0x00000154   0x00000154   0x00000000   Code   RO          948    .ARM.Collect$$libshutdown$$00000002  c_w.l(libshutdown2.o)
    0x00000154   0x00000154   0x00000000   Code   RO          950    .ARM.Collect$$libshutdown$$00000004  c_w.l(libshutdown2.o)
    0x00000154   0x00000154   0x00000000   Code   RO          952    .ARM.Collect$$libshutdown$$00000006  c_w.l(libshutdown2.o)
    0x00000154   0x00000154   0x00000000   Code   RO          955    .ARM.Collect$$libshutdown$$00000009  c_w.l(libshutdown2.o)
    0x00000154   0x00000154   0x00000000   Code   RO          958    .ARM.Collect$$libshutdown$$0000000C  c_w.l(libshutdown2.o)
    0x00000154   0x00000154   0x00000000   Code   RO          960    .ARM.Collect$$libshutdown$$0000000E  c_w.l(libshutdown2.o)
    0x00000154   0x00000154   0x00000000   Code   RO          963    .ARM.Collect$$libshutdown$$00000011  c_w.l(libshutdown2.o)
    0x00000154   0x00000154   0x00000002   Code   RO          964    .ARM.Collect$$libshutdown$$00000012  c_w.l(libshutdown2.o)
    0x00000156   0x00000156   0x00000000   Code   RO          795    .ARM.Collect$$rtentry$$00000000  c_w.l(__rtentry.o)
    0x00000156   0x00000156   0x00000000   Code   RO          855    .ARM.Collect$$rtentry$$00000002  c_w.l(__rtentry2.o)
    0x00000156   0x00000156   0x00000006   Code   RO          867    .ARM.Collect$$rtentry$$00000004  c_w.l(__rtentry4.o)
    0x0000015c   0x0000015c   0x00000000   Code   RO          857    .ARM.Collect$$rtentry$$00000009  c_w.l(__rtentry2.o)
    0x0000015c   0x0000015c   0x00000004   Code   RO          858    .ARM.Collect$$rtentry$$0000000A  c_w.l(__rtentry2.o)
    0x00000160   0x00000160   0x00000000   Code   RO          860    .ARM.Collect$$rtentry$$0000000C  c_w.l(__rtentry2.o)
    0x00000160   0x00000160   0x00000008   Code   RO          861    .ARM.Collect$$rtentry$$0000000D  c_w.l(__rtentry2.o)
    0x00000168   0x00000168   0x00000002   Code   RO          900    .ARM.Collect$$rtexit$$00000000  c_w.l(rtexit.o)
    0x0000016a   0x0000016a   0x00000000   Code   RO          916    .ARM.Collect$$rtexit$$00000002  c_w.l(rtexit2.o)
    0x0000016a   0x0000016a   0x00000004   Code   RO          917    .ARM.Collect$$rtexit$$00000003  c_w.l(rtexit2.o)
    0x0000016e   0x0000016e   0x00000006   Code   RO          918    .ARM.Collect$$rtexit$$00000004  c_w.l(rtexit2.o)
    0x00000174   0x00000174   0x00000034   Code   RO          784    .emb_text           c_w.l(rand.o)
    0x000001a8   0x000001a8   0x0000003c   Code   RO          706  * .text               startup_lpc17xx.o
    0x000001e4   0x000001e4   0x00000002   Code   RO          750    .text               c_w.l(use_no_semi.o)
    0x000001e6   0x000001e6   0x00000002   PAD
    0x000001e8   0x000001e8   0x00000028   Code   RO          756    .text               c_w.l(noretval__2sprintf.o)
    0x00000210   0x00000210   0x00000068   Code   RO          758    .text               c_w.l(__printf.o)
    0x00000278   0x00000278   0x00000078   Code   RO          760    .text               c_w.l(_printf_dec.o)
    0x000002f0   0x000002f0   0x00000006   Code   RO          791    .text               c_w.l(heapauxi.o)
    0x000002f6   0x000002f6   0x00000004   Code   RO          170    i._sys_exit         retarget.o
    0x000002fa   0x000002fa   0x00000002   PAD
    0x000002fc   0x000002fc   0x00000004   Code   RO          705    .ARM.__at_0x02FC    startup_lpc17xx.o
    0x00000300   0x00000300   0x0000003c   Code   RO          785    .text               c_w.l(rand.o)
    0x0000033c   0x0000033c   0x0000008a   Code   RO          789    .text               c_w.l(rt_memcpy_v6.o)
    0x000003c6   0x000003c6   0x000000b2   Code   RO          800    .text               c_w.l(_printf_intcommon.o)
    0x00000478   0x00000478   0x00000030   Code   RO          802    .text               c_w.l(_printf_char_common.o)
    0x000004a8   0x000004a8   0x0000000a   Code   RO          804    .text               c_w.l(_sputc.o)
    0x000004b2   0x000004b2   0x00000064   Code   RO          807    .text               c_w.l(rt_memcpy_w.o)
    0x00000516   0x00000516   0x0000004a   Code   RO          877    .text               c_w.l(sys_stackheap_outer.o)
    0x00000560   0x00000560   0x00000012   Code   RO          879    .text               c_w.l(exit.o)
    0x00000572   0x00000572   0x00000002   PAD
    0x00000574   0x00000574   0x00000008   Code   RO          897    .text               c_w.l(libspace.o)
    0x0000057c   0x0000057c   0x0000001c   Code   RO          606    i.DACInit           sound.o
    0x00000598   0x00000598   0x00000020   Code   RO            1    i.GetASCIICode      asciilib.o
    0x000005b8   0x000005b8   0x000005f0   Code   RO           27    i.LCD_Clear         glcd.o
    0x00000ba8   0x00000ba8   0x00000018   Code   RO           28    i.LCD_Configuration  glcd.o
    0x00000bc0   0x00000bc0   0x000023bc   Code   RO           32    i.LCD_Initialization  glcd.o
    0x00002f7c   0x00002f7c   0x00000064   Code   RO           33    i.LCD_PutChar       glcd.o
    0x00002fe0   0x00002fe0   0x00000050   Code   RO           34    i.LCD_PutText       glcd.o
    0x00003030   0x00003030   0x0000058c   Code   RO           35    i.LCD_SetCursor     glcd.o
    0x000035bc   0x000035bc   0x000000d4   Code   RO           36    i.LCD_SetPoint      glcd.o
    0x00003690   0x00003690   0x00000040   Code   RO          292    i.LCD_clear_sprite  display_engine.o
    0x000036d0   0x000036d0   0x00000034   Code   RO          293    i.LCD_draw_block    display_engine.o
    0x00003704   0x00003704   0x00000078   Code   RO          294    i.LCD_draw_sprite   display_engine.o
    0x0000377c   0x0000377c   0x00000024   Code   RO          238    i.SER_getChar_nb    serial.o
    0x000037a0   0x000037a0   0x000000c0   Code   RO          239    i.SER_init          serial.o
    0x00003860   0x00003860   0x00000140   Code   RO          716    i.SystemInit        system_lpc17xx.o
    0x000039a0   0x000039a0   0x00000064   Code   RO          543    i.TIMER0_IRQHandler  timer.o
    0x00003a04   0x00003a04   0x00000018   Code   RO          296    i.check_x_pos       display_engine.o
    0x00003a1c   0x00003a1c   0x00000018   Code   RO          297    i.check_y_pos       display_engine.o
    0x00003a34   0x00003a34   0x0000001e   Code   RO           41    i.delay_ms          glcd.o
    0x00003a52   0x00003a52   0x00000002   PAD
    0x00003a54   0x00003a54   0x00000038   Code   RO          299    i.display_lives     display_engine.o
    0x00003a8c   0x00003a8c   0x00000030   Code   RO          300    i.display_lose      display_engine.o
    0x00003abc   0x00003abc   0x00000030   Code   RO          301    i.display_win       display_engine.o
    0x00003aec   0x00003aec   0x0000000a   Code   RO          546    i.enable_timer0     timer.o
    0x00003af6   0x00003af6   0x00000002   PAD
    0x00003af8   0x00003af8   0x000000a8   Code   RO          547    i.init_timer0       timer.o
    0x00003ba0   0x00003ba0   0x00000138   Code   RO          302    i.initialize_body_part  display_engine.o
    0x00003cd8   0x00003cd8   0x00000074   Code   RO          303    i.initialize_display_engine  display_engine.o
    0x00003d4c   0x00003d4c   0x00000138   Code   RO          304    i.initialize_head   display_engine.o
    0x00003e84   0x00003e84   0x00000138   Code   RO          305    i.initialize_mouse  display_engine.o
    0x00003fbc   0x00003fbc   0x00000130   Code   RO          306    i.initialize_trail  display_engine.o
    0x000040ec   0x000040ec   0x00000100   Code   RO          441    i.main              main.o
    0x000041ec   0x000041ec   0x00000160   Code   RO          488    i.move_snake        director.o
    0x0000434c   0x0000434c   0x00000038   Code   RO          608    i.play_sound        sound.o
    0x00004384   0x00004384   0x00000038   Code   RO          609    i.play_sound_2      sound.o
    0x000043bc   0x000043bc   0x0000007c   Code   RO          489    i.start_game        director.o
    0x00004438   0x00004438   0x00000068   Code   RO          307    i.update_display    display_engine.o
    0x000044a0   0x000044a0   0x000000a4   Code   RO          490    i.update_mouse      director.o
    0x00004544   0x00004544   0x0000002c   Code   RO          491    i.update_place_space  director.o
    0x00004570   0x00004570   0x00000028   Code   RO          309    i.update_sprite_position  display_engine.o
    0x00004598   0x00004598   0x0000004c   Code   RO          310    i.update_sprite_visibility  display_engine.o
    0x000045e4   0x000045e4   0x0000000c   Code   RO           42    i.wait_delay        glcd.o
    0x000045f0   0x000045f0   0x000005f0   Data   RO            2    .constdata          asciilib.o
    0x00004be0   0x00004be0   0x00000020   Data   RO          965    Region$$Table       anon$$obj.o


    Execution Region ER_RW (Exec base: 0x10000000, Load base: 0x00004c00, Size: 0x00000060, Max: 0xffffffff, ABSOLUTE)

    Exec Addr    Load Addr    Size         Type   Attr      Idx    E Section Name        Object

    0x10000000   0x00004c00   0x00000001   Data   RW           43    .data               glcd.o
    0x10000001   0x00004c01   0x00000003   PAD
    0x10000004   0x00004c04   0x00000026   Data   RW          312    .data               display_engine.o
    0x1000002a   0x00004c2a   0x00000002   PAD
    0x1000002c   0x00004c2c   0x0000001c   Data   RW          443    .data               main.o
    0x10000048   0x00004c48   0x00000011   Data   RW          492    .data               director.o
    0x10000059   0x00004c59   0x00000001   Data   RW          549    .data               timer.o
    0x1000005a   0x00004c5a   0x00000002   PAD
    0x1000005c   0x00004c5c   0x00000004   Data   RW          717    .data               system_lpc17xx.o


    Execution Region ER_ZI (Exec base: 0x10000060, Load base: 0x00004c60, Size: 0x00000a18, Max: 0xffffffff, ABSOLUTE)

    Exec Addr    Load Addr    Size         Type   Attr      Idx    E Section Name        Object

    0x10000060        -       0x000006a0   Zero   RW          311    .bss                display_engine.o
    0x10000700        -       0x00000032   Zero   RW          442    .bss                main.o
    0x10000732   0x00004c60   0x00000002   PAD
    0x10000734        -       0x000000e4   Zero   RW          786    .bss                c_w.l(rand.o)
    0x10000818        -       0x00000060   Zero   RW          898    .bss                c_w.l(libspace.o)
    0x10000878        -       0x00000000   Zero   RW          703    HEAP                startup_lpc17xx.o
    0x10000878        -       0x00000200   Zero   RW          702    STACK               startup_lpc17xx.o


==============================================================================

Image component sizes


      Code (inc. data)   RO Data    RW Data    ZI Data      Debug   Object Name

        32          6       1520          0          0       2579   asciilib.o
       684         72          0         17          0       2711   director.o
      2012        196          0         38       1696      11198   display_engine.o
     12546         94          0          1          0      36060   glcd.o
       256         52          0         28         50       1765   main.o
         4          0          0          0          0        456   retarget.o
       228         34          0          0          0      18704   serial.o
       140         16          0          0          0       1518   sound.o
        64         26        204          0        512       1064   startup_lpc17xx.o
       320         18          0          4          0        871   system_lpc17xx.o
       278         30          0          1          0      45041   timer.o

    ----------------------------------------------------------------------
     16570        544       1756         96       2260     121967   Object Totals
         0          0         32          0          0          0   (incl. Generated)
         6          0          0          7          2          0   (incl. Padding)

    ----------------------------------------------------------------------

      Code (inc. data)   RO Data    RW Data    ZI Data      Debug   Library Member Name

         8          0          0          0          0         68   __main.o
       104          0          0          0          0         84   __printf.o
         0          0          0          0          0          0   __rtentry.o
        12          0          0          0          0          0   __rtentry2.o
         6          0          0          0          0          0   __rtentry4.o
        52          8          0          0          0          0   __scatter.o
        26          0          0          0          0          0   __scatter_copy.o
        28          0          0          0          0          0   __scatter_zi.o
        48          6          0          0          0         96   _printf_char_common.o
         6          0          0          0          0          0   _printf_d.o
       120         16          0          0          0         92   _printf_dec.o
       178          0          0          0          0         88   _printf_intcommon.o
         0          0          0          0          0          0   _printf_percent.o
         4          0          0          0          0          0   _printf_percent_end.o
        10          0          0          0          0         68   _sputc.o
        18          0          0          0          0         80   exit.o
         6          0          0          0          0        152   heapauxi.o
         2          0          0          0          0          0   libinit.o
         6          0          0          0          0          0   libinit2.o
         2          0          0          0          0          0   libshutdown.o
         2          0          0          0          0          0   libshutdown2.o
         8          4          0          0         96         68   libspace.o
        40          6          0          0          0         84   noretval__2sprintf.o
       112         18          0          0        228        160   rand.o
       138          0          0          0          0         68   rt_memcpy_v6.o
       100          0          0          0          0         80   rt_memcpy_w.o
         2          0          0          0          0          0   rtexit.o
        10          0          0          0          0          0   rtexit2.o
        74          0          0          0          0         80   sys_stackheap_outer.o
         2          0          0          0          0         68   use_no_semi.o

    ----------------------------------------------------------------------
      1130         58          0          0        324       1336   Library Totals
         6          0          0          0          0          0   (incl. Padding)

    ----------------------------------------------------------------------

      Code (inc. data)   RO Data    RW Data    ZI Data      Debug   Library Name

      1124         58          0          0        324       1336   c_w.l

    ----------------------------------------------------------------------
      1130         58          0          0        324       1336   Library Totals

    ----------------------------------------------------------------------

==============================================================================


      Code (inc. data)   RO Data    RW Data    ZI Data      Debug   

     17700        602       1756         96       2584     120751   Grand Totals
     17700        602       1756         96       2584     120751   ELF Image Totals
     17700        602       1756         96          0          0   ROM Totals

==============================================================================

    Total RO  Size (Code + RO Data)                19456 (  19.00kB)
    Total RW  Size (RW Data + ZI Data)              2680 (   2.62kB)
    Total ROM Size (Code + RO Data + RW Data)      19552 (  19.09kB)

==============================================================================

