Component: ARM Compiler 5.06 update 7 (build 960) Tool: armlink [4d3601]

==============================================================================

Section Cross References

    asciilib.o(i.GetASCIICode) refers to rt_memcpy_v6.o(.text) for __aeabi_memcpy
    asciilib.o(i.GetASCIICode) refers to asciilib.o(.constdata) for AsciiLib
    director.o(i.calculate_gravity) refers to faddsub_clz.o(x$fpl$fsub) for __aeabi_fsub
    director.o(i.calculate_gravity) refers to vector.o(i.magnitude_vector) for magnitude_vector
    director.o(i.calculate_gravity) refers to fmul.o(x$fpl$fmul) for __aeabi_fmul
    director.o(i.calculate_gravity) refers to fdiv.o(x$fpl$fdiv) for __aeabi_fdiv
    director.o(i.calculate_gravity) refers to vector.o(i.normalise_vector) for normalise_vector
    director.o(i.calculate_gravity) refers to vector.o(i.multiply_vector) for multiply_vector
    director.o(i.calculate_gravity) refers to director.o(.bss) for game_object_array
    director.o(i.control_input) refers to _printf_percent.o(.ARM.Collect$$_printf_percent$$00000000) for _printf_percent
    director.o(i.control_input) refers to _printf_d.o(.ARM.Collect$$_printf_percent$$00000009) for _printf_d
    director.o(i.control_input) refers to _printf_dec.o(.text) for _printf_int_dec
    director.o(i.control_input) refers to dflt_clz.o(x$fpl$dflt) for __aeabi_i2d
    director.o(i.control_input) refers to dmul.o(x$fpl$dmul) for __aeabi_dmul
    director.o(i.control_input) refers to f2d.o(x$fpl$f2d) for __aeabi_f2d
    director.o(i.control_input) refers to daddsub_clz.o(x$fpl$dadd) for __aeabi_dadd
    director.o(i.control_input) refers to d2f.o(x$fpl$d2f) for __aeabi_d2f
    director.o(i.control_input) refers to noretval__2sprintf.o(.text) for __2sprintf
    director.o(i.control_input) refers to framebuffer.o(i.buffer_text) for buffer_text
    director.o(i.control_input) refers to fmul.o(x$fpl$fmul) for __aeabi_fmul
    director.o(i.control_input) refers to ddiv.o(x$fpl$ddiv) for __aeabi_ddiv
    director.o(i.control_input) refers to vector.o(i.rotate_vector) for rotate_vector
    director.o(i.control_input) refers to vector.o(i.add_vector) for add_vector
    director.o(i.control_input) refers to director.o(.bss) for game_object_array
    director.o(i.initialize_object) refers to director.o(.data) for game_object_counter
    director.o(i.initialize_object) refers to director.o(.bss) for game_object_array
    director.o(i.print_object_values) refers to director.o(.bss) for game_object_array
    director.o(i.print_object_values) refers to director.o(.data) for game_object_counter
    director.o(i.render_gamestate_to_LCD) refers to vector_render_engine.o(i.draw_entity_to_buffer) for draw_entity_to_buffer
    director.o(i.render_gamestate_to_LCD) refers to framebuffer.o(i.buffer_to_LCD) for buffer_to_LCD
    director.o(i.render_gamestate_to_LCD) refers to director.o(.bss) for game_object_array
    director.o(i.render_gamestate_to_LCD) refers to director.o(.data) for game_object_counter
    director.o(i.start_game) refers to director.o(.data) for game_object_counter
    director.o(i.update_acceleration) refers to director.o(i.calculate_gravity) for calculate_gravity
    director.o(i.update_acceleration) refers to vector.o(i.add_vector) for add_vector
    director.o(i.update_acceleration) refers to director.o(.bss) for game_object_array
    director.o(i.update_acceleration) refers to director.o(.data) for game_object_counter
    director.o(i.update_displacement) refers to vector.o(i.add_vector) for add_vector
    director.o(i.update_displacement) refers to director.o(.bss) for game_object_array
    director.o(i.update_objects) refers to director.o(i.update_acceleration) for update_acceleration
    director.o(i.update_objects) refers to director.o(i.update_velocity) for update_velocity
    director.o(i.update_objects) refers to vector.o(i.multiply_vector) for multiply_vector
    director.o(i.update_objects) refers to vector.o(i.add_vector) for add_vector
    director.o(i.update_objects) refers to ffix.o(x$fpl$ffix) for __aeabi_f2iz
    director.o(i.update_objects) refers to director.o(i.update_displacement) for update_displacement
    director.o(i.update_objects) refers to director.o(i.update_sprite) for update_sprite
    director.o(i.update_objects) refers to director.o(.bss) for game_object_array
    director.o(i.update_objects) refers to director.o(.data) for game_object_counter
    director.o(i.update_place_space) refers to director.o(i.print_object_values) for print_object_values
    director.o(i.update_place_space) refers to director.o(i.update_objects) for update_objects
    director.o(i.update_place_space) refers to director.o(i.render_gamestate_to_LCD) for render_gamestate_to_LCD
    director.o(i.update_place_space) refers to director.o(.data) for debug
    director.o(i.update_velocity) refers to vector.o(i.add_vector) for add_vector
    director.o(i.update_velocity) refers to director.o(.bss) for game_object_array
[...]
    ../fplib/dleqf.s                         0x00000000   Number         0  dleqf.o ABSOLUTE
    ../fplib/dmul.s                          0x00000000   Number         0  dmul.o ABSOLUTE
    ../fplib/dnaninf.s                       0x00000000   Number         0  dnaninf.o ABSOLUTE
    ../fplib/dretinf.s                       0x00000000   Number         0  dretinf.o ABSOLUTE
    ../fplib/drleqf.s                        0x00000000   Number         0  drleqf.o ABSOLUTE
    ../fplib/dsqrt.s                         0x00000000   Number         0  dsqrt_noumaal.o ABSOLUTE
    ../fplib/f2d.s                           0x00000000   Number         0  f2d.o ABSOLUTE
    ../fplib/faddsub.s                       0x00000000   Number         0  faddsub_clz.o ABSOLUTE
    ../fplib/fcmpi.s                         0x00000000   Number         0  fcmpi.o ABSOLUTE
    ../fplib/fdiv.s                          0x00000000   Number         0  fdiv.o ABSOLUTE
    ../fplib/ffix.s                          0x00000000   Number         0  ffix.o ABSOLUTE
    ../fplib/fflt.s                          0x00000000   Number         0  fflt_clz.o ABSOLUTE
    ../fplib/fleqf.s                         0x00000000   Number         0  fleqf.o ABSOLUTE
    ../fplib/fmul.s                          0x00000000   Number         0  fmul.o ABSOLUTE
    ../fplib/fnaninf.s                       0x00000000   Number         0  fnaninf.o ABSOLUTE
    ../fplib/fpinit.s                        0x00000000   Number         0  fpinit.o ABSOLUTE
    ../fplib/fretinf.s                       0x00000000   Number         0  fretinf.o ABSOLUTE
    ../fplib/frleqf.s                        0x00000000   Number         0  frleqf.o ABSOLUTE
    ../fplib/istatus.s                       0x00000000   Number         0  istatus.o ABSOLUTE
    ../fplib/printf1.s                       0x00000000   Number         0  printf1.o ABSOLUTE
    ../fplib/retnan.s                        0x00000000   Number         0  retnan.o ABSOLUTE
    ../fplib/scalbn.s                        0x00000000   Number         0  scalbn.o ABSOLUTE
    ../fplib/trapv.s                         0x00000000   Number         0  trapv.o ABSOLUTE
    ../fplib/usenofp.s                       0x00000000   Number         0  usenofp.o ABSOLUTE
    ../mathlib/cos.c                         0x00000000   Number         0  cos_x.o ABSOLUTE
    ../mathlib/cos.c                         0x00000000   Number         0  cos.o ABSOLUTE
    ../mathlib/cos_i.c                       0x00000000   Number         0  cos_i.o ABSOLUTE
    ../mathlib/dunder.c                      0x00000000   Number         0  dunder.o ABSOLUTE
    ../mathlib/fpclassify.c                  0x00000000   Number         0  fpclassify.o ABSOLUTE
    ../mathlib/poly.c                        0x00000000   Number         0  poly.o ABSOLUTE
    ../mathlib/pow.c                         0x00000000   Number         0  pow_x.o ABSOLUTE
    ../mathlib/pow.c                         0x00000000   Number         0  pow.o ABSOLUTE
    ../mathlib/qnan.c                        0x00000000   Number         0  qnan.o ABSOLUTE
    ../mathlib/rred.c                        0x00000000   Number         0  rred.o ABSOLUTE
    ../mathlib/sin.c                         0x00000000   Number         0  sin.o ABSOLUTE
    ../mathlib/sin.c                         0x00000000   Number         0  sin_x.o ABSOLUTE
    ../mathlib/sin_i.c                       0x00000000   Number         0  sin_i_x.o ABSOLUTE
    ../mathlib/sin_i.c                       0x00000000   Number         0  sin_i.o ABSOLUTE
    ../mathlib/sqrt.c                        0x00000000   Number         0  sqrt_x.o ABSOLUTE
    ../mathlib/sqrt.c                        0x00000000   Number         0  sqrt.o ABSOLUTE
    ..\\source_code\\GLCD.c                  0x00000000   Number         0  glcd.o ABSOLUTE
    ..\\source_code\\Serial.c                0x00000000   Number         0  serial.o ABSOLUTE
    ..\\source_code\\director.c              0x00000000   Number         0  director.o ABSOLUTE
    ..\\source_code\\framebuffer.c           0x00000000   Number         0  framebuffer.o ABSOLUTE
    ..\\source_code\\i2c.c                   0x00000000   Number         0  i2c.o ABSOLUTE
    ..\\source_code\\joystick.c              0x00000000   Number         0  joystick.o ABSOLUTE
    ..\\source_code\\main.c                  0x00000000   Number         0  main.o ABSOLUTE
    ..\\source_code\\nunchuck.c              0x00000000   Number         0  nunchuck.o ABSOLUTE
    ..\\source_code\\sound.c                 0x00000000   Number         0  sound.o ABSOLUTE
    ..\\source_code\\timer.c                 0x00000000   Number         0  timer.o ABSOLUTE
    ..\\source_code\\vector_render_engine.c  0x00000000   Number         0  vector_render_engine.o ABSOLUTE
    ..\source_code\AsciiLib.c                0x00000000   Number         0  asciilib.o ABSOLUTE
    ..\source_code\GLCD.c                    0x00000000   Number         0  glcd.o ABSOLUTE
    ..\source_code\Retarget.c                0x00000000   Number         0  retarget.o ABSOLUTE
    ..\source_code\Serial.c                  0x00000000   Number         0  serial.o ABSOLUTE
    ..\source_code\director.c                0x00000000   Number         0  director.o ABSOLUTE
    ..\source_code\framebuffer.c             0x00000000   Number         0  framebuffer.o ABSOLUTE
    ..\source_code\i2c.c                     0x00000000   Number         0  i2c.o ABSOLUTE
    ..\source_code\joystick.c                0x00000000   Number         0  joystick.o ABSOLUTE
    ..\source_code\main.c                    0x00000000   Number         0  main.o ABSOLUTE
    ..\source_code\nunchuck.c                0x00000000   Number         0  nunchuck.o ABSOLUTE
    ..\source_code\sound.c                   0x00000000   Number         0  sound.o ABSOLUTE
    ..\source_code\timer.c                   0x00000000   Number         0  timer.o ABSOLUTE
    ..\source_code\vector.c                  0x00000000   Number         0  vector.o ABSOLUTE
    ..\source_code\vector_render_engine.c    0x00000000   Number         0  vector_render_engine.o ABSOLUTE
    C:\Users\Brendan Nenninger\AppData\Local\Arm\Packs\Keil\LPC1700_DFP\2.7.0\RTE_Driver\GPIO_LPC17xx.c 0x00000000   Number         0  gpio_lpc17xx.o ABSOLUTE
    C:\\Users\\Brendan Nenninger\\AppData\\Local\\Arm\\Packs\\Keil\\LPC1700_DFP\\2.7.0\\RTE_Driver\\GPIO_LPC17xx.c 0x00000000   Number         0  gpio_lpc17xx.o ABSOLUTE
    RTE\Device\LPC1768\startup_LPC17xx.s     0x00000000   Number         0  startup_lpc17xx.o ABSOLUTE
    RTE\Device\LPC1768\system_LPC17xx.c      0x00000000   Number         0  system_lpc17xx.o ABSOLUTE
    RTE\\Device\\LPC1768\\system_LPC17xx.c   0x00000000   Number         0  system_lpc17xx.o ABSOLUTE
    dc.s                                     0x00000000   Number         0  dc.o ABSOLUTE
    !!!main                                  0x000000cc   Section        8  __main.o(!!!main)
    !!!scatter                               0x000000d4   Section       52  __scatter.o(!!!scatter)
    !!dczerorl2                              0x00000108   Section       90  __dczerorl2.o(!!dczerorl2)
    !!handler_zi                             0x00000164   Section       28  __scatter_zi.o(!!handler_zi)
    .ARM.Collect$$_printf_percent$$00000000  0x00000180   Section        0  _printf_percent.o(.ARM.Collect$$_printf_percent$$00000000)
    .ARM.Collect$$_printf_percent$$00000009  0x00000180   Section        6  _printf_d.o(.ARM.Collect$$_printf_percent$$00000009)
    .ARM.Collect$$_printf_percent$$00000017  0x00000186   Section        4  _printf_percent_end.o(.ARM.Collect$$_printf_percent$$00000017)
    .ARM.Collect$$libinit$$00000000          0x0000018a   Section        2  libinit.o(.ARM.Collect$$libinit$$00000000)
    .ARM.Collect$$libinit$$00000002          0x0000018c   Section        0  libinit2.o(.ARM.Collect$$libinit$$00000002)
    .ARM.Collect$$libinit$$00000004          0x0000018c   Section        0  libinit2.o(.ARM.Collect$$libinit$$00000004)
    .ARM.Collect$$libinit$$0000000A          0x0000018c   Section        0  libinit2.o(.ARM.Collect$$libinit$$0000000A)
    .ARM.Collect$$libinit$$0000000C          0x0000018c   Section        0  libinit2.o(.ARM.Collect$$libinit$$0000000C)
    .ARM.Collect$$libinit$$0000000D          0x0000018c   Section        4  libinit2.o(.ARM.Collect$$libinit$$0000000D)
    .ARM.Collect$$libinit$$0000000E          0x00000190   Section        0  libinit2.o(.ARM.Collect$$libinit$$0000000E)
    .ARM.Collect$$libinit$$00000011          0x00000190   Section        0  libinit2.o(.ARM.Collect$$libinit$$00000011)
    .ARM.Collect$$libinit$$00000013          0x00000190   Section        0  libinit2.o(.ARM.Collect$$libinit$$00000013)
    .ARM.Collect$$libinit$$00000015          0x00000190   Section        0  libinit2.o(.ARM.Collect$$libinit$$00000015)
    .ARM.Collect$$libinit$$00000017          0x00000190   Section        0  libinit2.o(.ARM.Collect$$libinit$$00000017)
    .ARM.Collect$$libinit$$00000019          0x00000190   Section        0  libinit2.o(.ARM.Collect$$libinit$$00000019)
    .ARM.Collect$$libinit$$0000001B          0x00000190   Section        0  libinit2.o(.ARM.Collect$$libinit$$0000001B)
    .ARM.Collect$$libinit$$0000001D          0x00000190   Section        0  libinit2.o(.ARM.Collect$$libinit$$0000001D)
    .ARM.Collect$$libinit$$0000001F          0x00000190   Section        0  libinit2.o(.ARM.Collect$$libinit$$0000001F)
    .ARM.Collect$$libinit$$00000021          0x00000190   Section        0  libinit2.o(.ARM.Collect$$libinit$$00000021)
    .ARM.Collect$$libinit$$00000023          0x00000190   Section        0  libinit2.o(.ARM.Collect$$libinit$$00000023)
    .ARM.Collect$$libinit$$00000025          0x00000190   Section        0  libinit2.o(.ARM.Collect$$libinit$$00000025)
    .ARM.Collect$$libinit$$0000002C          0x00000190   Section        0  libinit2.o(.ARM.Collect$$libinit$$0000002C)
    .ARM.Collect$$libinit$$0000002E          0x00000190   Section        0  libinit2.o(.ARM.Collect$$libinit$$0000002E)
    .ARM.Collect$$libinit$$00000030          0x00000190   Section        0  libinit2.o(.ARM.Collect$$libinit$$00000030)
    .ARM.Collect$$libinit$$00000032          0x00000190   Section        0  libinit2.o(.ARM.Collect$$libinit$$00000032)
    .ARM.Collect$$libinit$$00000033          0x00000190   Section        2  libinit2.o(.ARM.Collect$$libinit$$00000033)
    .ARM.Collect$$libshutdown$$00000000      0x00000192   Section        2  libshutdown.o(.ARM.Collect$$libshutdown$$00000000)
    .ARM.Collect$$libshutdown$$00000002      0x00000194   Section        0  libshutdown2.o(.ARM.Collect$$libshutdown$$00000002)
    .ARM.Collect$$libshutdown$$00000004      0x00000194   Section        0  libshutdown2.o(.ARM.Collect$$libshutdown$$00000004)
    .ARM.Collect$$libshutdown$$00000006      0x00000194   Section        0  libshutdown2.o(.ARM.Collect$$libshutdown$$00000006)
    .ARM.Collect$$libshutdown$$00000009      0x00000194   Section        0  libshutdown2.o(.ARM.Collect$$libshutdown$$00000009)
    .ARM.Collect$$libshutdown$$0000000C      0x00000194   Section        0  libshutdown2.o(.ARM.Collect$$libshutdown$$0000000C)
    .ARM.Collect$$libshutdown$$0000000E      0x00000194   Section        0  libshutdown2.o(.ARM.Collect$$libshutdown$$0000000E)
    .ARM.Collect$$libshutdown$$00000011      0x00000194   Section        0  libshutdown2.o(.ARM.Collect$$libshutdown$$00000011)
    .ARM.Collect$$libshutdown$$00000012      0x00000194   Section        2  libshutdown2.o(.ARM.Collect$$libshutdown$$00000012)
    .ARM.Collect$$rtentry$$00000000          0x00000196   Section        0  __rtentry.o(.ARM.Collect$$rtentry$$00000000)
    .ARM.Collect$$rtentry$$00000002          0x00000196   Section        0  __rtentry2.o(.ARM.Collect$$rtentry$$00000002)
    .ARM.Collect$$rtentry$$00000004          0x00000196   Section        6  __rtentry4.o(.ARM.Collect$$rtentry$$00000004)
    .ARM.Collect$$rtentry$$00000009          0x0000019c   Section        0  __rtentry2.o(.ARM.Collect$$rtentry$$00000009)
    .ARM.Collect$$rtentry$$0000000A          0x0000019c   Section        4  __rtentry2.o(.ARM.Collect$$rtentry$$0000000A)
    .ARM.Collect$$rtentry$$0000000C          0x000001a0   Section        0  __rtentry2.o(.ARM.Collect$$rtentry$$0000000C)
    .ARM.Collect$$rtentry$$0000000D          0x000001a0   Section        8  __rtentry2.o(.ARM.Collect$$rtentry$$0000000D)
    .ARM.Collect$$rtexit$$00000000           0x000001a8   Section        2  rtexit.o(.ARM.Collect$$rtexit$$00000000)
    .ARM.Collect$$rtexit$$00000002           0x000001aa   Section        0  rtexit2.o(.ARM.Collect$$rtexit$$00000002)
    .ARM.Collect$$rtexit$$00000003           0x000001aa   Section        4  rtexit2.o(.ARM.Collect$$rtexit$$00000003)
    .ARM.Collect$$rtexit$$00000004           0x000001ae   Section        6  rtexit2.o(.ARM.Collect$$rtexit$$00000004)
    .text                                    0x000001b4   Section       60  startup_lpc17xx.o(.text)
    .text                                    0x000001f0   Section        2  use_no_semi.o(.text)
    .text                                    0x000001f4   Section        0  noretval__2sprintf.o(.text)
    .text                                    0x0000021c   Section        0  __printf.o(.text)
    .text                                    0x00000284   Section        0  _printf_dec.o(.text)
    .ARM.__at_0x02FC                         0x000002fc   Section        4  startup_lpc17xx.o(.ARM.__at_0x02FC)
    .text                                    0x00000300   Section        0  rand.o(.text)
    .text                                    0x0000033c   Section      138  rt_memcpy_v6.o(.text)
    .text                                    0x000003c6   Section      100  rt_memcpy_w.o(.text)
    .text                                    0x0000042a   Section        0  heapauxi.o(.text)
    .text                                    0x00000430   Section        0  _rserrno.o(.text)
    .text                                    0x00000446   Section        0  _printf_intcommon.o(.text)
    .text                                    0x000004f8   Section        0  _printf_char_common.o(.text)
    _printf_input_char                       0x000004f9   Thumb Code    10  _printf_char_common.o(.text)
    .text                                    0x00000528   Section        0  _sputc.o(.text)
    .text                                    0x00000534   Section        8  rt_errno_addr_intlibspace.o(.text)
    .text                                    0x0000053c   Section        8  libspace.o(.text)
    .text                                    0x00000544   Section       74  sys_stackheap_outer.o(.text)
    .text                                    0x0000058e   Section        0  exit.o(.text)
    i.GetASCIICode                           0x000005a0   Section        0  asciilib.o(i.GetASCIICode)
    i.I2C0_IRQHandler                        0x000005c0   Section        0  i2c.o(i.I2C0_IRQHandler)
    i.I2C1_IRQHandler                        0x000007b8   Section        0  i2c.o(i.I2C1_IRQHandler)
    i.I2C2Init                               0x000009a8   Section        0  i2c.o(i.I2C2Init)
    i.I2C2_IRQHandler                        0x00000a14   Section        0  i2c.o(i.I2C2_IRQHandler)
    i.I2CEngine                              0x00000bd4   Section        0  i2c.o(i.I2CEngine)
    i.LCD_Clear                              0x00000c7c   Section        0  glcd.o(i.LCD_Clear)
    i.LCD_Configuration                      0x0000126c   Section        0  glcd.o(i.LCD_Configuration)
    LCD_Configuration                        0x0000126d   Thumb Code    20  glcd.o(i.LCD_Configuration)
    i.LCD_Initialization                     0x00001284   Section        0  glcd.o(i.LCD_Initialization)
    i.LCD_SetCursor                          0x0000417c   Section        0  glcd.o(i.LCD_SetCursor)
    LCD_SetCursor                            0x0000417d   Thumb Code  1414  glcd.o(i.LCD_SetCursor)
    i.LCD_SetPoint                           0x00004708   Section        0  glcd.o(i.LCD_SetPoint)
    i.NunChuck_init                          0x000047dc   Section        0  nunchuck.o(i.NunChuck_init)
    i.NunChuck_phase1_init                   0x000047e8   Section        0  nunchuck.o(i.NunChuck_phase1_init)
    i.NunChuck_phase2_read                   0x00004854   Section        0  nunchuck.o(i.NunChuck_phase2_read)
    i.NunChuck_read                          0x000048ac   Section        0  nunchuck.o(i.NunChuck_read)
    i.NunChuck_translate_data                0x00004924   Section        0  nunchuck.o(i.NunChuck_translate_data)
    i.SER_init                               0x000049d0   Section        0  serial.o(i.SER_init)
    i.SystemInit                             0x00004a90   Section        0  system_lpc17xx.o(i.SystemInit)
    i.TIMER0_IRQHandler                      0x00004bd0   Section        0  timer.o(i.TIMER0_IRQHandler)
    i.__ARM_fpclassify                       0x00004c50   Section        0  fpclassify.o(i.__ARM_fpclassify)
    i.__NVIC_EnableIRQ                       0x00004c78   Section        0  i2c.o(i.__NVIC_EnableIRQ)
    __NVIC_EnableIRQ                         0x00004c79   Thumb Code    34  i2c.o(i.__NVIC_EnableIRQ)
    i.__ieee754_rem_pio2                     0x00004c9c   Section        0  rred.o(i.__ieee754_rem_pio2)
    i.__kernel_cos                           0x00005024   Section        0  cos_i.o(i.__kernel_cos)
    i.__kernel_poly                          0x00005120   Section        0  poly.o(i.__kernel_poly)
    i.__kernel_sin                           0x000051cc   Section        0  sin_i.o(i.__kernel_sin)
    i.__mathlib_dbl_divzero                  0x000052b8   Section        0  dunder.o(i.__mathlib_dbl_divzero)
    i.__mathlib_dbl_infnan                   0x000052c8   Section        0  dunder.o(i.__mathlib_dbl_infnan)
    i.__mathlib_dbl_infnan2                  0x000052ce   Section        0  dunder.o(i.__mathlib_dbl_infnan2)
    i.__mathlib_dbl_invalid                  0x000052d2   Section        0  dunder.o(i.__mathlib_dbl_invalid)
    i.__mathlib_dbl_overflow                 0x000052de   Section        0  dunder.o(i.__mathlib_dbl_overflow)
    i.__mathlib_dbl_underflow                0x000052ec   Section        0  dunder.o(i.__mathlib_dbl_underflow)
    i._sys_exit                              0x000052fc   Section        0  retarget.o(i._sys_exit)
    i.add_vector                             0x00005300   Section        0  vector.o(i.add_vector)
    i.apply_transforms                       0x0000531c   Section        0  vector_render_engine.o(i.apply_transforms)
    i.buffer_char                            0x000053e8   Section        0  framebuffer.o(i.buffer_char)
    i.buffer_line                            0x00005430   Section        0  framebuffer.o(i.buffer_line)
    i.buffer_pixel                           0x000054c0   Section        0  framebuffer.o(i.buffer_pixel)
    i.buffer_text                            0x00005524   Section        0  framebuffer.o(i.buffer_text)
    i.buffer_to_LCD                          0x00005568   Section        0  framebuffer.o(i.buffer_to_LCD)
    i.calculate_gravity                      0x0000565c   Section        0  director.o(i.calculate_gravity)
    i.control_input                          0x000056f8   Section        0  director.o(i.control_input)
    i.cos                                    0x000057d4   Section        0  cos.o(i.cos)
    i.delay_dirty                            0x00005870   Section        0  nunchuck.o(i.delay_dirty)
    i.delay_ms                               0x0000588e   Section        0  glcd.o(i.delay_ms)
    delay_ms                                 0x0000588f   Thumb Code    30  glcd.o(i.delay_ms)
    i.divide_vector                          0x000058ac   Section        0  vector.o(i.divide_vector)
    i.draw_entity_to_buffer                  0x000058c8   Section        0  vector_render_engine.o(i.draw_entity_to_buffer)
    i.enable_timer0                          0x0000596c   Section        0  timer.o(i.enable_timer0)
    i.init_framebuffer                       0x00005978   Section        0  framebuffer.o(i.init_framebuffer)
    i.init_timer0                            0x00005998   Section        0  timer.o(i.init_timer0)
    i.init_vector_render_engine              0x00005a40   Section        0  vector_render_engine.o(i.init_vector_render_engine)
    i.initialize_object                      0x00005a90   Section        0  director.o(i.initialize_object)
    i.magnitude_vector                       0x00005bfc   Section        0  vector.o(i.magnitude_vector)
    i.main                                   0x00005c54   Section        0  main.o(i.main)
    i.multiply_vector                        0x00005d3c   Section        0  vector.o(i.multiply_vector)
    i.normalise_vector                       0x00005d58   Section        0  vector.o(i.normalise_vector)
    i.pow                                    0x00005d70   Section        0  pow.o(i.pow)
    i.print_object_values                    0x00006748   Section        0  director.o(i.print_object_values)
    i.render_gamestate_to_LCD                0x000067e0   Section        0  director.o(i.render_gamestate_to_LCD)
    i.rotate_vector                          0x0000681c   Section        0  vector.o(i.rotate_vector)
    i.sin                                    0x00006914   Section        0  sin.o(i.sin)
    i.sqrt                                   0x000069b4   Section        0  sqrt.o(i.sqrt)
    i.update_acceleration                    0x00006a00   Section        0  director.o(i.update_acceleration)
    i.update_displacement                    0x00006a9c   Section        0  director.o(i.update_displacement)
    i.update_objects                         0x00006acc   Section        0  director.o(i.update_objects)
    i.update_place_space                     0x00006ba8   Section        0  director.o(i.update_place_space)
    i.update_sprite                          0x00006bc4   Section        0  director.o(i.update_sprite)
    i.update_velocity                        0x00006bcc   Section        0  director.o(i.update_velocity)
    i.wait_delay                             0x00006bfc   Section        0  glcd.o(i.wait_delay)
    wait_delay                               0x00006bfd   Thumb Code    12  glcd.o(i.wait_delay)
    x$fpl$d2f                                0x00006c08   Section       98  d2f.o(x$fpl$d2f)
    x$fpl$dadd                               0x00006c6c   Section      336  daddsub_clz.o(x$fpl$dadd)
    _dadd1                                   0x00006c7d   Thumb Code     0  daddsub_clz.o(x$fpl$dadd)
    x$fpl$dcheck1                            0x00006dbc   Section       16  dcheck1.o(x$fpl$dcheck1)
    x$fpl$dcmpinf                            0x00006dcc   Section       24  dcmpi.o(x$fpl$dcmpinf)
    x$fpl$ddiv                               0x00006de4   Section      688  ddiv.o(x$fpl$ddiv)
    ddiv_entry                               0x00006deb   Thumb Code     0  ddiv.o(x$fpl$ddiv)
    x$fpl$dfix                               0x00007094   Section       94  dfix.o(x$fpl$dfix)
    x$fpl$dflt                               0x000070f2   Section       46  dflt_clz.o(x$fpl$dflt)
    x$fpl$dfltu                              0x00007120   Section       38  dflt_clz.o(x$fpl$dfltu)
    x$fpl$dleqf                              0x00007148   Section      120  dleqf.o(x$fpl$dleqf)
    x$fpl$dmul                               0x000071c0   Section      340  dmul.o(x$fpl$dmul)
    x$fpl$dnaninf                            0x00007314   Section      156  dnaninf.o(x$fpl$dnaninf)
    x$fpl$dretinf                            0x000073b0   Section       12  dretinf.o(x$fpl$dretinf)
    x$fpl$drleqf                             0x000073bc   Section      108  drleqf.o(x$fpl$drleqf)
    x$fpl$drsb                               0x00007428   Section       22  daddsub_clz.o(x$fpl$drsb)
    x$fpl$dsqrt                              0x00007440   Section      460  dsqrt_noumaal.o(x$fpl$dsqrt)
    x$fpl$dsub                               0x0000760c   Section      468  daddsub_clz.o(x$fpl$dsub)
    _dsub1                                   0x0000761d   Thumb Code     0  daddsub_clz.o(x$fpl$dsub)
    x$fpl$f2d                                0x000077e0   Section       86  f2d.o(x$fpl$f2d)
    x$fpl$fadd                               0x00007838   Section      196  faddsub_clz.o(x$fpl$fadd)
    _fadd1                                   0x00007847   Thumb Code     0  faddsub_clz.o(x$fpl$fadd)
    x$fpl$fdiv                               0x000078fc   Section      388  fdiv.o(x$fpl$fdiv)
    _fdiv1                                   0x000078fd   Thumb Code     0  fdiv.o(x$fpl$fdiv)
    x$fpl$ffix                               0x00007a80   Section       54  ffix.o(x$fpl$ffix)
    x$fpl$fflt                               0x00007ab8   Section       48  fflt_clz.o(x$fpl$fflt)
    x$fpl$fmul                               0x00007ae8   Section      258  fmul.o(x$fpl$fmul)
    x$fpl$fnaninf                            0x00007bea   Section      140  fnaninf.o(x$fpl$fnaninf)
    x$fpl$fretinf                            0x00007c76   Section       10  fretinf.o(x$fpl$fretinf)
    x$fpl$fsub                               0x00007c80   Section      234  faddsub_clz.o(x$fpl$fsub)
    _fsub1                                   0x00007c8f   Thumb Code     0  faddsub_clz.o(x$fpl$fsub)
    x$fpl$retnan                             0x00007d6a   Section      100  retnan.o(x$fpl$retnan)
    x$fpl$scalbn                             0x00007dce   Section       92  scalbn.o(x$fpl$scalbn)
    x$fpl$trapveneer                         0x00007e2a   Section       48  trapv.o(x$fpl$trapveneer)
    .constdata                               0x00007e5a   Section     1520  asciilib.o(.constdata)
    x$fpl$usenofp                            0x00007e5a   Section        0  usenofp.o(x$fpl$usenofp)
    AsciiLib                                 0x00007e5a   Data        1520  asciilib.o(.constdata)
    .constdata                               0x0000844c   Section       12  i2c.o(.constdata)
    LPC_I2C                                  0x0000844c   Data          12  i2c.o(.constdata)
    .constdata                               0x00008458   Section      136  pow.o(.constdata)
    bp                                       0x00008458   Data          16  pow.o(.constdata)
    dp_h                                     0x00008468   Data          16  pow.o(.constdata)
    dp_l                                     0x00008478   Data          16  pow.o(.constdata)
    L                                        0x00008488   Data          48  pow.o(.constdata)
    P                                        0x000084b8   Data          40  pow.o(.constdata)
    .constdata                               0x000084e0   Section       48  cos_i.o(.constdata)
    C                                        0x000084e0   Data          48  cos_i.o(.constdata)
    .constdata                               0x00008510   Section        8  qnan.o(.constdata)
    .constdata                               0x00008518   Section      200  rred.o(.constdata)
    pio2s                                    0x00008518   Data          48  rred.o(.constdata)
    twooverpi                                0x00008548   Data         152  rred.o(.constdata)
    .constdata                               0x000085e0   Section       40  sin_i.o(.constdata)
    S                                        0x000085e0   Data          40  sin_i.o(.constdata)
    .data                                    0x10000000   Section        5  director.o(.data)
    .data                                    0x10000008   Section        8  framebuffer.o(.data)
    .data                                    0x10000010   Section        1  glcd.o(.data)
    LCD_Code                                 0x10000010   Data           1  glcd.o(.data)
    .data                                    0x10000014   Section       24  i2c.o(.data)
    .data                                    0x1000002c   Section       22  main.o(.data)
    .data                                    0x10000044   Section       30  nunchuck.o(.data)
    .data                                    0x10000062   Section        1  timer.o(.data)
    ticks                                    0x10000062   Data           1  timer.o(.data)
    .data                                    0x10000064   Section       32  vector.o(.data)
    .data                                    0x10000084   Section      288  vector_render_engine.o(.data)
    .data                                    0x100001a4   Section        4  system_lpc17xx.o(.data)
    .bss                                     0x100001a8   Section      504  director.o(.bss)
    .bss                                     0x100003a0   Section    19200  framebuffer.o(.bss)
    .bss                                     0x10004ea0   Section      444  i2c.o(.bss)
    .bss                                     0x1000505c   Section       16  vector.o(.bss)
    .bss                                     0x1000506c   Section     1684  vector_render_engine.o(.bss)
    .bss                                     0x10005700   Section      228  rand.o(.bss)
    .bss                                     0x100057e4   Section       96  libspace.o(.bss)
    HEAP                                     0x10005848   Section        0  startup_lpc17xx.o(HEAP)
    STACK                                    0x10005848   Section      512  startup_lpc17xx.o(STACK)
    Heap_Mem                                 0x10005848   Data           0  startup_lpc17xx.o(HEAP)
    Stack_Mem                                0x10005848   Data         512  startup_lpc17xx.o(STACK)
    __initial_sp                             0x10005a48   Data           0  startup_lpc17xx.o(STACK)

    Global Symbols

    Symbol Name                              Value     Ov Type        Size  Object(Section)

    BuildAttributes$$THM_ISAv4$P$D$K$B$S$PE$A:L22UL41UL21$X:L11$S22US41US21$IEEE1$IW$USESV6$~STKCKD$USESV7$~SHL$OTIME$ROPI$IEEEX$EBA8$UX$STANDARDLIB$REQ8$PRES8$EABIv2 0x00000000   Number         0  anon$$obj.o ABSOLUTE
    __ARM_use_no_argv                        0x00000000   Number         0  main.o ABSOLUTE
    __Vectors                                0x00000000   Data           4  startup_lpc17xx.o(RESET)
    __ARM_exceptions_init                     - Undefined Weak Reference
    __alloca_initialize                       - Undefined Weak Reference
    __arm_fini_                               - Undefined Weak Reference
    __arm_preinit_                            - Undefined Weak Reference
    __cpp_initialize__aeabi_                  - Undefined Weak Reference
    __cxa_finalize                            - Undefined Weak Reference
    __sigvec_lookup                           - Undefined Weak Reference
    _atexit_init                              - Undefined Weak Reference
    _call_atexit_fns                          - Undefined Weak Reference
    _clock_init                               - Undefined Weak Reference
    _fp_trap_init                             - Undefined Weak Reference
    _fp_trap_shutdown                         - Undefined Weak Reference
    _get_lc_collate                           - Undefined Weak Reference
    _get_lc_ctype                             - Undefined Weak Reference
    _get_lc_monetary                          - Undefined Weak Reference
    _get_lc_time                              - Undefined Weak Reference
    _getenv_init                              - Undefined Weak Reference
    _handle_redirection                       - Undefined Weak Reference
    _init_alloc                               - Undefined Weak Reference
    _init_user_alloc                          - Undefined Weak Reference
    _initio                                   - Undefined Weak Reference
    _printf_post_padding                      - Undefined Weak Reference
    _printf_pre_padding                       - Undefined Weak Reference
    _printf_truncate_signed                   - Undefined Weak Reference
    _printf_truncate_unsigned                 - Undefined Weak Reference
    _signal_finish                            - Undefined Weak Reference
    _signal_init                              - Undefined Weak Reference
    _terminate_alloc                          - Undefined Weak Reference
    _terminate_user_alloc                     - Undefined Weak Reference
    _terminateio                              - Undefined Weak Reference
    __main                                   0x000000cd   Thumb Code     8  __main.o(!!!main)
    __scatterload                            0x000000d5   Thumb Code     0  __scatter.o(!!!scatter)
    __scatterload_rt2                        0x000000d5   Thumb Code    44  __scatter.o(!!!scatter)
    __scatterload_rt2_thumb_only             0x000000d5   Thumb Code     0  __scatter.o(!!!scatter)
    __scatterload_null                       0x000000e3   Thumb Code     0  __scatter.o(!!!scatter)
    __decompress                             0x00000109   Thumb Code    90  __dczerorl2.o(!!dczerorl2)
    __decompress1                            0x00000109   Thumb Code     0  __dczerorl2.o(!!dczerorl2)
    __scatterload_zeroinit                   0x00000165   Thumb Code    28  __scatter_zi.o(!!handler_zi)
    _printf_d                                0x00000181   Thumb Code     0  _printf_d.o(.ARM.Collect$$_printf_percent$$00000009)
    _printf_percent                          0x00000181   Thumb Code     0  _printf_percent.o(.ARM.Collect$$_printf_percent$$00000000)
    _printf_percent_end                      0x00000187   Thumb Code     0  _printf_percent_end.o(.ARM.Collect$$_printf_percent$$00000017)
    __rt_lib_init                            0x0000018b   Thumb Code     0  libinit.o(.ARM.Collect$$libinit$$00000000)
    __rt_lib_init_fp_1                       0x0000018d   Thumb Code     0  libinit2.o(.ARM.Collect$$libinit$$00000002)
    __rt_lib_init_heap_1                     0x0000018d   Thumb Code     0  libinit2.o(.ARM.Collect$$libinit$$0000000A)
    __rt_lib_init_preinit_1                  0x0000018d   Thumb Code     0  libinit2.o(.ARM.Collect$$libinit$$00000004)
    __rt_lib_init_rand_2                     0x0000018d   Thumb Code     0  libinit2.o(.ARM.Collect$$libinit$$0000000D)
    __rt_lib_init_user_alloc_1               0x0000018d   Thumb Code     0  libinit2.o(.ARM.Collect$$libinit$$0000000C)
    __rt_lib_init_alloca_1                   0x00000191   Thumb Code     0  libinit2.o(.ARM.Collect$$libinit$$0000002E)
    __rt_lib_init_argv_1                     0x00000191   Thumb Code     0  libinit2.o(.ARM.Collect$$libinit$$0000002C)
    __rt_lib_init_atexit_1                   0x00000191   Thumb Code     0  libinit2.o(.ARM.Collect$$libinit$$0000001B)
    __rt_lib_init_clock_1                    0x00000191   Thumb Code     0  libinit2.o(.ARM.Collect$$libinit$$00000021)
    __rt_lib_init_cpp_1                      0x00000191   Thumb Code     0  libinit2.o(.ARM.Collect$$libinit$$00000032)
    __rt_lib_init_exceptions_1               0x00000191   Thumb Code     0  libinit2.o(.ARM.Collect$$libinit$$00000030)
    __rt_lib_init_fp_trap_1                  0x00000191   Thumb Code     0  libinit2.o(.ARM.Collect$$libinit$$0000001F)
    __rt_lib_init_getenv_1                   0x00000191   Thumb Code     0  libinit2.o(.ARM.Collect$$libinit$$00000023)
    __rt_lib_init_lc_collate_1               0x00000191   Thumb Code     0  libinit2.o(.ARM.Collect$$libinit$$00000011)
    __rt_lib_init_lc_ctype_1                 0x00000191   Thumb Code     0  libinit2.o(.ARM.Collect$$libinit$$00000013)
    __rt_lib_init_lc_monetary_1              0x00000191   Thumb Code     0  libinit2.o(.ARM.Collect$$libinit$$00000015)
    __rt_lib_init_lc_numeric_1               0x00000191   Thumb Code     0  libinit2.o(.ARM.Collect$$libinit$$00000017)
    __rt_lib_init_lc_time_1                  0x00000191   Thumb Code     0  libinit2.o(.ARM.Collect$$libinit$$00000019)
    __rt_lib_init_rand_1                     0x00000191   Thumb Code     0  libinit2.o(.ARM.Collect$$libinit$$0000000E)
    __rt_lib_init_return                     0x00000191   Thumb Code     0  libinit2.o(.ARM.Collect$$libinit$$00000033)
    __rt_lib_init_signal_1                   0x00000191   Thumb Code     0  libinit2.o(.ARM.Collect$$libinit$$0000001D)
    __rt_lib_init_stdio_1                    0x00000191   Thumb Code     0  libinit2.o(.ARM.Collect$$libinit$$00000025)
    __rt_lib_shutdown                        0x00000193   Thumb Code     0  libshutdown.o(.ARM.Collect$$libshutdown$$00000000)
    __rt_lib_shutdown_cpp_1                  0x00000195   Thumb Code     0  libshutdown2.o(.ARM.Collect$$libshutdown$$00000004)
    __rt_lib_shutdown_fini_1                 0x00000195   Thumb Code     0  libshutdown2.o(.ARM.Collect$$libshutdown$$00000002)
    __rt_lib_shutdown_fp_trap_1              0x00000195   Thumb Code     0  libshutdown2.o(.ARM.Collect$$libshutdown$$00000009)
    __rt_lib_shutdown_heap_1                 0x00000195   Thumb Code     0  libshutdown2.o(.ARM.Collect$$libshutdown$$00000011)
    __rt_lib_shutdown_return                 0x00000195   Thumb Code     0  libshutdown2.o(.ARM.Collect$$libshutdown$$00000012)
    __rt_lib_shutdown_signal_1               0x00000195   Thumb Code     0  libshutdown2.o(.ARM.Collect$$libshutdown$$0000000C)
    __rt_lib_shutdown_stdio_1                0x00000195   Thumb Code     0  libshutdown2.o(.ARM.Collect$$libshutdown$$00000006)
    __rt_lib_shutdown_user_alloc_1           0x00000195   Thumb Code     0  libshutdown2.o(.ARM.Collect$$libshutdown$$0000000E)
    __rt_entry                               0x00000197   Thumb Code     0  __rtentry.o(.ARM.Collect$$rtentry$$00000000)
    __rt_entry_presh_1                       0x00000197   Thumb Code     0  __rtentry2.o(.ARM.Collect$$rtentry$$00000002)
    __rt_entry_sh                            0x00000197   Thumb Code     0  __rtentry4.o(.ARM.Collect$$rtentry$$00000004)
    __rt_entry_li                            0x0000019d   Thumb Code     0  __rtentry2.o(.ARM.Collect$$rtentry$$0000000A)
    __rt_entry_postsh_1                      0x0000019d   Thumb Code     0  __rtentry2.o(.ARM.Collect$$rtentry$$00000009)
    __rt_entry_main                          0x000001a1   Thumb Code     0  __rtentry2.o(.ARM.Collect$$rtentry$$0000000D)
    __rt_entry_postli_1                      0x000001a1   Thumb Code     0  __rtentry2.o(.ARM.Collect$$rtentry$$0000000C)
    __rt_exit                                0x000001a9   Thumb Code     0  rtexit.o(.ARM.Collect$$rtexit$$00000000)
    __rt_exit_ls                             0x000001ab   Thumb Code     0  rtexit2.o(.ARM.Collect$$rtexit$$00000003)
    __rt_exit_prels_1                        0x000001ab   Thumb Code     0  rtexit2.o(.ARM.Collect$$rtexit$$00000002)
    __rt_exit_exit                           0x000001af   Thumb Code     0  rtexit2.o(.ARM.Collect$$rtexit$$00000004)
    Reset_Handler                            0x000001b5   Thumb Code     8  startup_lpc17xx.o(.text)
    NMI_Handler                              0x000001bd   Thumb Code     2  startup_lpc17xx.o(.text)
    HardFault_Handler                        0x000001bf   Thumb Code     2  startup_lpc17xx.o(.text)
    MemManage_Handler                        0x000001c1   Thumb Code     2  startup_lpc17xx.o(.text)
    BusFault_Handler                         0x000001c3   Thumb Code     2  startup_lpc17xx.o(.text)
    UsageFault_Handler                       0x000001c5   Thumb Code     2  startup_lpc17xx.o(.text)
    SVC_Handler                              0x000001c7   Thumb Code     2  startup_lpc17xx.o(.text)
    DebugMon_Handler                         0x000001c9   Thumb Code     2  startup_lpc17xx.o(.text)
    PendSV_Handler                           0x000001cb   Thumb Code     2  startup_lpc17xx.o(.text)
    SysTick_Handler                          0x000001cd   Thumb Code     2  startup_lpc17xx.o(.text)
    ADC_IRQHandler                           0x000001cf   Thumb Code     0  startup_lpc17xx.o(.text)
    BOD_IRQHandler                           0x000001cf   Thumb Code     0  startup_lpc17xx.o(.text)
    CANActivity_IRQHandler                   0x000001cf   Thumb Code     0  startup_lpc17xx.o(.text)
    CAN_IRQHandler                           0x000001cf   Thumb Code     0  startup_lpc17xx.o(.text)
    DMA_IRQHandler                           0x000001cf   Thumb Code     0  startup_lpc17xx.o(.text)
    EINT0_IRQHandler                         0x000001cf   Thumb Code     0  startup_lpc17xx.o(.text)
    EINT1_IRQHandler                         0x000001cf   Thumb Code     0  startup_lpc17xx.o(.text)
    EINT2_IRQHandler                         0x000001cf   Thumb Code     0  startup_lpc17xx.o(.text)
    EINT3_IRQHandler                         0x000001cf   Thumb Code     0  startup_lpc17xx.o(.text)
    ENET_IRQHandler                          0x000001cf   Thumb Code     0  startup_lpc17xx.o(.text)
    I2S_IRQHandler                           0x000001cf   Thumb Code     0  startup_lpc17xx.o(.text)
    MCPWM_IRQHandler                         0x000001cf   Thumb Code     0  startup_lpc17xx.o(.text)
    PLL0_IRQHandler                          0x000001cf   Thumb Code     0  startup_lpc17xx.o(.text)
    PLL1_IRQHandler                          0x000001cf   Thumb Code     0  startup_lpc17xx.o(.text)
    PWM1_IRQHandler                          0x000001cf   Thumb Code     0  startup_lpc17xx.o(.text)
    QEI_IRQHandler                           0x000001cf   Thumb Code     0  startup_lpc17xx.o(.text)
    RIT_IRQHandler                           0x000001cf   Thumb Code     0  startup_lpc17xx.o(.text)
    RTC_IRQHandler                           0x000001cf   Thumb Code     0  startup_lpc17xx.o(.text)
    SPI_IRQHandler                           0x000001cf   Thumb Code     0  startup_lpc17xx.o(.text)
    SSP0_IRQHandler                          0x000001cf   Thumb Code     0  startup_lpc17xx.o(.text)
    SSP1_IRQHandler                          0x000001cf   Thumb Code     0  startup_lpc17xx.o(.text)
    TIMER1_IRQHandler                        0x000001cf   Thumb Code     0  startup_lpc17xx.o(.text)
    TIMER2_IRQHandler                        0x000001cf   Thumb Code     0  startup_lpc17xx.o(.text)
    TIMER3_IRQHandler                        0x000001cf   Thumb Code     0  startup_lpc17xx.o(.text)
    UART0_IRQHandler                         0x000001cf   Thumb Code     0  startup_lpc17xx.o(.text)
    UART1_IRQHandler                         0x000001cf   Thumb Code     0  startup_lpc17xx.o(.text)
    UART2_IRQHandler                         0x000001cf   Thumb Code     0  startup_lpc17xx.o(.text)
    UART3_IRQHandler                         0x000001cf   Thumb Code     0  startup_lpc17xx.o(.text)
    USBActivity_IRQHandler                   0x000001cf   Thumb Code     0  startup_lpc17xx.o(.text)
    USB_IRQHandler                           0x000001cf   Thumb Code     0  startup_lpc17xx.o(.text)
    WDT_IRQHandler                           0x000001cf   Thumb Code     0  startup_lpc17xx.o(.text)
    __user_initial_stackheap                 0x000001d1   Thumb Code     0  startup_lpc17xx.o(.text)
    __I$use$semihosting                      0x000001f1   Thumb Code     0  use_no_semi.o(.text)
    __use_no_semihosting_swi                 0x000001f1   Thumb Code     2  use_no_semi.o(.text)
    __2sprintf                               0x000001f5   Thumb Code    34  noretval__2sprintf.o(.text)
    __printf                                 0x0000021d   Thumb Code   104  __printf.o(.text)
    _printf_int_dec                          0x00000285   Thumb Code   104  _printf_dec.o(.text)
    srand                                    0x00000301   Thumb Code    42  rand.o(.text)
    _rand_init                               0x0000032b   Thumb Code     4  rand.o(.text)
    __aeabi_memcpy                           0x0000033d   Thumb Code     0  rt_memcpy_v6.o(.text)
    __rt_memcpy                              0x0000033d   Thumb Code   138  rt_memcpy_v6.o(.text)
    _memcpy_lastbytes                        0x000003a3   Thumb Code     0  rt_memcpy_v6.o(.text)
    __aeabi_memcpy4                          0x000003c7   Thumb Code     0  rt_memcpy_w.o(.text)
    __aeabi_memcpy8                          0x000003c7   Thumb Code     0  rt_memcpy_w.o(.text)
    __rt_memcpy_w                            0x000003c7   Thumb Code   100  rt_memcpy_w.o(.text)
    _memcpy_lastbytes_aligned                0x0000040f   Thumb Code     0  rt_memcpy_w.o(.text)
    __use_two_region_memory                  0x0000042b   Thumb Code     2  heapauxi.o(.text)
    __rt_heap_escrow$2region                 0x0000042d   Thumb Code     2  heapauxi.o(.text)
    __rt_heap_expand$2region                 0x0000042f   Thumb Code     2  heapauxi.o(.text)
    __read_errno                             0x00000431   Thumb Code    10  _rserrno.o(.text)
    __set_errno                              0x0000043b   Thumb Code    12  _rserrno.o(.text)
    _printf_int_common                       0x00000447   Thumb Code   178  _printf_intcommon.o(.text)
    _printf_char_common                      0x00000503   Thumb Code    32  _printf_char_common.o(.text)
    _sputc                                   0x00000529   Thumb Code    10  _sputc.o(.text)
    __aeabi_errno_addr                       0x00000535   Thumb Code     8  rt_errno_addr_intlibspace.o(.text)
    __errno$intlibspace                      0x00000535   Thumb Code     0  rt_errno_addr_intlibspace.o(.text)
    __rt_errno_addr$intlibspace              0x00000535   Thumb Code     0  rt_errno_addr_intlibspace.o(.text)
    __user_libspace                          0x0000053d   Thumb Code     8  libspace.o(.text)
    __user_perproc_libspace                  0x0000053d   Thumb Code     0  libspace.o(.text)
    __user_perthread_libspace                0x0000053d   Thumb Code     0  libspace.o(.text)
    __user_setup_stackheap                   0x00000545   Thumb Code    74  sys_stackheap_outer.o(.text)
    exit                                     0x0000058f   Thumb Code    18  exit.o(.text)
    GetASCIICode                             0x000005a1   Thumb Code    26  asciilib.o(i.GetASCIICode)
    I2C0_IRQHandler                          0x000005c1   Thumb Code   462  i2c.o(i.I2C0_IRQHandler)
    I2C1_IRQHandler                          0x000007b9   Thumb Code   452  i2c.o(i.I2C1_IRQHandler)
    I2C2Init                                 0x000009a9   Thumb Code    96  i2c.o(i.I2C2Init)
    I2C2_IRQHandler                          0x00000a15   Thumb Code   412  i2c.o(i.I2C2_IRQHandler)
    I2CEngine                                0x00000bd5   Thumb Code   124  i2c.o(i.I2CEngine)
    LCD_Clear                                0x00000c7d   Thumb Code  1514  glcd.o(i.LCD_Clear)
    LCD_Initialization                       0x00001285   Thumb Code 12020  glcd.o(i.LCD_Initialization)
    LCD_SetPoint                             0x00004709   Thumb Code   206  glcd.o(i.LCD_SetPoint)
    NunChuck_init                            0x000047dd   Thumb Code    12  nunchuck.o(i.NunChuck_init)
    NunChuck_phase1_init                     0x000047e9   Thumb Code    96  nunchuck.o(i.NunChuck_phase1_init)
    NunChuck_phase2_read                     0x00004855   Thumb Code    76  nunchuck.o(i.NunChuck_phase2_read)
    NunChuck_read                            0x000048ad   Thumb Code    86  nunchuck.o(i.NunChuck_read)
    NunChuck_translate_data                  0x00004925   Thumb Code   138  nunchuck.o(i.NunChuck_translate_data)
    SER_init                                 0x000049d1   Thumb Code   166  serial.o(i.SER_init)
    SystemInit                               0x00004a91   Thumb Code   302  system_lpc17xx.o(i.SystemInit)
    TIMER0_IRQHandler                        0x00004bd1   Thumb Code   108  timer.o(i.TIMER0_IRQHandler)
    __ARM_fpclassify                         0x00004c51   Thumb Code    40  fpclassify.o(i.__ARM_fpclassify)
    __ieee754_rem_pio2                       0x00004c9d   Thumb Code   828  rred.o(i.__ieee754_rem_pio2)
    __kernel_cos                             0x00005025   Thumb Code   230  cos_i.o(i.__kernel_cos)
    __kernel_poly                            0x00005121   Thumb Code   170  poly.o(i.__kernel_poly)
    __kernel_sin                             0x000051cd   Thumb Code   224  sin_i.o(i.__kernel_sin)
    __mathlib_dbl_divzero                    0x000052b9   Thumb Code    12  dunder.o(i.__mathlib_dbl_divzero)
    __mathlib_dbl_infnan                     0x000052c9   Thumb Code     6  dunder.o(i.__mathlib_dbl_infnan)
    __mathlib_dbl_infnan2                    0x000052cf   Thumb Code     4  dunder.o(i.__mathlib_dbl_infnan2)
    __mathlib_dbl_invalid                    0x000052d3   Thumb Code    12  dunder.o(i.__mathlib_dbl_invalid)
    __mathlib_dbl_overflow                   0x000052df   Thumb Code    14  dunder.o(i.__mathlib_dbl_overflow)
    __mathlib_dbl_underflow                  0x000052ed   Thumb Code    10  dunder.o(i.__mathlib_dbl_underflow)
    _sys_exit                                0x000052fd   Thumb Code     4  retarget.o(i._sys_exit)
    add_vector                               0x00005301   Thumb Code    28  vector.o(i.add_vector)
    apply_transforms                         0x0000531d   Thumb Code   198  vector_render_engine.o(i.apply_transforms)
    buffer_char                              0x000053e9   Thumb Code    72  framebuffer.o(i.buffer_char)
    buffer_line                              0x00005431   Thumb Code   144  framebuffer.o(i.buffer_line)
    buffer_pixel                             0x000054c1   Thumb Code    94  framebuffer.o(i.buffer_pixel)
    buffer_text                              0x00005525   Thumb Code    68  framebuffer.o(i.buffer_text)
    buffer_to_LCD                            0x00005569   Thumb Code   236  framebuffer.o(i.buffer_to_LCD)
    calculate_gravity                        0x0000565d   Thumb Code   150  director.o(i.calculate_gravity)
    control_input                            0x000056f9   Thumb Code   178  director.o(i.control_input)
    cos                                      0x000057d5   Thumb Code   148  cos.o(i.cos)
    delay_dirty                              0x00005871   Thumb Code    30  nunchuck.o(i.delay_dirty)
    divide_vector                            0x000058ad   Thumb Code    28  vector.o(i.divide_vector)
    draw_entity_to_buffer                    0x000058c9   Thumb Code   150  vector_render_engine.o(i.draw_entity_to_buffer)
    enable_timer0                            0x0000596d   Thumb Code    10  timer.o(i.enable_timer0)
    init_framebuffer                         0x00005979   Thumb Code    14  framebuffer.o(i.init_framebuffer)
    init_timer0                              0x00005999   Thumb Code   156  timer.o(i.init_timer0)
    init_vector_render_engine                0x00005a41   Thumb Code    50  vector_render_engine.o(i.init_vector_render_engine)
    initialize_object                        0x00005a91   Thumb Code   356  director.o(i.initialize_object)
    magnitude_vector                         0x00005bfd   Thumb Code    88  vector.o(i.magnitude_vector)
    main                                     0x00005c55   Thumb Code   202  main.o(i.main)
    multiply_vector                          0x00005d3d   Thumb Code    28  vector.o(i.multiply_vector)
    normalise_vector                         0x00005d59   Thumb Code    22  vector.o(i.normalise_vector)
    pow                                      0x00005d71   Thumb Code  2512  pow.o(i.pow)
    print_object_values                      0x00006749   Thumb Code   142  director.o(i.print_object_values)
    render_gamestate_to_LCD                  0x000067e1   Thumb Code    52  director.o(i.render_gamestate_to_LCD)
    rotate_vector                            0x0000681d   Thumb Code   212  vector.o(i.rotate_vector)
    sin                                      0x00006915   Thumb Code   150  sin.o(i.sin)
    sqrt                                     0x000069b5   Thumb Code    76  sqrt.o(i.sqrt)
    update_acceleration                      0x00006a01   Thumb Code   148  director.o(i.update_acceleration)
    update_displacement                      0x00006a9d   Thumb Code    44  director.o(i.update_displacement)
    update_objects                           0x00006acd   Thumb Code   206  director.o(i.update_objects)
    update_place_space                       0x00006ba9   Thumb Code    22  director.o(i.update_place_space)
    update_sprite                            0x00006bc5   Thumb Code     6  director.o(i.update_sprite)
    update_velocity                          0x00006bcd   Thumb Code    44  director.o(i.update_velocity)
    __aeabi_d2f                              0x00006c09   Thumb Code     0  d2f.o(x$fpl$d2f)
    _d2f                                     0x00006c09   Thumb Code    98  d2f.o(x$fpl$d2f)
    __aeabi_dadd                             0x00006c6d   Thumb Code     0  daddsub_clz.o(x$fpl$dadd)
    _dadd                                    0x00006c6d   Thumb Code   332  daddsub_clz.o(x$fpl$dadd)
    __fpl_dcheck_NaN1                        0x00006dbd   Thumb Code    10  dcheck1.o(x$fpl$dcheck1)
    __fpl_dcmp_Inf                           0x00006dcd   Thumb Code    24  dcmpi.o(x$fpl$dcmpinf)
    __aeabi_ddiv                             0x00006de5   Thumb Code     0  ddiv.o(x$fpl$ddiv)
    _ddiv                                    0x00006de5   Thumb Code   552  ddiv.o(x$fpl$ddiv)
    __aeabi_d2iz                             0x00007095   Thumb Code     0  dfix.o(x$fpl$dfix)
    _dfix                                    0x00007095   Thumb Code    94  dfix.o(x$fpl$dfix)
    __aeabi_i2d                              0x000070f3   Thumb Code     0  dflt_clz.o(x$fpl$dflt)
    _dflt                                    0x000070f3   Thumb Code    46  dflt_clz.o(x$fpl$dflt)
    __aeabi_ui2d                             0x00007121   Thumb Code     0  dflt_clz.o(x$fpl$dfltu)
    _dfltu                                   0x00007121   Thumb Code    38  dflt_clz.o(x$fpl$dfltu)
    __aeabi_cdcmple                          0x00007149   Thumb Code     0  dleqf.o(x$fpl$dleqf)
    _dcmple                                  0x00007149   Thumb Code   120  dleqf.o(x$fpl$dleqf)
    __fpl_dcmple_InfNaN                      0x000071ab   Thumb Code     0  dleqf.o(x$fpl$dleqf)
    __aeabi_dmul                             0x000071c1   Thumb Code     0  dmul.o(x$fpl$dmul)
    _dmul                                    0x000071c1   Thumb Code   332  dmul.o(x$fpl$dmul)
    __fpl_dnaninf                            0x00007315   Thumb Code   156  dnaninf.o(x$fpl$dnaninf)
    __fpl_dretinf                            0x000073b1   Thumb Code    12  dretinf.o(x$fpl$dretinf)
    __aeabi_cdrcmple                         0x000073bd   Thumb Code     0  drleqf.o(x$fpl$drleqf)
    _drcmple                                 0x000073bd   Thumb Code   108  drleqf.o(x$fpl$drleqf)
    __aeabi_drsub                            0x00007429   Thumb Code     0  daddsub_clz.o(x$fpl$drsb)
    _drsb                                    0x00007429   Thumb Code    22  daddsub_clz.o(x$fpl$drsb)
    _dsqrt                                   0x00007441   Thumb Code   456  dsqrt_noumaal.o(x$fpl$dsqrt)
    __aeabi_dsub                             0x0000760d   Thumb Code     0  daddsub_clz.o(x$fpl$dsub)
    _dsub                                    0x0000760d   Thumb Code   464  daddsub_clz.o(x$fpl$dsub)
    __aeabi_f2d                              0x000077e1   Thumb Code     0  f2d.o(x$fpl$f2d)
    _f2d                                     0x000077e1   Thumb Code    86  f2d.o(x$fpl$f2d)
    __aeabi_fadd                             0x00007839   Thumb Code     0  faddsub_clz.o(x$fpl$fadd)
    _fadd                                    0x00007839   Thumb Code   196  faddsub_clz.o(x$fpl$fadd)
    __aeabi_fdiv                             0x000078fd   Thumb Code     0  fdiv.o(x$fpl$fdiv)
    _fdiv                                    0x000078fd   Thumb Code   384  fdiv.o(x$fpl$fdiv)
    __aeabi_f2iz                             0x00007a81   Thumb Code     0  ffix.o(x$fpl$ffix)
    _ffix                                    0x00007a81   Thumb Code    54  ffix.o(x$fpl$ffix)
    __aeabi_i2f                              0x00007ab9   Thumb Code     0  fflt_clz.o(x$fpl$fflt)
    _fflt                                    0x00007ab9   Thumb Code    48  fflt_clz.o(x$fpl$fflt)
    __aeabi_fmul                             0x00007ae9   Thumb Code     0  fmul.o(x$fpl$fmul)
    _fmul                                    0x00007ae9   Thumb Code   258  fmul.o(x$fpl$fmul)
    __fpl_fnaninf                            0x00007beb   Thumb Code   140  fnaninf.o(x$fpl$fnaninf)
    __fpl_fretinf                            0x00007c77   Thumb Code    10  fretinf.o(x$fpl$fretinf)
    __aeabi_fsub                             0x00007c81   Thumb Code     0  faddsub_clz.o(x$fpl$fsub)
    _fsub                                    0x00007c81   Thumb Code   234  faddsub_clz.o(x$fpl$fsub)
    __fpl_return_NaN                         0x00007d6b   Thumb Code   100  retnan.o(x$fpl$retnan)
    __ARM_scalbn                             0x00007dcf   Thumb Code    92  scalbn.o(x$fpl$scalbn)
    __fpl_cmpreturn                          0x00007e2b   Thumb Code    48  trapv.o(x$fpl$trapveneer)
    __I$use$fp                               0x00007e5a   Number         0  usenofp.o(x$fpl$usenofp)
    __mathlib_zero                           0x00008510   Data           8  qnan.o(.constdata)
    Region$$Table$$Base                      0x00008608   Number         0  anon$$obj.o(Region$$Table)
    Region$$Table$$Limit                     0x00008628   Number         0  anon$$obj.o(Region$$Table)
    game_object_counter                      0x10000000   Data           4  director.o(.data)
    debug                                    0x10000004   Data           1  director.o(.data)
    currentFramebuffer                       0x10000008   Data           4  framebuffer.o(.data)
    previousFramebuffer                      0x1000000c   Data           4  framebuffer.o(.data)
    RdIndex0                                 0x10000014   Data           4  i2c.o(.data)
    RdIndex1                                 0x10000018   Data           4  i2c.o(.data)
    RdIndex2                                 0x1000001c   Data           4  i2c.o(.data)
    WrIndex0                                 0x10000020   Data           4  i2c.o(.data)
    WrIndex1                                 0x10000024   Data           4  i2c.o(.data)
    WrIndex2                                 0x10000028   Data           4  i2c.o(.data)
    timer0_counter                           0x1000002c   Data           4  main.o(.data)
    seconds_counter                          0x10000030   Data           4  main.o(.data)
    half_seconds_counter                     0x10000034   Data           4  main.o(.data)
    prev_half_second                         0x10000038   Data           4  main.o(.data)
    frame_counter                            0x1000003c   Data           4  main.o(.data)
    direction                                0x10000040   Data           1  main.o(.data)
    keyboard_input                           0x10000041   Data           1  main.o(.data)
    joy_x_axis                               0x10000044   Data           4  nunchuck.o(.data)
    joy_y_axis                               0x10000048   Data           4  nunchuck.o(.data)
    accel_x_axis                             0x1000004c   Data           4  nunchuck.o(.data)
    accel_y_axis                             0x10000050   Data           4  nunchuck.o(.data)
    accel_z_axis                             0x10000054   Data           4  nunchuck.o(.data)
    z_button                                 0x10000058   Data           4  nunchuck.o(.data)
    c_button                                 0x1000005c   Data           4  nunchuck.o(.data)
    ack_received                             0x10000060   Data           1  nunchuck.o(.data)
    ack_sent                                 0x10000061   Data           1  nunchuck.o(.data)
    result                                   0x10000064   Data           8  vector.o(.data)
    x                                        0x1000006c   Data           4  vector.o(.data)
    y                                        0x10000070   Data           4  vector.o(.data)
    ratio                                    0x10000074   Data           4  vector.o(.data)
    angle                                    0x10000078   Data           4  vector.o(.data)
    sine                                     0x1000007c   Data           4  vector.o(.data)
    cosine                                   0x10000080   Data           4  vector.o(.data)
    asteroid_x                               0x10000084   Data          80  vector_render_engine.o(.data)
    asteroid_y                               0x100000d4   Data          80  vector_render_engine.o(.data)
    rocket_x                                 0x10000124   Data          24  vector_render_engine.o(.data)
    rocket_y                                 0x1000013c   Data          24  vector_render_engine.o(.data)
    rocket_fire_x                            0x10000154   Data          40  vector_render_engine.o(.data)
    rocket_fire_y                            0x1000017c   Data          40  vector_render_engine.o(.data)
    SystemCoreClock                          0x100001a4   Data           4  system_lpc17xx.o(.data)
    game_object_array                        0x100001a8   Data         440  director.o(.bss)
    debug_text                               0x10000360   Data          64  director.o(.bss)
    framebufferSpace                         0x100003a0   Data       19200  framebuffer.o(.bss)
    I2CMasterState                           0x10004ea0   Data          12  i2c.o(.bss)
    timeout                                  0x10004eac   Data          12  i2c.o(.bss)
    I2CMasterBuffer                          0x10004eb8   Data         192  i2c.o(.bss)
    I2CSlaveBuffer                           0x10004f78   Data         192  i2c.o(.bss)
    I2CCount                                 0x10005038   Data          12  i2c.o(.bss)
    I2CReadLength                            0x10005044   Data          12  i2c.o(.bss)
    I2CWriteLength                           0x10005050   Data          12  i2c.o(.bss)
    matrix                                   0x1000505c   Data          16  vector.o(.bss)
    sprites                                  0x1000506c   Data          60  vector_render_engine.o(.bss)
    x_data_buffer                            0x100050a8   Data         800  vector_render_engine.o(.bss)
    y_data_buffer                            0x100053c8   Data         800  vector_render_engine.o(.bss)
    asteroid                                 0x100056e8   Data          12  vector_render_engine.o(.bss)
    rocket                                   0x100056f4   Data          12  vector_render_engine.o(.bss)
    _random_number_data                      0x10005700   Data         228  rand.o(.bss)
    __libspace_start                         0x100057e4   Data          96  libspace.o(.bss)
    __temporary_stack_top$libspace           0x10005844   Data           0  libspace.o(.bss)



==============================================================================

Memory Map of the image

  Image Entry point : 0x000001b5

  Load Region LR_1 (Base: 0x00000000, Size: 0x000087d0, Max: 0xffffffff, ABSOLUTE, COMPRESSED[0x0000867c])

    Execution Region ER_RO (Exec base: 0x00000000, Load base: 0x00000000, Size: 0x00008628, Max: 0xffffffff, ABSOLUTE)

    Exec Addr    Load Addr    Size         Type   Attr      Idx    E Section Name        Object

    0x00000000   0x00000000   0x000000cc   Data   RO          987    RESET               startup_lpc17xx.o
    0x000000cc   0x000000cc   0x00000008   Code   RO         1083  * !!!main             c_w.l(__main.o)
    0x000000d4   0x000000d4   0x00000034   Code   RO         1457    !!!scatter          c_w.l(__scatter.o)
    0x00000108   0x00000108   0x0000005a   Code   RO         1455    !!dczerorl2         c_w.l(__dczerorl2.o)
    0x00000162   0x00000162   0x00000002   PAD
    0x00000164   0x00000164   0x0000001c   Code   RO         1459    !!handler_zi        c_w.l(__scatter_zi.o)
    0x00000180   0x00000180   0x00000000   Code   RO         1071    .ARM.Collect$$_printf_percent$$00000000  c_w.l(_printf_percent.o)
    0x00000180   0x00000180   0x00000006   Code   RO         1069    .ARM.Collect$$_printf_percent$$00000009  c_w.l(_printf_d.o)
    0x00000186   0x00000186   0x00000004   Code   RO         1184    .ARM.Collect$$_printf_percent$$00000017  c_w.l(_printf_percent_end.o)
    0x0000018a   0x0000018a   0x00000002   Code   RO         1381    .ARM.Collect$$libinit$$00000000  c_w.l(libinit.o)
    0x0000018c   0x0000018c   0x00000000   Code   RO         1186    .ARM.Collect$$libinit$$00000002  c_w.l(libinit2.o)
    0x0000018c   0x0000018c   0x00000000   Code   RO         1188    .ARM.Collect$$libinit$$00000004  c_w.l(libinit2.o)
    0x0000018c   0x0000018c   0x00000000   Code   RO         1191    .ARM.Collect$$libinit$$0000000A  c_w.l(libinit2.o)
    0x0000018c   0x0000018c   0x00000000   Code   RO         1193    .ARM.Collect$$libinit$$0000000C  c_w.l(libinit2.o)
    0x0000018c   0x0000018c   0x00000004   Code   RO         1194    .ARM.Collect$$libinit$$0000000D  c_w.l(libinit2.o)
    0x00000190   0x00000190   0x00000000   Code   RO         1195    .ARM.Collect$$libinit$$0000000E  c_w.l(libinit2.o)
    0x00000190   0x00000190   0x00000000   Code   RO         1198    .ARM.Collect$$libinit$$00000011  c_w.l(libinit2.o)
    0x00000190   0x00000190   0x00000000   Code   RO         1200    .ARM.Collect$$libinit$$00000013  c_w.l(libinit2.o)
    0x00000190   0x00000190   0x00000000   Code   RO         1202    .ARM.Collect$$libinit$$00000015  c_w.l(libinit2.o)
    0x00000190   0x00000190   0x00000000   Code   RO         1204    .ARM.Collect$$libinit$$00000017  c_w.l(libinit2.o)
    0x00000190   0x00000190   0x00000000   Code   RO         1206    .ARM.Collect$$libinit$$00000019  c_w.l(libinit2.o)
    0x00000190   0x00000190   0x00000000   Code   RO         1208    .ARM.Collect$$libinit$$0000001B  c_w.l(libinit2.o)
    0x00000190   0x00000190   0x00000000   Code   RO         1210    .ARM.Collect$$libinit$$0000001D  c_w.l(libinit2.o)
    0x00000190   0x00000190   0x00000000   Code   RO         1212    .ARM.Collect$$libinit$$0000001F  c_w.l(libinit2.o)
    0x00000190   0x00000190   0x00000000   Code   RO         1214    .ARM.Collect$$libinit$$00000021  c_w.l(libinit2.o)
    0x00000190   0x00000190   0x00000000   Code   RO         1216    .ARM.Collect$$libinit$$00000023  c_w.l(libinit2.o)
    0x00000190   0x00000190   0x00000000   Code   RO         1218    .ARM.Collect$$libinit$$00000025  c_w.l(libinit2.o)
    0x00000190   0x00000190   0x00000000   Code   RO         1222    .ARM.Collect$$libinit$$0000002C  c_w.l(libinit2.o)
    0x00000190   0x00000190   0x00000000   Code   RO         1224    .ARM.Collect$$libinit$$0000002E  c_w.l(libinit2.o)
    0x00000190   0x00000190   0x00000000   Code   RO         1226    .ARM.Collect$$libinit$$00000030  c_w.l(libinit2.o)
    0x00000190   0x00000190   0x00000000   Code   RO         1228    .ARM.Collect$$libinit$$00000032  c_w.l(libinit2.o)
    0x00000190   0x00000190   0x00000002   Code   RO         1229    .ARM.Collect$$libinit$$00000033  c_w.l(libinit2.o)
    0x00000192   0x00000192   0x00000002   Code   RO         1420    .ARM.Collect$$libshutdown$$00000000  c_w.l(libshutdown.o)
    0x00000194   0x00000194   0x00000000   Code   RO         1436    .ARM.Collect$$libshutdown$$00000002  c_w.l(libshutdown2.o)
    0x00000194   0x00000194   0x00000000   Code   RO         1438    .ARM.Collect$$libshutdown$$00000004  c_w.l(libshutdown2.o)
    0x00000194   0x00000194   0x00000000   Code   RO         1440    .ARM.Collect$$libshutdown$$00000006  c_w.l(libshutdown2.o)
    0x00000194   0x00000194   0x00000000   Code   RO         1443    .ARM.Collect$$libshutdown$$00000009  c_w.l(libshutdown2.o)
    0x00000194   0x00000194   0x00000000   Code   RO         1446    .ARM.Collect$$libshutdown$$0000000C  c_w.l(libshutdown2.o)
    0x00000194   0x00000194   0x00000000   Code   RO         1448    .ARM.Collect$$libshutdown$$0000000E  c_w.l(libshutdown2.o)
    0x00000194   0x00000194   0x00000000   Code   RO         1451    .ARM.Collect$$libshutdown$$00000011  c_w.l(libshutdown2.o)
    0x00000194   0x00000194   0x00000002   Code   RO         1452    .ARM.Collect$$libshutdown$$00000012  c_w.l(libshutdown2.o)
    0x00000196   0x00000196   0x00000000   Code   RO         1167    .ARM.Collect$$rtentry$$00000000  c_w.l(__rtentry.o)
    0x00000196   0x00000196   0x00000000   Code   RO         1283    .ARM.Collect$$rtentry$$00000002  c_w.l(__rtentry2.o)
    0x00000196   0x00000196   0x00000006   Code   RO         1295    .ARM.Collect$$rtentry$$00000004  c_w.l(__rtentry4.o)
    0x0000019c   0x0000019c   0x00000000   Code   RO         1285    .ARM.Collect$$rtentry$$00000009  c_w.l(__rtentry2.o)
    0x0000019c   0x0000019c   0x00000004   Code   RO         1286    .ARM.Collect$$rtentry$$0000000A  c_w.l(__rtentry2.o)
    0x000001a0   0x000001a0   0x00000000   Code   RO         1288    .ARM.Collect$$rtentry$$0000000C  c_w.l(__rtentry2.o)
    0x000001a0   0x000001a0   0x00000008   Code   RO         1289    .ARM.Collect$$rtentry$$0000000D  c_w.l(__rtentry2.o)
    0x000001a8   0x000001a8   0x00000002   Code   RO         1386    .ARM.Collect$$rtexit$$00000000  c_w.l(rtexit.o)
    0x000001aa   0x000001aa   0x00000000   Code   RO         1404    .ARM.Collect$$rtexit$$00000002  c_w.l(rtexit2.o)
    0x000001aa   0x000001aa   0x00000004   Code   RO         1405    .ARM.Collect$$rtexit$$00000003  c_w.l(rtexit2.o)
    0x000001ae   0x000001ae   0x00000006   Code   RO         1406    .ARM.Collect$$rtexit$$00000004  c_w.l(rtexit2.o)
    0x000001b4   0x000001b4   0x0000003c   Code   RO          989  * .text               startup_lpc17xx.o
    0x000001f0   0x000001f0   0x00000002   Code   RO         1033    .text               c_w.l(use_no_semi.o)
    0x000001f2   0x000001f2   0x00000002   PAD
    0x000001f4   0x000001f4   0x00000028   Code   RO         1043    .text               c_w.l(noretval__2sprintf.o)
    0x0000021c   0x0000021c   0x00000068   Code   RO         1045    .text               c_w.l(__printf.o)
    0x00000284   0x00000284   0x00000078   Code   RO         1047    .text               c_w.l(_printf_dec.o)
    0x000002fc   0x000002fc   0x00000004   Code   RO          988    .ARM.__at_0x02FC    startup_lpc17xx.o
    0x00000300   0x00000300   0x0000003c   Code   RO         1073    .text               c_w.l(rand.o)
    0x0000033c   0x0000033c   0x0000008a   Code   RO         1077    .text               c_w.l(rt_memcpy_v6.o)
    0x000003c6   0x000003c6   0x00000064   Code   RO         1079    .text               c_w.l(rt_memcpy_w.o)
    0x0000042a   0x0000042a   0x00000006   Code   RO         1081    .text               c_w.l(heapauxi.o)
    0x00000430   0x00000430   0x00000016   Code   RO         1172    .text               c_w.l(_rserrno.o)
    0x00000446   0x00000446   0x000000b2   Code   RO         1174    .text               c_w.l(_printf_intcommon.o)
    0x000004f8   0x000004f8   0x00000030   Code   RO         1178    .text               c_w.l(_printf_char_common.o)
    0x00000528   0x00000528   0x0000000a   Code   RO         1180    .text               c_w.l(_sputc.o)
    0x00000532   0x00000532   0x00000002   PAD
    0x00000534   0x00000534   0x00000008   Code   RO         1307    .text               c_w.l(rt_errno_addr_intlibspace.o)
    0x0000053c   0x0000053c   0x00000008   Code   RO         1359    .text               c_w.l(libspace.o)
    0x00000544   0x00000544   0x0000004a   Code   RO         1362    .text               c_w.l(sys_stackheap_outer.o)
    0x0000058e   0x0000058e   0x00000012   Code   RO         1364    .text               c_w.l(exit.o)
    0x000005a0   0x000005a0   0x00000020   Code   RO            1    i.GetASCIICode      asciilib.o
    0x000005c0   0x000005c0   0x000001f8   Code   RO          361    i.I2C0_IRQHandler   i2c.o
    0x000007b8   0x000007b8   0x000001f0   Code   RO          363    i.I2C1_IRQHandler   i2c.o
    0x000009a8   0x000009a8   0x0000006c   Code   RO          364    i.I2C2Init          i2c.o
    0x00000a14   0x00000a14   0x000001c0   Code   RO          365    i.I2C2_IRQHandler   i2c.o
    0x00000bd4   0x00000bd4   0x000000a8   Code   RO          366    i.I2CEngine         i2c.o
    0x00000c7c   0x00000c7c   0x000005f0   Code   RO          244    i.LCD_Clear         glcd.o
    0x0000126c   0x0000126c   0x00000018   Code   RO          245    i.LCD_Configuration  glcd.o
    0x00001284   0x00001284   0x00002ef8   Code   RO          249    i.LCD_Initialization  glcd.o
    0x0000417c   0x0000417c   0x0000058c   Code   RO          252    i.LCD_SetCursor     glcd.o
    0x00004708   0x00004708   0x000000d4   Code   RO          253    i.LCD_SetPoint      glcd.o
    0x000047dc   0x000047dc   0x0000000c   Code   RO          541    i.NunChuck_init     nunchuck.o
    0x000047e8   0x000047e8   0x0000006c   Code   RO          542    i.NunChuck_phase1_init  nunchuck.o
    0x00004854   0x00004854   0x00000058   Code   RO          543    i.NunChuck_phase2_read  nunchuck.o
    0x000048ac   0x000048ac   0x00000078   Code   RO          544    i.NunChuck_read     nunchuck.o
    0x00004924   0x00004924   0x000000ac   Code   RO          545    i.NunChuck_translate_data  nunchuck.o
    0x000049d0   0x000049d0   0x000000c0   Code   RO          679    i.SER_init          serial.o
    0x00004a90   0x00004a90   0x00000140   Code   RO          999    i.SystemInit        system_lpc17xx.o
    0x00004bd0   0x00004bd0   0x00000080   Code   RO          767    i.TIMER0_IRQHandler  timer.o
    0x00004c50   0x00004c50   0x00000028   Code   RO         1266    i.__ARM_fpclassify  m_ws.l(fpclassify.o)
    0x00004c78   0x00004c78   0x00000022   Code   RO          369    i.__NVIC_EnableIRQ  i2c.o
    0x00004c9a   0x00004c9a   0x00000002   PAD
    0x00004c9c   0x00004c9c   0x00000388   Code   RO         1271    i.__ieee754_rem_pio2  m_ws.l(rred.o)
    0x00005024   0x00005024   0x000000fc   Code   RO         1249    i.__kernel_cos      m_ws.l(cos_i.o)
    0x00005120   0x00005120   0x000000aa   Code   RO         1268    i.__kernel_poly     m_ws.l(poly.o)
    0x000051ca   0x000051ca   0x00000002   PAD
    0x000051cc   0x000051cc   0x000000ec   Code   RO         1276    i.__kernel_sin      m_ws.l(sin_i.o)
    0x000052b8   0x000052b8   0x00000010   Code   RO         1252    i.__mathlib_dbl_divzero  m_ws.l(dunder.o)
    0x000052c8   0x000052c8   0x00000006   Code   RO         1253    i.__mathlib_dbl_infnan  m_ws.l(dunder.o)
    0x000052ce   0x000052ce   0x00000004   Code   RO         1254    i.__mathlib_dbl_infnan2  m_ws.l(dunder.o)
    0x000052d2   0x000052d2   0x0000000c   Code   RO         1255    i.__mathlib_dbl_invalid  m_ws.l(dunder.o)
    0x000052de   0x000052de   0x0000000e   Code   RO         1256    i.__mathlib_dbl_overflow  m_ws.l(dunder.o)
    0x000052ec   0x000052ec   0x00000010   Code   RO         1258    i.__mathlib_dbl_underflow  m_ws.l(dunder.o)
    0x000052fc   0x000052fc   0x00000004   Code   RO          613    i._sys_exit         retarget.o
    0x00005300   0x00005300   0x0000001c   Code   RO          824    i.add_vector        vector.o
    0x0000531c   0x0000531c   0x000000cc   Code   RO          891    i.apply_transforms  vector_render_engine.o
    0x000053e8   0x000053e8   0x00000048   Code   RO          182    i.buffer_char       framebuffer.o
    0x00005430   0x00005430   0x00000090   Code   RO          183    i.buffer_line       framebuffer.o
    0x000054c0   0x000054c0   0x00000064   Code   RO          184    i.buffer_pixel      framebuffer.o
    0x00005524   0x00005524   0x00000044   Code   RO          185    i.buffer_text       framebuffer.o
    0x00005568   0x00005568   0x000000f4   Code   RO          186    i.buffer_to_LCD     framebuffer.o
    0x0000565c   0x0000565c   0x0000009c   Code   RO           26    i.calculate_gravity  director.o
    0x000056f8   0x000056f8   0x000000dc   Code   RO           27    i.control_input     director.o
    0x000057d4   0x000057d4   0x0000009c   Code   RO         1134    i.cos               m_ws.l(cos.o)
    0x00005870   0x00005870   0x0000001e   Code   RO          546    i.delay_dirty       nunchuck.o
    0x0000588e   0x0000588e   0x0000001e   Code   RO          258    i.delay_ms          glcd.o
    0x000058ac   0x000058ac   0x0000001c   Code   RO          826    i.divide_vector     vector.o
    0x000058c8   0x000058c8   0x000000a4   Code   RO          892    i.draw_entity_to_buffer  vector_render_engine.o
    0x0000596c   0x0000596c   0x0000000a   Code   RO          770    i.enable_timer0     timer.o
    0x00005976   0x00005976   0x00000002   PAD
    0x00005978   0x00005978   0x00000020   Code   RO          187    i.init_framebuffer  framebuffer.o
    0x00005998   0x00005998   0x000000a8   Code   RO          771    i.init_timer0       timer.o
    0x00005a40   0x00005a40   0x00000050   Code   RO          893    i.init_vector_render_engine  vector_render_engine.o
    0x00005a90   0x00005a90   0x0000016c   Code   RO           28    i.initialize_object  director.o
    0x00005bfc   0x00005bfc   0x00000058   Code   RO          828    i.magnitude_vector  vector.o
    0x00005c54   0x00005c54   0x000000e8   Code   RO          497    i.main              main.o
    0x00005d3c   0x00005d3c   0x0000001c   Code   RO          829    i.multiply_vector   vector.o
    0x00005d58   0x00005d58   0x00000016   Code   RO          830    i.normalise_vector  vector.o
    0x00005d6e   0x00005d6e   0x00000002   PAD
    0x00005d70   0x00005d70   0x000009d8   Code   RO         1142    i.pow               m_ws.l(pow.o)
    0x00006748   0x00006748   0x00000098   Code   RO           29    i.print_object_values  director.o
    0x000067e0   0x000067e0   0x0000003c   Code   RO           30    i.render_gamestate_to_LCD  director.o
    0x0000681c   0x0000681c   0x000000f8   Code   RO          832    i.rotate_vector     vector.o
    0x00006914   0x00006914   0x000000a0   Code   RO         1152    i.sin               m_ws.l(sin.o)
    0x000069b4   0x000069b4   0x0000004c   Code   RO         1160    i.sqrt              m_ws.l(sqrt.o)
    0x00006a00   0x00006a00   0x0000009c   Code   RO           32    i.update_acceleration  director.o
    0x00006a9c   0x00006a9c   0x00000030   Code   RO           33    i.update_displacement  director.o
    0x00006acc   0x00006acc   0x000000dc   Code   RO           34    i.update_objects    director.o
    0x00006ba8   0x00006ba8   0x0000001c   Code   RO           35    i.update_place_space  director.o
    0x00006bc4   0x00006bc4   0x00000006   Code   RO           36    i.update_sprite     director.o
    0x00006bca   0x00006bca   0x00000002   PAD
    0x00006bcc   0x00006bcc   0x00000030   Code   RO           37    i.update_velocity   director.o
    0x00006bfc   0x00006bfc   0x0000000c   Code   RO          259    i.wait_delay        glcd.o
    0x00006c08   0x00006c08   0x00000062   Code   RO         1085    x$fpl$d2f           fz_ws.l(d2f.o)
    0x00006c6a   0x00006c6a   0x00000002   PAD
    0x00006c6c   0x00006c6c   0x00000150   Code   RO         1087    x$fpl$dadd          fz_ws.l(daddsub_clz.o)
    0x00006dbc   0x00006dbc   0x00000010   Code   RO         1345    x$fpl$dcheck1       fz_ws.l(dcheck1.o)
    0x00006dcc   0x00006dcc   0x00000018   Code   RO         1347    x$fpl$dcmpinf       fz_ws.l(dcmpi.o)
    0x00006de4   0x00006de4   0x000002b0   Code   RO         1094    x$fpl$ddiv          fz_ws.l(ddiv.o)
    0x00007094   0x00007094   0x0000005e   Code   RO         1349    x$fpl$dfix          fz_ws.l(dfix.o)
    0x000070f2   0x000070f2   0x0000002e   Code   RO         1098    x$fpl$dflt          fz_ws.l(dflt_clz.o)
    0x00007120   0x00007120   0x00000026   Code   RO         1097    x$fpl$dfltu         fz_ws.l(dflt_clz.o)
    0x00007146   0x00007146   0x00000002   PAD
    0x00007148   0x00007148   0x00000078   Code   RO         1230    x$fpl$dleqf         fz_ws.l(dleqf.o)
    0x000071c0   0x000071c0   0x00000154   Code   RO         1103    x$fpl$dmul          fz_ws.l(dmul.o)
    0x00007314   0x00007314   0x0000009c   Code   RO         1232    x$fpl$dnaninf       fz_ws.l(dnaninf.o)
    0x000073b0   0x000073b0   0x0000000c   Code   RO         1234    x$fpl$dretinf       fz_ws.l(dretinf.o)
    0x000073bc   0x000073bc   0x0000006c   Code   RO         1236    x$fpl$drleqf        fz_ws.l(drleqf.o)
    0x00007428   0x00007428   0x00000016   Code   RO         1088    x$fpl$drsb          fz_ws.l(daddsub_clz.o)
    0x0000743e   0x0000743e   0x00000002   PAD
    0x00007440   0x00007440   0x000001cc   Code   RO         1238    x$fpl$dsqrt         fz_ws.l(dsqrt_noumaal.o)
    0x0000760c   0x0000760c   0x000001d4   Code   RO         1089    x$fpl$dsub          fz_ws.l(daddsub_clz.o)
    0x000077e0   0x000077e0   0x00000056   Code   RO         1105    x$fpl$f2d           fz_ws.l(f2d.o)
    0x00007836   0x00007836   0x00000002   PAD
    0x00007838   0x00007838   0x000000c4   Code   RO         1107    x$fpl$fadd          fz_ws.l(faddsub_clz.o)
    0x000078fc   0x000078fc   0x00000184   Code   RO         1114    x$fpl$fdiv          fz_ws.l(fdiv.o)
    0x00007a80   0x00007a80   0x00000036   Code   RO         1117    x$fpl$ffix          fz_ws.l(ffix.o)
    0x00007ab6   0x00007ab6   0x00000002   PAD
    0x00007ab8   0x00007ab8   0x00000030   Code   RO         1122    x$fpl$fflt          fz_ws.l(fflt_clz.o)
    0x00007ae8   0x00007ae8   0x00000102   Code   RO         1127    x$fpl$fmul          fz_ws.l(fmul.o)
    0x00007bea   0x00007bea   0x0000008c   Code   RO         1242    x$fpl$fnaninf       fz_ws.l(fnaninf.o)
    0x00007c76   0x00007c76   0x0000000a   Code   RO         1244    x$fpl$fretinf       fz_ws.l(fretinf.o)
    0x00007c80   0x00007c80   0x000000ea   Code   RO         1109    x$fpl$fsub          fz_ws.l(faddsub_clz.o)
    0x00007d6a   0x00007d6a   0x00000064   Code   RO         1382    x$fpl$retnan        fz_ws.l(retnan.o)
    0x00007dce   0x00007dce   0x0000005c   Code   RO         1246    x$fpl$scalbn        fz_ws.l(scalbn.o)
    0x00007e2a   0x00007e2a   0x00000030   Code   RO         1400    x$fpl$trapveneer    fz_ws.l(trapv.o)
    0x00007e5a   0x00007e5a   0x00000000   Code   RO         1248    x$fpl$usenofp       fz_ws.l(usenofp.o)
    0x00007e5a   0x00007e5a   0x000005f0   Data   RO            2    .constdata          asciilib.o
    0x0000844a   0x0000844a   0x00000002   PAD
    0x0000844c   0x0000844c   0x0000000c   Data   RO          371    .constdata          i2c.o
    0x00008458   0x00008458   0x00000088   Data   RO         1143    .constdata          m_ws.l(pow.o)
    0x000084e0   0x000084e0   0x00000030   Data   RO         1250    .constdata          m_ws.l(cos_i.o)
    0x00008510   0x00008510   0x00000008   Data   RO         1270    .constdata          m_ws.l(qnan.o)
    0x00008518   0x00008518   0x000000c8   Data   RO         1273    .constdata          m_ws.l(rred.o)
    0x000085e0   0x000085e0   0x00000028   Data   RO         1277    .constdata          m_ws.l(sin_i.o)
    0x00008608   0x00008608   0x00000020   Data   RO         1453    Region$$Table       anon$$obj.o


    Execution Region ER_RW (Exec base: 0x10000000, Load base: 0x00008628, Size: 0x000001a8, Max: 0xffffffff, ABSOLUTE, COMPRESSED[0x00000054])

    Exec Addr    Load Addr    Size         Type   Attr      Idx    E Section Name        Object

    0x10000000   COMPRESSED   0x00000005   Data   RW           39    .data               director.o
    0x10000005   COMPRESSED   0x00000003   PAD
    0x10000008   COMPRESSED   0x00000008   Data   RW          189    .data               framebuffer.o
    0x10000010   COMPRESSED   0x00000001   Data   RW          260    .data               glcd.o
    0x10000011   COMPRESSED   0x00000003   PAD
    0x10000014   COMPRESSED   0x00000018   Data   RW          372    .data               i2c.o
    0x1000002c   COMPRESSED   0x00000016   Data   RW          500    .data               main.o
    0x10000042   COMPRESSED   0x00000002   PAD
    0x10000044   COMPRESSED   0x0000001e   Data   RW          549    .data               nunchuck.o
    0x10000062   COMPRESSED   0x00000001   Data   RW          773    .data               timer.o
    0x10000063   COMPRESSED   0x00000001   PAD
    0x10000064   COMPRESSED   0x00000020   Data   RW          834    .data               vector.o
    0x10000084   COMPRESSED   0x00000120   Data   RW          895    .data               vector_render_engine.o
    0x100001a4   COMPRESSED   0x00000004   Data   RW         1000    .data               system_lpc17xx.o


    Execution Region ER_ZI (Exec base: 0x100001a8, Load base: 0x0000867c, Size: 0x000058a0, Max: 0xffffffff, ABSOLUTE)

    Exec Addr    Load Addr    Size         Type   Attr      Idx    E Section Name        Object

    0x100001a8        -       0x000001f8   Zero   RW           38    .bss                director.o
    0x100003a0        -       0x00004b00   Zero   RW          188    .bss                framebuffer.o
    0x10004ea0        -       0x000001bc   Zero   RW          370    .bss                i2c.o
    0x1000505c        -       0x00000010   Zero   RW          833    .bss                vector.o
    0x1000506c        -       0x00000694   Zero   RW          894    .bss                vector_render_engine.o
    0x10005700        -       0x000000e4   Zero   RW         1074    .bss                c_w.l(rand.o)
    0x100057e4        -       0x00000060   Zero   RW         1360    .bss                c_w.l(libspace.o)
    0x10005844   0x0000867c   0x00000004   PAD
    0x10005848        -       0x00000000   Zero   RW          986    HEAP                startup_lpc17xx.o
    0x10005848        -       0x00000200   Zero   RW          985    STACK               startup_lpc17xx.o


==============================================================================

Image component sizes


      Code (inc. data)   RO Data    RW Data    ZI Data      Debug   Object Name

        32          6       1520          0          0       2767   asciilib.o
      1458        110          0          5        504      30177   director.o
       660         32          0          8      19200       5574   framebuffer.o
     15242        110          0          1          0      38440   glcd.o
      1758        214         12         24        444      23901   i2c.o
       232         30          0         22          0       3902   main.o
       530         92          0         30          0      23231   nunchuck.o
         4          0          0          0          0        520   retarget.o
       192         26          0          0          0       1339   serial.o
        64         26        204          0        512       1188   startup_lpc17xx.o
       320         18          0          4          0        995   system_lpc17xx.o
       306         32          0          1          0      28357   timer.o
       442         36          0         32         16       4737   vector.o
       448         50          0        288       1684       4093   vector_render_engine.o

    ----------------------------------------------------------------------
     21696        782       1770        424      22360     169221   Object Totals
         0          0         32          0          0          0   (incl. Generated)
         8          0          2          9          0          0   (incl. Padding)

    ----------------------------------------------------------------------

      Code (inc. data)   RO Data    RW Data    ZI Data      Debug   Library Member Name

        90          0          0          0          0          0   __dczerorl2.o
         8          0          0          0          0         68   __main.o
       104          0          0          0          0         84   __printf.o
         0          0          0          0          0          0   __rtentry.o
        12          0          0          0          0          0   __rtentry2.o
         6          0          0          0          0          0   __rtentry4.o
        52          8          0          0          0          0   __scatter.o
        28          0          0          0          0          0   __scatter_zi.o
        48          6          0          0          0         96   _printf_char_common.o
         6          0          0          0          0          0   _printf_d.o
       120         16          0          0          0         92   _printf_dec.o
       178          0          0          0          0         88   _printf_intcommon.o
         0          0          0          0          0          0   _printf_percent.o
         4          0          0          0          0          0   _printf_percent_end.o
        22          0          0          0          0        100   _rserrno.o
        10          0          0          0          0         68   _sputc.o
        18          0          0          0          0         80   exit.o
         6          0          0          0          0        152   heapauxi.o
         2          0          0          0          0          0   libinit.o
         6          0          0          0          0          0   libinit2.o
         2          0          0          0          0          0   libshutdown.o
         2          0          0          0          0          0   libshutdown2.o
         8          4          0          0         96         68   libspace.o
        40          6          0          0          0         84   noretval__2sprintf.o
        60         14          0          0        228         92   rand.o
         8          4          0          0          0         68   rt_errno_addr_intlibspace.o
       138          0          0          0          0         68   rt_memcpy_v6.o
       100          0          0          0          0         80   rt_memcpy_w.o
         2          0          0          0          0          0   rtexit.o
        10          0          0          0          0          0   rtexit2.o
        74          0          0          0          0         80   sys_stackheap_outer.o
         2          0          0          0          0         68   use_no_semi.o
        98          4          0          0          0         92   d2f.o
       826         16          0          0          0        348   daddsub_clz.o
        16          4          0          0          0         68   dcheck1.o
        24          0          0          0          0         68   dcmpi.o
       688        140          0          0          0        208   ddiv.o
        94          4          0          0          0         92   dfix.o
        84          0          0          0          0        136   dflt_clz.o
       120          4          0          0          0         92   dleqf.o
       340         12          0          0          0        104   dmul.o
       156          4          0          0          0         92   dnaninf.o
        12          0          0          0          0         68   dretinf.o
       108          0          0          0          0         80   drleqf.o
       460         56          0          0          0        120   dsqrt_noumaal.o
        86          4          0          0          0         84   f2d.o
       430          8          0          0          0        168   faddsub_clz.o
       388         76          0          0          0         96   fdiv.o
        54          4          0          0          0         84   ffix.o
        48          0          0          0          0         68   fflt_clz.o
       258          4          0          0          0         84   fmul.o
       140          4          0          0          0         84   fnaninf.o
        10          0          0          0          0         68   fretinf.o
       100          0          0          0          0         68   retnan.o
        92          0          0          0          0         68   scalbn.o
        48          0          0          0          0         68   trapv.o
         0          0          0          0          0          0   usenofp.o
       156          8          0          0          0        104   cos.o
       252         22         48          0          0        124   cos_i.o
        68         10          0          0          0        408   dunder.o
        40          0          0          0          0         68   fpclassify.o
       170          0          0          0          0         96   poly.o
      2520        190        136          0          0        324   pow.o
         0          0          8          0          0          0   qnan.o
       904         76        200          0          0        140   rred.o
       160         10          0          0          0        108   sin.o
       236         12         40          0          0        128   sin_i.o
        76          0          0          0          0         84   sqrt.o

    ----------------------------------------------------------------------
     10446        730        432          0        328       5528   Library Totals
        18          0          0          0          4          0   (incl. Padding)

    ----------------------------------------------------------------------

      Code (inc. data)   RO Data    RW Data    ZI Data      Debug   Library Name

      1166         58          0          0        324       1436   c_w.l
      4680        344          0          0          0       2508   fz_ws.l
      4582        328        432          0          0       1584   m_ws.l

    ----------------------------------------------------------------------
     10446        730        432          0        328       5528   Library Totals

    ----------------------------------------------------------------------

==============================================================================


      Code (inc. data)   RO Data    RW Data    ZI Data      Debug   

     32142       1512       2202        424      22688     169285   Grand Totals
     32142       1512       2202         84      22688     169285   ELF Image Totals (compressed)
     32142       1512       2202         84          0          0   ROM Totals

==============================================================================

    Total RO  Size (Code + RO Data)                34344 (  33.54kB)
    Total RW  Size (RW Data + ZI Data)             23112 (  22.57kB)
    Total ROM Size (Code + RO Data + RW Data)      34428 (  33.62kB)

==============================================================================

