Component: ARM Compiler 5.06 update 7 (build 960) Tool: armlink [4d3601]

==============================================================================

Section Cross References

    asciilib.o(i.GetASCIICode) refers to rt_memcpy_v6.o(.text) for __aeabi_memcpy
    asciilib.o(i.GetASCIICode) refers to asciilib.o(.constdata) for AsciiLib
    director.o(i.move_snake) refers to display_engine.o(i.check_x_pos) for check_x_pos
    director.o(i.move_snake) refers to display_engine.o(i.check_y_pos) for check_y_pos
    director.o(i.move_snake) refers to display_engine.o(i.update_sprite_position) for update_sprite_position
    director.o(i.move_snake) refers to sound.o(i.play_sound_2) for play_sound_2
    director.o(i.move_snake) refers to director.o(i.update_mouse) for update_mouse
    director.o(i.move_snake) refers to director.o(.data) for head_position_x
    director.o(i.move_snake) refers to main.o(.data) for direction
    director.o(i.move_snake) refers to display_engine.o(.data) for lives
    director.o(i.start_game) refers to display_engine.o(i.initialize_display_engine) for initialize_display_engine
    director.o(i.start_game) refers to display_engine.o(i.update_sprite_visibility) for update_sprite_visibility
    director.o(i.start_game) refers to rand.o(.emb_text) for rand
    director.o(i.start_game) refers to display_engine.o(i.update_sprite_position) for update_sprite_position
    director.o(i.start_game) refers to director.o(.data) for mice_ate_consecutively
    director.o(i.start_game) refers to display_engine.o(.data) for lives
    director.o(i.start_game) refers to main.o(.data) for direction
    director.o(i.update_mouse) refers to display_engine.o(i.check_x_pos) for check_x_pos
    director.o(i.update_mouse) refers to display_engine.o(i.check_y_pos) for check_y_pos
    director.o(i.update_mouse) refers to sound.o(i.play_sound) for play_sound
    director.o(i.update_mouse) refers to display_engine.o(i.update_sprite_visibility) for update_sprite_visibility
    director.o(i.update_mouse) refers to rand.o(.emb_text) for rand
    director.o(i.update_mouse) refers to display_engine.o(i.update_sprite_position) for update_sprite_position
    director.o(i.update_mouse) refers to director.o(.data) for head_position_x
    director.o(i.update_mouse) refers to display_engine.o(.data) for lives
    director.o(i.update_place_space) refers to display_engine.o(i.display_lose) for display_lose
    director.o(i.update_place_space) refers to display_engine.o(i.display_win) for display_win
    director.o(i.update_place_space) refers to director.o(i.move_snake) for move_snake
    director.o(i.update_place_space) refers to display_engine.o(i.update_display) for update_display
    director.o(i.update_place_space) refers to display_engine.o(.data) for lives
    display_engine.o(i.LCD_clear_sprite) refers to display_engine.o(i.LCD_draw_block) for LCD_draw_block
    display_engine.o(i.LCD_draw_block) refers to glcd.o(i.LCD_SetPoint) for LCD_SetPoint
    display_engine.o(i.LCD_draw_sprite) refers to display_engine.o(i.LCD_draw_block) for LCD_draw_block
    display_engine.o(i.check_sprite_visibility) refers to display_engine.o(.bss) for sprites
    display_engine.o(i.check_x_pos) refers to display_engine.o(.bss) for sprites
    display_engine.o(i.check_y_pos) refers to display_engine.o(.bss) for sprites
    display_engine.o(i.clear_sprite) refers to display_engine.o(i.LCD_clear_sprite) for LCD_clear_sprite
    display_engine.o(i.clear_sprite) refers to display_engine.o(.bss) for sprites
    display_engine.o(i.display_lives) refers to _printf_percent.o(.ARM.Collect$$_printf_percent$$00000000) for _printf_percent
    display_engine.o(i.display_lives) refers to _printf_d.o(.ARM.Collect$$_printf_percent$$00000009) for _printf_d
    display_engine.o(i.display_lives) refers to _printf_dec.o(.text) for _printf_int_dec
    display_engine.o(i.display_lives) refers to noretval__2sprintf.o(.text) for __2sprintf
    display_engine.o(i.display_lives) refers to glcd.o(i.LCD_PutText) for LCD_PutText
    display_engine.o(i.display_lives) refers to display_engine.o(.data) for lives
    display_engine.o(i.display_lives) refers to display_engine.o(.bss) for text
    display_engine.o(i.display_lose) refers to noretval__2sprintf.o(.text) for __2sprintf
    display_engine.o(i.display_lose) refers to glcd.o(i.LCD_PutText) for LCD_PutText
    display_engine.o(i.display_lose) refers to display_engine.o(.bss) for text
    display_engine.o(i.display_win) refers to noretval__2sprintf.o(.text) for __2sprintf
    display_engine.o(i.display_win) refers to glcd.o(i.LCD_PutText) for LCD_PutText
    display_engine.o(i.display_win) refers to display_engine.o(.bss) for text
    display_engine.o(i.initialize_body_part) refers to display_engine.o(.data) for sprite_counter
    display_engine.o(i.initialize_body_part) refers to display_engine.o(.bss) for sprites
    display_engine.o(i.initialize_display_engine) refers to glcd.o(i.LCD_Clear) for LCD_Clear
[...]
    libinit.o(.ARM.Collect$$libinit$$00000000) refers (Special) to libinit2.o(.ARM.Collect$$libinit$$00000025) for __rt_lib_init_stdio_1
    libinit.o(.ARM.Collect$$libinit$$00000000) refers (Special) to libinit2.o(.ARM.Collect$$libinit$$0000000C) for __rt_lib_init_user_alloc_1
    dcheck1.o(x$fpl$dcheck1) refers (Special) to usenofp.o(x$fpl$usenofp) for __I$use$fp
    dcheck1.o(x$fpl$dcheck1) refers to retnan.o(x$fpl$retnan) for __fpl_return_NaN
    sys_command.o(.text) refers (Special) to use_no_semi.o(.text) for __I$use$semihosting
    sys_command.o(.text) refers (Special) to indicate_semi.o(.text) for __semihosting_library_function
    rtexit.o(.ARM.Collect$$rtexit$$00000000) refers (Special) to rtexit2.o(.ARM.Collect$$rtexit$$00000004) for __rt_exit_exit
    rtexit.o(.ARM.Collect$$rtexit$$00000000) refers (Special) to rtexit2.o(.ARM.Collect$$rtexit$$00000003) for __rt_exit_ls
    rtexit.o(.ARM.Collect$$rtexit$$00000000) refers (Special) to rtexit2.o(.ARM.Collect$$rtexit$$00000002) for __rt_exit_prels_1
    rtexit.o(.ARM.exidx) refers (Special) to rtexit2.o(.ARM.Collect$$rtexit$$00000004) for __rt_exit_exit
    rtexit.o(.ARM.exidx) refers (Special) to rtexit2.o(.ARM.Collect$$rtexit$$00000003) for __rt_exit_ls
    rtexit.o(.ARM.exidx) refers (Special) to rtexit2.o(.ARM.Collect$$rtexit$$00000002) for __rt_exit_prels_1
    rtexit.o(.ARM.exidx) refers to rtexit.o(.ARM.Collect$$rtexit$$00000000) for .ARM.Collect$$rtexit$$00000000
    rt_raise.o(.text) refers to __raise.o(.text) for __raise
    rt_raise.o(.text) refers to retarget.o(i._sys_exit) for _sys_exit
    defsig_exit.o(.text) refers to retarget.o(i._sys_exit) for _sys_exit
    defsig_fpe_inner.o(.text) refers to defsig_general.o(.text) for __default_signal_display
    defsig_rtmem_outer.o(.text) refers to defsig_rtmem_inner.o(.text) for __rt_SIGRTMEM_inner
    defsig_rtmem_outer.o(.text) refers to defsig_exit.o(.text) for __sig_exit
    defsig_rtmem_formal.o(.text) refers to rt_raise.o(.text) for __rt_raise
    retnan.o(x$fpl$retnan) refers (Special) to usenofp.o(x$fpl$usenofp) for __I$use$fp
    retnan.o(x$fpl$retnan) refers to trapv.o(x$fpl$trapveneer) for __fpl_cmpreturn
    rtexit2.o(.ARM.Collect$$rtexit$$00000003) refers to libshutdown.o(.ARM.Collect$$libshutdown$$00000000) for __rt_lib_shutdown
    rtexit2.o(.ARM.Collect$$rtexit$$00000004) refers to retarget.o(i._sys_exit) for _sys_exit
    rtexit2.o(.ARM.exidx) refers to rtexit2.o(.ARM.Collect$$rtexit$$00000001) for .ARM.Collect$$rtexit$$00000001
    rtexit2.o(.ARM.exidx) refers to rtexit2.o(.ARM.Collect$$rtexit$$00000003) for .ARM.Collect$$rtexit$$00000003
    rtexit2.o(.ARM.exidx) refers to rtexit2.o(.ARM.Collect$$rtexit$$00000004) for .ARM.Collect$$rtexit$$00000004
    __raise.o(.text) refers to defsig.o(CL$$defsig) for __default_signal_handler
    defsig_general.o(.text) refers to retarget.o(i._ttywrch) for _ttywrch
    defsig_rtmem_inner.o(.text) refers to defsig_general.o(.text) for __default_signal_display
    trapv.o(x$fpl$trapveneer) refers (Special) to usenofp.o(x$fpl$usenofp) for __I$use$fp
    defsig.o(CL$$defsig) refers to defsig_fpe_inner.o(.text) for __rt_SIGFPE_inner
    defsig.o(CL$$defsig) refers to defsig_rtmem_inner.o(.text) for __rt_SIGRTMEM_inner
    libshutdown.o(.ARM.Collect$$libshutdown$$00000000) refers (Special) to libshutdown2.o(.ARM.Collect$$libshutdown$$00000004) for __rt_lib_shutdown_cpp_1
    libshutdown.o(.ARM.Collect$$libshutdown$$00000000) refers (Special) to libshutdown2.o(.ARM.Collect$$libshutdown$$00000002) for __rt_lib_shutdown_fini_1
    libshutdown.o(.ARM.Collect$$libshutdown$$00000000) refers (Special) to libshutdown2.o(.ARM.Collect$$libshutdown$$00000009) for __rt_lib_shutdown_fp_trap_1
    libshutdown.o(.ARM.Collect$$libshutdown$$00000000) refers (Special) to libshutdown2.o(.ARM.Collect$$libshutdown$$00000011) for __rt_lib_shutdown_heap_1
    libshutdown.o(.ARM.Collect$$libshutdown$$00000000) refers (Special) to libshutdown2.o(.ARM.Collect$$libshutdown$$00000012) for __rt_lib_shutdown_return
    libshutdown.o(.ARM.Collect$$libshutdown$$00000000) refers (Special) to libshutdown2.o(.ARM.Collect$$libshutdown$$0000000C) for __rt_lib_shutdown_signal_1
    libshutdown.o(.ARM.Collect$$libshutdown$$00000000) refers (Special) to libshutdown2.o(.ARM.Collect$$libshutdown$$00000006) for __rt_lib_shutdown_stdio_1
    libshutdown.o(.ARM.Collect$$libshutdown$$00000000) refers (Special) to libshutdown2.o(.ARM.Collect$$libshutdown$$0000000E) for __rt_lib_shutdown_user_alloc_1
    defsig_abrt_inner.o(.text) refers to defsig_general.o(.text) for __default_signal_display
    defsig_rtred_inner.o(.text) refers to defsig_general.o(.text) for __default_signal_display
    defsig_stak_inner.o(.text) refers to defsig_general.o(.text) for __default_signal_display
    defsig_pvfn_inner.o(.text) refers to defsig_general.o(.text) for __default_signal_display
    defsig_cppl_inner.o(.text) refers to defsig_general.o(.text) for __default_signal_display
    defsig_segv_inner.o(.text) refers to defsig_general.o(.text) for __default_signal_display
    defsig_other.o(.text) refers to defsig_general.o(.text) for __default_signal_display


==============================================================================

Removing Unused input sections from the image.

    Removing director.o(.rev16_text), (4 bytes).
    Removing director.o(.revsh_text), (4 bytes).
    Removing director.o(.rrx_text), (6 bytes).
    Removing director.o(i.move_snake), (352 bytes).
    Removing director.o(i.start_game), (124 bytes).
    Removing director.o(i.update_mouse), (164 bytes).
    Removing director.o(i.update_place_space), (44 bytes).
    Removing director.o(.data), (17 bytes).
    Removing display_engine.o(.rev16_text), (4 bytes).
    Removing display_engine.o(.revsh_text), (4 bytes).
    Removing display_engine.o(.rrx_text), (6 bytes).
    Removing display_engine.o(i.LCD_clear_sprite), (64 bytes).
    Removing display_engine.o(i.LCD_draw_block), (52 bytes).
    Removing display_engine.o(i.LCD_draw_sprite), (120 bytes).
    Removing display_engine.o(i.check_sprite_visibility), (24 bytes).
    Removing display_engine.o(i.check_x_pos), (24 bytes).
    Removing display_engine.o(i.check_y_pos), (24 bytes).
    Removing display_engine.o(i.clear_sprite), (28 bytes).
    Removing display_engine.o(i.display_lives), (56 bytes).
    Removing display_engine.o(i.display_lose), (48 bytes).
    Removing display_engine.o(i.display_win), (48 bytes).
    Removing display_engine.o(i.initialize_body_part), (312 bytes).
    Removing display_engine.o(i.initialize_display_engine), (116 bytes).
    Removing display_engine.o(i.initialize_head), (312 bytes).
    Removing display_engine.o(i.initialize_mouse), (312 bytes).
    Removing display_engine.o(i.initialize_trail), (304 bytes).
    Removing display_engine.o(i.update_display), (104 bytes).
    Removing display_engine.o(i.update_sprite_palet), (44 bytes).
    Removing display_engine.o(i.update_sprite_position), (40 bytes).
    Removing display_engine.o(i.update_sprite_visibility), (76 bytes).
    Removing display_engine.o(.bss), (1696 bytes).
    Removing display_engine.o(.data), (38 bytes).
    Removing glcd.o(.rev16_text), (4 bytes).
    Removing glcd.o(.revsh_text), (4 bytes).
    Removing glcd.o(.rrx_text), (6 bytes).
    Removing glcd.o(i.LCD_BGR2RGB), (26 bytes).
    Removing glcd.o(i.LCD_DrawBargraph), (82 bytes).
    Removing glcd.o(i.LCD_DrawLine), (250 bytes).
    Removing glcd.o(i.LCD_GetPoint), (992 bytes).
    Removing glcd.o(i.LCD_draw_circle), (190 bytes).
    Removing glcd.o(i.LCD_draw_circle_full), (2 bytes).
    Removing glcd.o(i.LCD_draw_line), (146 bytes).
    Removing glcd.o(i.LCD_draw_smiley_face), (2 bytes).
    Removing joystick.o(.rev16_text), (4 bytes).
    Removing joystick.o(.revsh_text), (4 bytes).
    Removing joystick.o(.rrx_text), (6 bytes).
    Removing joystick.o(i.joystick_init), (12 bytes).
    Removing joystick.o(i.joystick_state), (16 bytes).
    Removing main.o(.rev16_text), (4 bytes).
    Removing main.o(.revsh_text), (4 bytes).
    Removing main.o(.rrx_text), (6 bytes).
    Removing retarget.o(i._ttywrch), (12 bytes).
    Removing retarget.o(i.ferror), (8 bytes).
    Removing retarget.o(i.fgetc), (10 bytes).
    Removing retarget.o(i.fputc), (14 bytes).
    Removing retarget.o(i.getkey), (10 bytes).
    Removing retarget.o(i.sendchar), (28 bytes).
    Removing retarget.o(.data), (8 bytes).
    Removing serial.o(.rev16_text), (4 bytes).
    Removing serial.o(.revsh_text), (4 bytes).
    Removing serial.o(.rrx_text), (6 bytes).
    Removing serial.o(i.SER_getChar), (36 bytes).
    Removing serial.o(i.SER_getChar_nb), (36 bytes).
    Removing serial.o(i.SER_putChar), (40 bytes).
    Removing serial.o(i.SER_putString), (26 bytes).
    Removing sound.o(.rev16_text), (4 bytes).
    Removing sound.o(.revsh_text), (4 bytes).
    Removing sound.o(.rrx_text), (6 bytes).
    Removing sound.o(i.beep), (28 bytes).
    Removing sound.o(i.play_sound), (56 bytes).
    Removing sound.o(i.play_sound_2), (56 bytes).
    Removing timer.o(.rev16_text), (4 bytes).
    Removing timer.o(.revsh_text), (4 bytes).
    Removing timer.o(.rrx_text), (6 bytes).
    Removing timer.o(i.delay_as_10s_of_ms_timer0), (28 bytes).
    Removing timer.o(i.disable_timer0), (10 bytes).
    Removing timer.o(i.reset_timer0), (14 bytes).
    Removing vector_engine.o(.rev16_text), (4 bytes).
    Removing vector_engine.o(.revsh_text), (4 bytes).
    Removing vector_engine.o(.rrx_text), (6 bytes).
    Removing framebuffer.o(.rev16_text), (4 bytes).
    Removing framebuffer.o(.revsh_text), (4 bytes).
    Removing framebuffer.o(.rrx_text), (6 bytes).
    Removing gpio_lpc17xx.o(.rev16_text), (4 bytes).
    Removing gpio_lpc17xx.o(.revsh_text), (4 bytes).
    Removing gpio_lpc17xx.o(.rrx_text), (6 bytes).
    Removing gpio_lpc17xx.o(i.GPIO_PinRead), (32 bytes).
    Removing gpio_lpc17xx.o(i.GPIO_PinWrite), (40 bytes).
    Removing gpio_lpc17xx.o(i.GPIO_PortClock), (44 bytes).
    Removing gpio_lpc17xx.o(i.GPIO_PortRead), (20 bytes).
    Removing gpio_lpc17xx.o(i.GPIO_PortWrite), (32 bytes).
    Removing gpio_lpc17xx.o(i.GPIO_SetDir), (56 bytes).
    Removing system_lpc17xx.o(.rev16_text), (4 bytes).
    Removing system_lpc17xx.o(.revsh_text), (4 bytes).
    Removing system_lpc17xx.o(.rrx_text), (6 bytes).
    Removing system_lpc17xx.o(i.SystemCoreClockUpdate), (424 bytes).

96 unused section(s) (total 7497 bytes) removed from the image.

==============================================================================

Image Symbol Table

    Local Symbols

    Symbol Name                              Value     Ov Type        Size  Object(Section)

    RESET                                    0x00000000   Section      204  startup_lpc17xx.o(RESET)
    ../clib/angel/boardlib.s                 0x00000000   Number         0  boardinit2.o ABSOLUTE
    ../clib/angel/boardlib.s                 0x00000000   Number         0  boardshut.o ABSOLUTE
    ../clib/angel/boardlib.s                 0x00000000   Number         0  boardinit3.o ABSOLUTE
    ../clib/angel/boardlib.s                 0x00000000   Number         0  boardinit1.o ABSOLUTE
    ../clib/angel/handlers.s                 0x00000000   Number         0  __scatter_copy.o ABSOLUTE
    ../clib/angel/handlers.s                 0x00000000   Number         0  __scatter_zi.o ABSOLUTE
    ../clib/angel/kernel.s                   0x00000000   Number         0  __rtentry4.o ABSOLUTE
    ../clib/angel/kernel.s                   0x00000000   Number         0  rtexit2.o ABSOLUTE
    ../clib/angel/kernel.s                   0x00000000   Number         0  rtexit.o ABSOLUTE
    ../clib/angel/kernel.s                   0x00000000   Number         0  __rtentry2.o ABSOLUTE
    ../clib/angel/kernel.s                   0x00000000   Number         0  __rtentry.o ABSOLUTE
    ../clib/angel/rt.s                       0x00000000   Number         0  rt_errno_addr.o ABSOLUTE
    ../clib/angel/rt.s                       0x00000000   Number         0  rt_errno_addr_intlibspace.o ABSOLUTE
    ../clib/angel/rt.s                       0x00000000   Number         0  rt_raise.o ABSOLUTE
    ../clib/angel/rt.s                       0x00000000   Number         0  aeabi_ldiv0_sigfpe.o ABSOLUTE
    ../clib/angel/rt.s                       0x00000000   Number         0  aeabi_ldiv0.o ABSOLUTE
    ../clib/angel/rt.s                       0x00000000   Number         0  rt_div0.o ABSOLUTE
    ../clib/angel/scatter.s                  0x00000000   Number         0  __scatter.o ABSOLUTE
    ../clib/angel/startup.s                  0x00000000   Number         0  __main.o ABSOLUTE
    ../clib/angel/sys.s                      0x00000000   Number         0  sys_stackheap_outer.o ABSOLUTE
    ../clib/angel/sys.s                      0x00000000   Number         0  use_no_semi.o ABSOLUTE
    ../clib/angel/sys.s                      0x00000000   Number         0  indicate_semi.o ABSOLUTE
    ../clib/angel/sys.s                      0x00000000   Number         0  libspace.o ABSOLUTE
    ../clib/angel/sysapp.c                   0x00000000   Number         0  sys_command.o ABSOLUTE
    ../clib/armsys.c                         0x00000000   Number         0  _get_argv_nomalloc.o ABSOLUTE
    ../clib/armsys.c                         0x00000000   Number         0  argv_veneer.o ABSOLUTE
    ../clib/armsys.c                         0x00000000   Number         0  argv_veneer.o ABSOLUTE
    ../clib/armsys.c                         0x00000000   Number         0  no_argv.o ABSOLUTE
    ../clib/fenv.c                           0x00000000   Number         0  _rserrno.o ABSOLUTE
    ../clib/heapalloc.c                      0x00000000   Number         0  hrguard.o ABSOLUTE
    ../clib/heapaux.c                        0x00000000   Number         0  heapauxi.o ABSOLUTE
    ../clib/libinit.s                        0x00000000   Number         0  libshutdown.o ABSOLUTE
    ../clib/libinit.s                        0x00000000   Number         0  libinit2.o ABSOLUTE
    ../clib/libinit.s                        0x00000000   Number         0  libshutdown2.o ABSOLUTE
    ../clib/libinit.s                        0x00000000   Number         0  libinit.o ABSOLUTE
    ../clib/longlong.s                       0x00000000   Number         0  lludivv7m.o ABSOLUTE
    ../clib/memcpset.s                       0x00000000   Number         0  rt_memcpy_v6.o ABSOLUTE
    ../clib/memcpset.s                       0x00000000   Number         0  rt_memcpy_w.o ABSOLUTE
    ../clib/printf.c                         0x00000000   Number         0  __printf_flags_ss_wp.o ABSOLUTE
    ../clib/printf.c                         0x00000000   Number         0  __printf_ss_wp.o ABSOLUTE
    ../clib/printf.c                         0x00000000   Number         0  __printf_flags_wp.o ABSOLUTE
    ../clib/printf.c                         0x00000000   Number         0  __2sprintf.o ABSOLUTE
    ../clib/printf.c                         0x00000000   Number         0  __printf.o ABSOLUTE
    ../clib/printf.c                         0x00000000   Number         0  _printf_char_common.o ABSOLUTE
    ../clib/printf.c                         0x00000000   Number         0  _sputc.o ABSOLUTE
    ../clib/printf.c                         0x00000000   Number         0  __printf_flags.o ABSOLUTE
    ../clib/printf.c                         0x00000000   Number         0  __printf_ss.o ABSOLUTE
    ../clib/printf.c                         0x00000000   Number         0  __printf_flags_ss.o ABSOLUTE
    ../clib/printf.c                         0x00000000   Number         0  _printf_dec.o ABSOLUTE
    ../clib/printf.c                         0x00000000   Number         0  noretval__2sprintf.o ABSOLUTE
    ../clib/printf.c                         0x00000000   Number         0  _printf_intcommon.o ABSOLUTE
    ../clib/printf.c                         0x00000000   Number         0  __printf_wp.o ABSOLUTE
    ../clib/printf.c                         0x00000000   Number         0  __printf_nopercent.o ABSOLUTE
    ../clib/printf_percent.s                 0x00000000   Number         0  _printf_d.o ABSOLUTE
    ../clib/printf_percent.s                 0x00000000   Number         0  _printf_percent_end.o ABSOLUTE
    ../clib/printf_percent.s                 0x00000000   Number         0  _printf_percent.o ABSOLUTE
    ../clib/signal.c                         0x00000000   Number         0  defsig_pvfn_inner.o ABSOLUTE
    ../clib/signal.c                         0x00000000   Number         0  defsig_stak_inner.o ABSOLUTE
    ../clib/signal.c                         0x00000000   Number         0  defsig_rtred_inner.o ABSOLUTE
    ../clib/signal.c                         0x00000000   Number         0  defsig_abrt_inner.o ABSOLUTE
    ../clib/signal.c                         0x00000000   Number         0  defsig_rtmem_inner.o ABSOLUTE
    ../clib/signal.c                         0x00000000   Number         0  defsig_general.o ABSOLUTE
    ../clib/signal.c                         0x00000000   Number         0  __raise.o ABSOLUTE
    ../clib/signal.c                         0x00000000   Number         0  defsig_fpe_formal.o ABSOLUTE
    ../clib/signal.c                         0x00000000   Number         0  defsig_rtmem_outer.o ABSOLUTE
    ../clib/signal.c                         0x00000000   Number         0  defsig_fpe_inner.o ABSOLUTE
    ../clib/signal.c                         0x00000000   Number         0  defsig_exit.o ABSOLUTE
    ../clib/signal.c                         0x00000000   Number         0  defsig_fpe_outer.o ABSOLUTE
    ../clib/signal.c                         0x00000000   Number         0  defsig_rtmem_formal.o ABSOLUTE
    ../clib/signal.c                         0x00000000   Number         0  defsig_other.o ABSOLUTE
    ../clib/signal.c                         0x00000000   Number         0  defsig_segv_inner.o ABSOLUTE
    ../clib/signal.c                         0x00000000   Number         0  defsig_cppl_inner.o ABSOLUTE
    ../clib/signal.s                         0x00000000   Number         0  defsig.o ABSOLUTE
    ../clib/stdlib.c                         0x00000000   Number         0  rand.o ABSOLUTE
    ../clib/stdlib.c                         0x00000000   Number         0  exit.o ABSOLUTE
    ../clib/stdlib.c                         0x00000000   Number         0  rand.o ABSOLUTE
    ../fplib/d2f.s                           0x00000000   Number         0  d2f.o ABSOLUTE
    ../fplib/daddsub.s                       0x00000000   Number         0  daddsub_clz.o ABSOLUTE
    ../fplib/dcheck1.s                       0x00000000   Number         0  dcheck1.o ABSOLUTE
    ../fplib/ddiv.s                          0x00000000   Number         0  ddiv.o ABSOLUTE
    ../fplib/dfix.s                          0x00000000   Number         0  dfix.o ABSOLUTE
    ../fplib/dflt.s                          0x00000000   Number         0  dflt_clz.o ABSOLUTE
    ../fplib/dmul.s                          0x00000000   Number         0  dmul.o ABSOLUTE
    ../fplib/dnaninf.s                       0x00000000   Number         0  dnaninf.o ABSOLUTE
    ../fplib/dretinf.s                       0x00000000   Number         0  dretinf.o ABSOLUTE
    ../fplib/f2d.s                           0x00000000   Number         0  f2d.o ABSOLUTE
    ../fplib/faddsub.s                       0x00000000   Number         0  faddsub_clz.o ABSOLUTE
    ../fplib/ffix.s                          0x00000000   Number         0  ffix.o ABSOLUTE
    ../fplib/fflt.s                          0x00000000   Number         0  fflt_clz.o ABSOLUTE
    ../fplib/fmul.s                          0x00000000   Number         0  fmul.o ABSOLUTE
    ../fplib/fnaninf.s                       0x00000000   Number         0  fnaninf.o ABSOLUTE
    ../fplib/fpinit.s                        0x00000000   Number         0  fpinit.o ABSOLUTE
    ../fplib/fretinf.s                       0x00000000   Number         0  fretinf.o ABSOLUTE
    ../fplib/retnan.s                        0x00000000   Number         0  retnan.o ABSOLUTE
    ../fplib/scalbn.s                        0x00000000   Number         0  scalbn.o ABSOLUTE
    ../fplib/trapv.s                         0x00000000   Number         0  trapv.o ABSOLUTE
    ../fplib/usenofp.s                       0x00000000   Number         0  usenofp.o ABSOLUTE
    ../mathlib/cos.c                         0x00000000   Number         0  cos.o ABSOLUTE
    ../mathlib/cos.c                         0x00000000   Number         0  cos_x.o ABSOLUTE
    ../mathlib/cos_i.c                       0x00000000   Number         0  cos_i.o ABSOLUTE
    ../mathlib/dunder.c                      0x00000000   Number         0  dunder.o ABSOLUTE
    ../mathlib/fpclassify.c                  0x00000000   Number         0  fpclassify.o ABSOLUTE
    ../mathlib/poly.c                        0x00000000   Number         0  poly.o ABSOLUTE
    ../mathlib/rred.c                        0x00000000   Number         0  rred.o ABSOLUTE
    ../mathlib/sin.c                         0x00000000   Number         0  sin_x.o ABSOLUTE
    ../mathlib/sin.c                         0x00000000   Number         0  sin.o ABSOLUTE
    ../mathlib/sin_i.c                       0x00000000   Number         0  sin_i_x.o ABSOLUTE
    ../mathlib/sin_i.c                       0x00000000   Number         0  sin_i.o ABSOLUTE
    ..\\source_code\\GLCD.c                  0x00000000   Number         0  glcd.o ABSOLUTE
    ..\\source_code\\Serial.c                0x00000000   Number         0  serial.o ABSOLUTE
    ..\\source_code\\director.c              0x00000000   Number         0  director.o ABSOLUTE
    ..\\source_code\\display_engine.c        0x00000000   Number         0  display_engine.o ABSOLUTE
    ..\\source_code\\framebuffer.c           0x00000000   Number         0  framebuffer.o ABSOLUTE
    ..\\source_code\\joystick.c              0x00000000   Number         0  joystick.o ABSOLUTE
    ..\\source_code\\main.c                  0x00000000   Number         0  main.o ABSOLUTE
    ..\\source_code\\sound.c                 0x00000000   Number         0  sound.o ABSOLUTE
    ..\\source_code\\timer.c                 0x00000000   Number         0  timer.o ABSOLUTE
    ..\\source_code\\vector_engine.c         0x00000000   Number         0  vector_engine.o ABSOLUTE
    ..\source_code\AsciiLib.c                0x00000000   Number         0  asciilib.o ABSOLUTE
    ..\source_code\GLCD.c                    0x00000000   Number         0  glcd.o ABSOLUTE
    ..\source_code\Retarget.c                0x00000000   Number         0  retarget.o ABSOLUTE
    ..\source_code\Serial.c                  0x00000000   Number         0  serial.o ABSOLUTE
    ..\source_code\director.c                0x00000000   Number         0  director.o ABSOLUTE
    ..\source_code\display_engine.c          0x00000000   Number         0  display_engine.o ABSOLUTE
    ..\source_code\framebuffer.c             0x00000000   Number         0  framebuffer.o ABSOLUTE
    ..\source_code\joystick.c                0x00000000   Number         0  joystick.o ABSOLUTE
    ..\source_code\main.c                    0x00000000   Number         0  main.o ABSOLUTE
    ..\source_code\sound.c                   0x00000000   Number         0  sound.o ABSOLUTE
    ..\source_code\timer.c                   0x00000000   Number         0  timer.o ABSOLUTE
    ..\source_code\vector_engine.c           0x00000000   Number         0  vector_engine.o ABSOLUTE
    C:\Users\Brendan Nenninger\AppData\Local\Arm\Packs\Keil\LPC1700_DFP\2.7.0\RTE_Driver\GPIO_LPC17xx.c 0x00000000   Number         0  gpio_lpc17xx.o ABSOLUTE
    C:\\Users\\Brendan Nenninger\\AppData\\Local\\Arm\\Packs\\Keil\\LPC1700_DFP\\2.7.0\\RTE_Driver\\GPIO_LPC17xx.c 0x00000000   Number         0  gpio_lpc17xx.o ABSOLUTE
    RTE\Device\LPC1768\startup_LPC17xx.s     0x00000000   Number         0  startup_lpc17xx.o ABSOLUTE
    RTE\Device\LPC1768\system_LPC17xx.c      0x00000000   Number         0  system_lpc17xx.o ABSOLUTE
    RTE\\Device\\LPC1768\\system_LPC17xx.c   0x00000000   Number         0  system_lpc17xx.o ABSOLUTE
    dc.s                                     0x00000000   Number         0  dc.o ABSOLUTE
    !!!main                                  0x000000cc   Section        8  __main.o(!!!main)
    !!!scatter                               0x000000d4   Section       52  __scatter.o(!!!scatter)
    !!handler_copy                           0x00000108   Section       26  __scatter_copy.o(!!handler_copy)
    !!handler_zi                             0x00000124   Section       28  __scatter_zi.o(!!handler_zi)
    .ARM.Collect$$_printf_percent$$00000000  0x00000140   Section        0  _printf_percent.o(.ARM.Collect$$_printf_percent$$00000000)
    .ARM.Collect$$_printf_percent$$00000009  0x00000140   Section        6  _printf_d.o(.ARM.Collect$$_printf_percent$$00000009)
    .ARM.Collect$$_printf_percent$$00000017  0x00000146   Section        4  _printf_percent_end.o(.ARM.Collect$$_printf_percent$$00000017)
    .ARM.Collect$$libinit$$00000000          0x0000014a   Section        2  libinit.o(.ARM.Collect$$libinit$$00000000)
    .ARM.Collect$$libinit$$00000002          0x0000014c   Section        0  libinit2.o(.ARM.Collect$$libinit$$00000002)
    .ARM.Collect$$libinit$$00000004          0x0000014c   Section        0  libinit2.o(.ARM.Collect$$libinit$$00000004)
    .ARM.Collect$$libinit$$0000000A          0x0000014c   Section        0  libinit2.o(.ARM.Collect$$libinit$$0000000A)
    .ARM.Collect$$libinit$$0000000C          0x0000014c   Section        0  libinit2.o(.ARM.Collect$$libinit$$0000000C)
    .ARM.Collect$$libinit$$0000000D          0x0000014c   Section        4  libinit2.o(.ARM.Collect$$libinit$$0000000D)
    .ARM.Collect$$libinit$$0000000E          0x00000150   Section        0  libinit2.o(.ARM.Collect$$libinit$$0000000E)
    .ARM.Collect$$libinit$$00000011          0x00000150   Section        0  libinit2.o(.ARM.Collect$$libinit$$00000011)
    .ARM.Collect$$libinit$$00000013          0x00000150   Section        0  libinit2.o(.ARM.Collect$$libinit$$00000013)
    .ARM.Collect$$libinit$$00000015          0x00000150   Section        0  libinit2.o(.ARM.Collect$$libinit$$00000015)
    .ARM.Collect$$libinit$$00000017          0x00000150   Section        0  libinit2.o(.ARM.Collect$$libinit$$00000017)
    .ARM.Collect$$libinit$$00000019          0x00000150   Section        0  libinit2.o(.ARM.Collect$$libinit$$00000019)
    .ARM.Collect$$libinit$$0000001B          0x00000150   Section        0  libinit2.o(.ARM.Collect$$libinit$$0000001B)
    .ARM.Collect$$libinit$$0000001D          0x00000150   Section        0  libinit2.o(.ARM.Collect$$libinit$$0000001D)
    .ARM.Collect$$libinit$$0000001F          0x00000150   Section        0  libinit2.o(.ARM.Collect$$libinit$$0000001F)
    .ARM.Collect$$libinit$$00000021          0x00000150   Section        0  libinit2.o(.ARM.Collect$$libinit$$00000021)
    .ARM.Collect$$libinit$$00000023          0x00000150   Section        0  libinit2.o(.ARM.Collect$$libinit$$00000023)
    .ARM.Collect$$libinit$$00000025          0x00000150   Section        0  libinit2.o(.ARM.Collect$$libinit$$00000025)
    .ARM.Collect$$libinit$$0000002C          0x00000150   Section        0  libinit2.o(.ARM.Collect$$libinit$$0000002C)
    .ARM.Collect$$libinit$$0000002E          0x00000150   Section        0  libinit2.o(.ARM.Collect$$libinit$$0000002E)
    .ARM.Collect$$libinit$$00000030          0x00000150   Section        0  libinit2.o(.ARM.Collect$$libinit$$00000030)
    .ARM.Collect$$libinit$$00000032          0x00000150   Section        0  libinit2.o(.ARM.Collect$$libinit$$00000032)
    .ARM.Collect$$libinit$$00000033          0x00000150   Section        2  libinit2.o(.ARM.Collect$$libinit$$00000033)
    .ARM.Collect$$libshutdown$$00000000      0x00000152   Section        2  libshutdown.o(.ARM.Collect$$libshutdown$$00000000)
    .ARM.Collect$$libshutdown$$00000002      0x00000154   Section        0  libshutdown2.o(.ARM.Collect$$libshutdown$$00000002)
    .ARM.Collect$$libshutdown$$00000004      0x00000154   Section        0  libshutdown2.o(.ARM.Collect$$libshutdown$$00000004)
    .ARM.Collect$$libshutdown$$00000006      0x00000154   Section        0  libshutdown2.o(.ARM.Collect$$libshutdown$$00000006)
    .ARM.Collect$$libshutdown$$00000009      0x00000154   Section        0  libshutdown2.o(.ARM.Collect$$libshutdown$$00000009)
    .ARM.Collect$$libshutdown$$0000000C      0x00000154   Section        0  libshutdown2.o(.ARM.Collect$$libshutdown$$0000000C)
    .ARM.Collect$$libshutdown$$0000000E      0x00000154   Section        0  libshutdown2.o(.ARM.Collect$$libshutdown$$0000000E)
    .ARM.Collect$$libshutdown$$00000011      0x00000154   Section        0  libshutdown2.o(.ARM.Collect$$libshutdown$$00000011)
    .ARM.Collect$$libshutdown$$00000012      0x00000154   Section        2  libshutdown2.o(.ARM.Collect$$libshutdown$$00000012)
    .ARM.Collect$$rtentry$$00000000          0x00000156   Section        0  __rtentry.o(.ARM.Collect$$rtentry$$00000000)
    .ARM.Collect$$rtentry$$00000002          0x00000156   Section        0  __rtentry2.o(.ARM.Collect$$rtentry$$00000002)
    .ARM.Collect$$rtentry$$00000004          0x00000156   Section        6  __rtentry4.o(.ARM.Collect$$rtentry$$00000004)
    .ARM.Collect$$rtentry$$00000009          0x0000015c   Section        0  __rtentry2.o(.ARM.Collect$$rtentry$$00000009)
    .ARM.Collect$$rtentry$$0000000A          0x0000015c   Section        4  __rtentry2.o(.ARM.Collect$$rtentry$$0000000A)
    .ARM.Collect$$rtentry$$0000000C          0x00000160   Section        0  __rtentry2.o(.ARM.Collect$$rtentry$$0000000C)
    .ARM.Collect$$rtentry$$0000000D          0x00000160   Section        8  __rtentry2.o(.ARM.Collect$$rtentry$$0000000D)
    .ARM.Collect$$rtexit$$00000000           0x00000168   Section        2  rtexit.o(.ARM.Collect$$rtexit$$00000000)
    .ARM.Collect$$rtexit$$00000002           0x0000016a   Section        0  rtexit2.o(.ARM.Collect$$rtexit$$00000002)
    .ARM.Collect$$rtexit$$00000003           0x0000016a   Section        4  rtexit2.o(.ARM.Collect$$rtexit$$00000003)
    .ARM.Collect$$rtexit$$00000004           0x0000016e   Section        6  rtexit2.o(.ARM.Collect$$rtexit$$00000004)
    .text                                    0x00000174   Section       60  startup_lpc17xx.o(.text)
    .text                                    0x000001b0   Section        2  use_no_semi.o(.text)
    .text                                    0x000001b4   Section        0  noretval__2sprintf.o(.text)
    .text                                    0x000001dc   Section        0  __printf.o(.text)
    .text                                    0x00000244   Section        0  _printf_dec.o(.text)
    .text                                    0x000002bc   Section        0  rand.o(.text)
    i._sys_exit                              0x000002f8   Section        0  retarget.o(i._sys_exit)
    .ARM.__at_0x02FC                         0x000002fc   Section        4  startup_lpc17xx.o(.ARM.__at_0x02FC)
    .text                                    0x00000300   Section      138  rt_memcpy_v6.o(.text)
    .text                                    0x0000038a   Section        0  heapauxi.o(.text)
    .text                                    0x00000390   Section        0  _rserrno.o(.text)
    .text                                    0x000003a6   Section        0  _printf_intcommon.o(.text)
    .text                                    0x00000458   Section        0  _printf_char_common.o(.text)
    _printf_input_char                       0x00000459   Thumb Code    10  _printf_char_common.o(.text)
    .text                                    0x00000488   Section        0  _sputc.o(.text)
    .text                                    0x00000492   Section      100  rt_memcpy_w.o(.text)
    .text                                    0x000004f8   Section        8  rt_errno_addr_intlibspace.o(.text)
    .text                                    0x00000500   Section        8  libspace.o(.text)
    .text                                    0x00000508   Section       74  sys_stackheap_outer.o(.text)
    .text                                    0x00000552   Section        0  exit.o(.text)
    i.DACInit                                0x00000564   Section        0  sound.o(i.DACInit)
    i.GetASCIICode                           0x00000580   Section        0  asciilib.o(i.GetASCIICode)
    i.LCD_Clear                              0x000005a0   Section        0  glcd.o(i.LCD_Clear)
    i.LCD_Configuration                      0x00000b90   Section        0  glcd.o(i.LCD_Configuration)
    LCD_Configuration                        0x00000b91   Thumb Code    20  glcd.o(i.LCD_Configuration)
    i.LCD_Initialization                     0x00000ba8   Section        0  glcd.o(i.LCD_Initialization)
    i.LCD_PutChar                            0x00003aa0   Section        0  glcd.o(i.LCD_PutChar)
    i.LCD_PutText                            0x00003b04   Section        0  glcd.o(i.LCD_PutText)
    i.LCD_SetCursor                          0x00003b54   Section        0  glcd.o(i.LCD_SetCursor)
    LCD_SetCursor                            0x00003b55   Thumb Code  1414  glcd.o(i.LCD_SetCursor)
    i.LCD_SetPoint                           0x000040e0   Section        0  glcd.o(i.LCD_SetPoint)
    i.SER_init                               0x000041b4   Section        0  serial.o(i.SER_init)
    i.SystemInit                             0x00004274   Section        0  system_lpc17xx.o(i.SystemInit)
    i.TIMER0_IRQHandler                      0x000043b4   Section        0  timer.o(i.TIMER0_IRQHandler)
    i.__ARM_fpclassify                       0x00004434   Section        0  fpclassify.o(i.__ARM_fpclassify)
    i.__ieee754_rem_pio2                     0x0000445c   Section        0  rred.o(i.__ieee754_rem_pio2)
    i.__kernel_cos                           0x000047e4   Section        0  cos_i.o(i.__kernel_cos)
    i.__kernel_poly                          0x000048e0   Section        0  poly.o(i.__kernel_poly)
    i.__kernel_sin                           0x0000498c   Section        0  sin_i.o(i.__kernel_sin)
    i.__mathlib_dbl_infnan                   0x00004a78   Section        0  dunder.o(i.__mathlib_dbl_infnan)
    i.__mathlib_dbl_invalid                  0x00004a7e   Section        0  dunder.o(i.__mathlib_dbl_invalid)
    i.__mathlib_dbl_underflow                0x00004a8c   Section        0  dunder.o(i.__mathlib_dbl_underflow)
    i.apply_transforms                       0x00004a9c   Section        0  vector_engine.o(i.apply_transforms)
    i.buffer_char                            0x00004b52   Section        0  framebuffer.o(i.buffer_char)
    i.buffer_line                            0x00004b9a   Section        0  framebuffer.o(i.buffer_line)
    i.buffer_pixel                           0x00004c2c   Section        0  framebuffer.o(i.buffer_pixel)
    i.buffer_text                            0x00004c90   Section        0  framebuffer.o(i.buffer_text)
    i.buffer_to_LCD                          0x00004cd4   Section        0  framebuffer.o(i.buffer_to_LCD)
    i.cos                                    0x00004dc8   Section        0  cos.o(i.cos)
    i.delay_ms                               0x00004e64   Section        0  glcd.o(i.delay_ms)
    delay_ms                                 0x00004e65   Thumb Code    30  glcd.o(i.delay_ms)
    i.draw_entity_to_buffer                  0x00004e84   Section        0  vector_engine.o(i.draw_entity_to_buffer)
    i.enable_timer0                          0x00004f08   Section        0  timer.o(i.enable_timer0)
    i.get_asteroid_sprite                    0x00004f14   Section        0  vector_engine.o(i.get_asteroid_sprite)
    i.get_rocket_sprite                      0x00004f1c   Section        0  vector_engine.o(i.get_rocket_sprite)
    i.init_framebuffer                       0x00004f24   Section        0  framebuffer.o(i.init_framebuffer)
    i.init_timer0                            0x00004f44   Section        0  timer.o(i.init_timer0)
    i.init_vector_engine                     0x00004fec   Section        0  vector_engine.o(i.init_vector_engine)
    i.main                                   0x00005024   Section        0  main.o(i.main)
    i.sin                                    0x000051b4   Section        0  sin.o(i.sin)
    i.wait_delay                             0x00005254   Section        0  glcd.o(i.wait_delay)
    wait_delay                               0x00005255   Thumb Code    12  glcd.o(i.wait_delay)
    x$fpl$d2f                                0x00005260   Section       98  d2f.o(x$fpl$d2f)
    x$fpl$dadd                               0x000052c4   Section      336  daddsub_clz.o(x$fpl$dadd)
    _dadd1                                   0x000052d5   Thumb Code     0  daddsub_clz.o(x$fpl$dadd)
    x$fpl$dcheck1                            0x00005414   Section       16  dcheck1.o(x$fpl$dcheck1)
    x$fpl$ddiv                               0x00005424   Section      688  ddiv.o(x$fpl$ddiv)
    ddiv_entry                               0x0000542b   Thumb Code     0  ddiv.o(x$fpl$ddiv)
    x$fpl$dfix                               0x000056d4   Section       94  dfix.o(x$fpl$dfix)
    x$fpl$dflt                               0x00005732   Section       46  dflt_clz.o(x$fpl$dflt)
    x$fpl$dfltu                              0x00005760   Section       38  dflt_clz.o(x$fpl$dfltu)
    x$fpl$dmul                               0x00005788   Section      340  dmul.o(x$fpl$dmul)
    x$fpl$dnaninf                            0x000058dc   Section      156  dnaninf.o(x$fpl$dnaninf)
    x$fpl$dretinf                            0x00005978   Section       12  dretinf.o(x$fpl$dretinf)
    x$fpl$drsb                               0x00005984   Section       22  daddsub_clz.o(x$fpl$drsb)
    x$fpl$dsub                               0x0000599c   Section      468  daddsub_clz.o(x$fpl$dsub)
    _dsub1                                   0x000059ad   Thumb Code     0  daddsub_clz.o(x$fpl$dsub)
    x$fpl$f2d                                0x00005b70   Section       86  f2d.o(x$fpl$f2d)
    x$fpl$fadd                               0x00005bc8   Section      196  faddsub_clz.o(x$fpl$fadd)
    _fadd1                                   0x00005bd7   Thumb Code     0  faddsub_clz.o(x$fpl$fadd)
    x$fpl$ffix                               0x00005c8c   Section       54  ffix.o(x$fpl$ffix)
    x$fpl$fflt                               0x00005cc4   Section       48  fflt_clz.o(x$fpl$fflt)
    x$fpl$fmul                               0x00005cf4   Section      258  fmul.o(x$fpl$fmul)
    x$fpl$fnaninf                            0x00005df6   Section      140  fnaninf.o(x$fpl$fnaninf)
    x$fpl$fretinf                            0x00005e82   Section       10  fretinf.o(x$fpl$fretinf)
    x$fpl$fsub                               0x00005e8c   Section      234  faddsub_clz.o(x$fpl$fsub)
    _fsub1                                   0x00005e9b   Thumb Code     0  faddsub_clz.o(x$fpl$fsub)
    x$fpl$retnan                             0x00005f76   Section      100  retnan.o(x$fpl$retnan)
    x$fpl$scalbn                             0x00005fda   Section       92  scalbn.o(x$fpl$scalbn)
    x$fpl$trapveneer                         0x00006036   Section       48  trapv.o(x$fpl$trapveneer)
    .constdata                               0x00006066   Section     1520  asciilib.o(.constdata)
    x$fpl$usenofp                            0x00006066   Section        0  usenofp.o(x$fpl$usenofp)
    AsciiLib                                 0x00006066   Data        1520  asciilib.o(.constdata)
    .constdata                               0x00006658   Section       48  cos_i.o(.constdata)
    C                                        0x00006658   Data          48  cos_i.o(.constdata)
    .constdata                               0x00006688   Section      200  rred.o(.constdata)
    pio2s                                    0x00006688   Data          48  rred.o(.constdata)
    twooverpi                                0x000066b8   Data         152  rred.o(.constdata)
    .constdata                               0x00006750   Section       40  sin_i.o(.constdata)
    S                                        0x00006750   Data          40  sin_i.o(.constdata)
    .data                                    0x10000000   Section        1  glcd.o(.data)
    LCD_Code                                 0x10000000   Data           1  glcd.o(.data)
    .data                                    0x10000004   Section       22  main.o(.data)
    .data                                    0x1000001a   Section        1  timer.o(.data)
    ticks                                    0x1000001a   Data           1  timer.o(.data)
    .data                                    0x1000001c   Section      208  vector_engine.o(.data)
    .data                                    0x100000ec   Section        8  framebuffer.o(.data)
    .data                                    0x100000f4   Section        4  system_lpc17xx.o(.data)
    .bss                                     0x100000f8   Section       50  main.o(.bss)
    .bss                                     0x1000012c   Section     1624  vector_engine.o(.bss)
    .bss                                     0x10000784   Section    19200  framebuffer.o(.bss)
    .bss                                     0x10005284   Section      228  rand.o(.bss)
    .bss                                     0x10005368   Section       96  libspace.o(.bss)
    HEAP                                     0x100053c8   Section        0  startup_lpc17xx.o(HEAP)
    STACK                                    0x100053c8   Section      512  startup_lpc17xx.o(STACK)
    Heap_Mem                                 0x100053c8   Data           0  startup_lpc17xx.o(HEAP)
    Stack_Mem                                0x100053c8   Data         512  startup_lpc17xx.o(STACK)
    __initial_sp                             0x100055c8   Data           0  startup_lpc17xx.o(STACK)

    Global Symbols

    Symbol Name                              Value     Ov Type        Size  Object(Section)

    BuildAttributes$$THM_ISAv4$P$D$K$B$S$PE$A:L22UL41UL21$X:L11$S22US41US21$IEEE1$IW$USESV6$~STKCKD$USESV7$~SHL$OTIME$ROPI$IEEEX$EBA8$UX$STANDARDLIB$REQ8$PRES8$EABIv2 0x00000000   Number         0  anon$$obj.o ABSOLUTE
    __ARM_use_no_argv                        0x00000000   Number         0  main.o ABSOLUTE
    __Vectors                                0x00000000   Data           4  startup_lpc17xx.o(RESET)
    __ARM_exceptions_init                     - Undefined Weak Reference
    __alloca_initialize                       - Undefined Weak Reference
    __arm_fini_                               - Undefined Weak Reference
    __arm_preinit_                            - Undefined Weak Reference
    __cpp_initialize__aeabi_                  - Undefined Weak Reference
    __cxa_finalize                            - Undefined Weak Reference
    __rt_locale                               - Undefined Weak Reference
    __sigvec_lookup                           - Undefined Weak Reference
    _atexit_init                              - Undefined Weak Reference
    _call_atexit_fns                          - Undefined Weak Reference
    _clock_init                               - Undefined Weak Reference
    _fp_trap_init                             - Undefined Weak Reference
    _fp_trap_shutdown                         - Undefined Weak Reference
    _get_lc_collate                           - Undefined Weak Reference
    _get_lc_ctype                             - Undefined Weak Reference
    _get_lc_monetary                          - Undefined Weak Reference
    _get_lc_numeric                           - Undefined Weak Reference
    _get_lc_time                              - Undefined Weak Reference
    _getenv_init                              - Undefined Weak Reference
    _handle_redirection                       - Undefined Weak Reference
    _init_alloc                               - Undefined Weak Reference
    _init_user_alloc                          - Undefined Weak Reference
    _initio                                   - Undefined Weak Reference
    _printf_post_padding                      - Undefined Weak Reference
    _printf_pre_padding                       - Undefined Weak Reference
    _printf_truncate_signed                   - Undefined Weak Reference
    _printf_truncate_unsigned                 - Undefined Weak Reference
    _signal_finish                            - Undefined Weak Reference
    _signal_init                              - Undefined Weak Reference
    _terminate_alloc                          - Undefined Weak Reference
    _terminate_user_alloc                     - Undefined Weak Reference
    _terminateio                              - Undefined Weak Reference
    __main                                   0x000000cd   Thumb Code     8  __main.o(!!!main)
    __scatterload                            0x000000d5   Thumb Code     0  __scatter.o(!!!scatter)
    __scatterload_rt2                        0x000000d5   Thumb Code    44  __scatter.o(!!!scatter)
    __scatterload_rt2_thumb_only             0x000000d5   Thumb Code     0  __scatter.o(!!!scatter)
    __scatterload_null                       0x000000e3   Thumb Code     0  __scatter.o(!!!scatter)
    __scatterload_copy                       0x00000109   Thumb Code    26  __scatter_copy.o(!!handler_copy)
    __scatterload_zeroinit                   0x00000125   Thumb Code    28  __scatter_zi.o(!!handler_zi)
    _printf_d                                0x00000141   Thumb Code     0  _printf_d.o(.ARM.Collect$$_printf_percent$$00000009)
    _printf_percent                          0x00000141   Thumb Code     0  _printf_percent.o(.ARM.Collect$$_printf_percent$$00000000)
    _printf_percent_end                      0x00000147   Thumb Code     0  _printf_percent_end.o(.ARM.Collect$$_printf_percent$$00000017)
    __rt_lib_init                            0x0000014b   Thumb Code     0  libinit.o(.ARM.Collect$$libinit$$00000000)
    __rt_lib_init_fp_1                       0x0000014d   Thumb Code     0  libinit2.o(.ARM.Collect$$libinit$$00000002)
    __rt_lib_init_heap_1                     0x0000014d   Thumb Code     0  libinit2.o(.ARM.Collect$$libinit$$0000000A)
    __rt_lib_init_preinit_1                  0x0000014d   Thumb Code     0  libinit2.o(.ARM.Collect$$libinit$$00000004)
    __rt_lib_init_rand_2                     0x0000014d   Thumb Code     0  libinit2.o(.ARM.Collect$$libinit$$0000000D)
    __rt_lib_init_user_alloc_1               0x0000014d   Thumb Code     0  libinit2.o(.ARM.Collect$$libinit$$0000000C)
    __rt_lib_init_alloca_1                   0x00000151   Thumb Code     0  libinit2.o(.ARM.Collect$$libinit$$0000002E)
    __rt_lib_init_argv_1                     0x00000151   Thumb Code     0  libinit2.o(.ARM.Collect$$libinit$$0000002C)
    __rt_lib_init_atexit_1                   0x00000151   Thumb Code     0  libinit2.o(.ARM.Collect$$libinit$$0000001B)
    __rt_lib_init_clock_1                    0x00000151   Thumb Code     0  libinit2.o(.ARM.Collect$$libinit$$00000021)
    __rt_lib_init_cpp_1                      0x00000151   Thumb Code     0  libinit2.o(.ARM.Collect$$libinit$$00000032)
    __rt_lib_init_exceptions_1               0x00000151   Thumb Code     0  libinit2.o(.ARM.Collect$$libinit$$00000030)
    __rt_lib_init_fp_trap_1                  0x00000151   Thumb Code     0  libinit2.o(.ARM.Collect$$libinit$$0000001F)
    __rt_lib_init_getenv_1                   0x00000151   Thumb Code     0  libinit2.o(.ARM.Collect$$libinit$$00000023)
    __rt_lib_init_lc_collate_1               0x00000151   Thumb Code     0  libinit2.o(.ARM.Collect$$libinit$$00000011)
    __rt_lib_init_lc_ctype_1                 0x00000151   Thumb Code     0  libinit2.o(.ARM.Collect$$libinit$$00000013)
    __rt_lib_init_lc_monetary_1              0x00000151   Thumb Code     0  libinit2.o(.ARM.Collect$$libinit$$00000015)
    __rt_lib_init_lc_numeric_1               0x00000151   Thumb Code     0  libinit2.o(.ARM.Collect$$libinit$$00000017)
    __rt_lib_init_lc_time_1                  0x00000151   Thumb Code     0  libinit2.o(.ARM.Collect$$libinit$$00000019)
    __rt_lib_init_rand_1                     0x00000151   Thumb Code     0  libinit2.o(.ARM.Collect$$libinit$$0000000E)
    __rt_lib_init_return                     0x00000151   Thumb Code     0  libinit2.o(.ARM.Collect$$libinit$$00000033)
    __rt_lib_init_signal_1                   0x00000151   Thumb Code     0  libinit2.o(.ARM.Collect$$libinit$$0000001D)
    __rt_lib_init_stdio_1                    0x00000151   Thumb Code     0  libinit2.o(.ARM.Collect$$libinit$$00000025)
    __rt_lib_shutdown                        0x00000153   Thumb Code     0  libshutdown.o(.ARM.Collect$$libshutdown$$00000000)
    __rt_lib_shutdown_cpp_1                  0x00000155   Thumb Code     0  libshutdown2.o(.ARM.Collect$$libshutdown$$00000004)
    __rt_lib_shutdown_fini_1                 0x00000155   Thumb Code     0  libshutdown2.o(.ARM.Collect$$libshutdown$$00000002)
    __rt_lib_shutdown_fp_trap_1              0x00000155   Thumb Code     0  libshutdown2.o(.ARM.Collect$$libshutdown$$00000009)
    __rt_lib_shutdown_heap_1                 0x00000155   Thumb Code     0  libshutdown2.o(.ARM.Collect$$libshutdown$$00000011)
    __rt_lib_shutdown_return                 0x00000155   Thumb Code     0  libshutdown2.o(.ARM.Collect$$libshutdown$$00000012)
    __rt_lib_shutdown_signal_1               0x00000155   Thumb Code     0  libshutdown2.o(.ARM.Collect$$libshutdown$$0000000C)
    __rt_lib_shutdown_stdio_1                0x00000155   Thumb Code     0  libshutdown2.o(.ARM.Collect$$libshutdown$$00000006)
    __rt_lib_shutdown_user_alloc_1           0x00000155   Thumb Code     0  libshutdown2.o(.ARM.Collect$$libshutdown$$0000000E)
    __rt_entry                               0x00000157   Thumb Code     0  __rtentry.o(.ARM.Collect$$rtentry$$00000000)
    __rt_entry_presh_1                       0x00000157   Thumb Code     0  __rtentry2.o(.ARM.Collect$$rtentry$$00000002)
    __rt_entry_sh                            0x00000157   Thumb Code     0  __rtentry4.o(.ARM.Collect$$rtentry$$00000004)
    __rt_entry_li                            0x0000015d   Thumb Code     0  __rtentry2.o(.ARM.Collect$$rtentry$$0000000A)
    __rt_entry_postsh_1                      0x0000015d   Thumb Code     0  __rtentry2.o(.ARM.Collect$$rtentry$$00000009)
    __rt_entry_main                          0x00000161   Thumb Code     0  __rtentry2.o(.ARM.Collect$$rtentry$$0000000D)
    __rt_entry_postli_1                      0x00000161   Thumb Code     0  __rtentry2.o(.ARM.Collect$$rtentry$$0000000C)
    __rt_exit                                0x00000169   Thumb Code     0  rtexit.o(.ARM.Collect$$rtexit$$00000000)
    __rt_exit_ls                             0x0000016b   Thumb Code     0  rtexit2.o(.ARM.Collect$$rtexit$$00000003)
    __rt_exit_prels_1                        0x0000016b   Thumb Code     0  rtexit2.o(.ARM.Collect$$rtexit$$00000002)
    __rt_exit_exit                           0x0000016f   Thumb Code     0  rtexit2.o(.ARM.Collect$$rtexit$$00000004)
    Reset_Handler                            0x00000175   Thumb Code     8  startup_lpc17xx.o(.text)
    NMI_Handler                              0x0000017d   Thumb Code     2  startup_lpc17xx.o(.text)
    HardFault_Handler                        0x0000017f   Thumb Code     2  startup_lpc17xx.o(.text)
    MemManage_Handler                        0x00000181   Thumb Code     2  startup_lpc17xx.o(.text)
    BusFault_Handler                         0x00000183   Thumb Code     2  startup_lpc17xx.o(.text)
    UsageFault_Handler                       0x00000185   Thumb Code     2  startup_lpc17xx.o(.text)
    SVC_Handler                              0x00000187   Thumb Code     2  startup_lpc17xx.o(.text)
    DebugMon_Handler                         0x00000189   Thumb Code     2  startup_lpc17xx.o(.text)
    PendSV_Handler                           0x0000018b   Thumb Code     2  startup_lpc17xx.o(.text)
    SysTick_Handler                          0x0000018d   Thumb Code     2  startup_lpc17xx.o(.text)
    ADC_IRQHandler                           0x0000018f   Thumb Code     0  startup_lpc17xx.o(.text)
    BOD_IRQHandler                           0x0000018f   Thumb Code     0  startup_lpc17xx.o(.text)
    CANActivity_IRQHandler                   0x0000018f   Thumb Code     0  startup_lpc17xx.o(.text)
    CAN_IRQHandler                           0x0000018f   Thumb Code     0  startup_lpc17xx.o(.text)
    DMA_IRQHandler                           0x0000018f   Thumb Code     0  startup_lpc17xx.o(.text)
    EINT0_IRQHandler                         0x0000018f   Thumb Code     0  startup_lpc17xx.o(.text)
    EINT1_IRQHandler                         0x0000018f   Thumb Code     0  startup_lpc17xx.o(.text)
    EINT2_IRQHandler                         0x0000018f   Thumb Code     0  startup_lpc17xx.o(.text)
    EINT3_IRQHandler                         0x0000018f   Thumb Code     0  startup_lpc17xx.o(.text)
    ENET_IRQHandler                          0x0000018f   Thumb Code     0  startup_lpc17xx.o(.text)
    I2C0_IRQHandler                          0x0000018f   Thumb Code     0  startup_lpc17xx.o(.text)
    I2C1_IRQHandler                          0x0000018f   Thumb Code     0  startup_lpc17xx.o(.text)
    I2C2_IRQHandler                          0x0000018f   Thumb Code     0  startup_lpc17xx.o(.text)
    I2S_IRQHandler                           0x0000018f   Thumb Code     0  startup_lpc17xx.o(.text)
    MCPWM_IRQHandler                         0x0000018f   Thumb Code     0  startup_lpc17xx.o(.text)
    PLL0_IRQHandler                          0x0000018f   Thumb Code     0  startup_lpc17xx.o(.text)
    PLL1_IRQHandler                          0x0000018f   Thumb Code     0  startup_lpc17xx.o(.text)
    PWM1_IRQHandler                          0x0000018f   Thumb Code     0  startup_lpc17xx.o(.text)
    QEI_IRQHandler                           0x0000018f   Thumb Code     0  startup_lpc17xx.o(.text)
    RIT_IRQHandler                           0x0000018f   Thumb Code     0  startup_lpc17xx.o(.text)
    RTC_IRQHandler                           0x0000018f   Thumb Code     0  startup_lpc17xx.o(.text)
    SPI_IRQHandler                           0x0000018f   Thumb Code     0  startup_lpc17xx.o(.text)
    SSP0_IRQHandler                          0x0000018f   Thumb Code     0  startup_lpc17xx.o(.text)
    SSP1_IRQHandler                          0x0000018f   Thumb Code     0  startup_lpc17xx.o(.text)
    TIMER1_IRQHandler                        0x0000018f   Thumb Code     0  startup_lpc17xx.o(.text)
    TIMER2_IRQHandler                        0x0000018f   Thumb Code     0  startup_lpc17xx.o(.text)
    TIMER3_IRQHandler                        0x0000018f   Thumb Code     0  startup_lpc17xx.o(.text)
    UART0_IRQHandler                         0x0000018f   Thumb Code     0  startup_lpc17xx.o(.text)
    UART1_IRQHandler                         0x0000018f   Thumb Code     0  startup_lpc17xx.o(.text)
    UART2_IRQHandler                         0x0000018f   Thumb Code     0  startup_lpc17xx.o(.text)
    UART3_IRQHandler                         0x0000018f   Thumb Code     0  startup_lpc17xx.o(.text)
    USBActivity_IRQHandler                   0x0000018f   Thumb Code     0  startup_lpc17xx.o(.text)
    USB_IRQHandler                           0x0000018f   Thumb Code     0  startup_lpc17xx.o(.text)
    WDT_IRQHandler                           0x0000018f   Thumb Code     0  startup_lpc17xx.o(.text)
    __user_initial_stackheap                 0x00000191   Thumb Code     0  startup_lpc17xx.o(.text)
    __I$use$semihosting                      0x000001b1   Thumb Code     0  use_no_semi.o(.text)
    __use_no_semihosting_swi                 0x000001b1   Thumb Code     2  use_no_semi.o(.text)
    __2sprintf                               0x000001b5   Thumb Code    34  noretval__2sprintf.o(.text)
    __printf                                 0x000001dd   Thumb Code   104  __printf.o(.text)
    _printf_int_dec                          0x00000245   Thumb Code   104  _printf_dec.o(.text)
    srand                                    0x000002bd   Thumb Code    42  rand.o(.text)
    _rand_init                               0x000002e7   Thumb Code     4  rand.o(.text)
    _sys_exit                                0x000002f9   Thumb Code     4  retarget.o(i._sys_exit)
    __aeabi_memcpy                           0x00000301   Thumb Code     0  rt_memcpy_v6.o(.text)
    __rt_memcpy                              0x00000301   Thumb Code   138  rt_memcpy_v6.o(.text)
    _memcpy_lastbytes                        0x00000367   Thumb Code     0  rt_memcpy_v6.o(.text)
    __use_two_region_memory                  0x0000038b   Thumb Code     2  heapauxi.o(.text)
    __rt_heap_escrow$2region                 0x0000038d   Thumb Code     2  heapauxi.o(.text)
    __rt_heap_expand$2region                 0x0000038f   Thumb Code     2  heapauxi.o(.text)
    __read_errno                             0x00000391   Thumb Code    10  _rserrno.o(.text)
    __set_errno                              0x0000039b   Thumb Code    12  _rserrno.o(.text)
    _printf_int_common                       0x000003a7   Thumb Code   178  _printf_intcommon.o(.text)
    _printf_char_common                      0x00000463   Thumb Code    32  _printf_char_common.o(.text)
    _sputc                                   0x00000489   Thumb Code    10  _sputc.o(.text)
    __aeabi_memcpy4                          0x00000493   Thumb Code     0  rt_memcpy_w.o(.text)
    __aeabi_memcpy8                          0x00000493   Thumb Code     0  rt_memcpy_w.o(.text)
    __rt_memcpy_w                            0x00000493   Thumb Code   100  rt_memcpy_w.o(.text)
    _memcpy_lastbytes_aligned                0x000004db   Thumb Code     0  rt_memcpy_w.o(.text)
    __aeabi_errno_addr                       0x000004f9   Thumb Code     8  rt_errno_addr_intlibspace.o(.text)
    __errno$intlibspace                      0x000004f9   Thumb Code     0  rt_errno_addr_intlibspace.o(.text)
    __rt_errno_addr$intlibspace              0x000004f9   Thumb Code     0  rt_errno_addr_intlibspace.o(.text)
    __user_libspace                          0x00000501   Thumb Code     8  libspace.o(.text)
    __user_perproc_libspace                  0x00000501   Thumb Code     0  libspace.o(.text)
    __user_perthread_libspace                0x00000501   Thumb Code     0  libspace.o(.text)
    __user_setup_stackheap                   0x00000509   Thumb Code    74  sys_stackheap_outer.o(.text)
    exit                                     0x00000553   Thumb Code    18  exit.o(.text)
    DACInit                                  0x00000565   Thumb Code    20  sound.o(i.DACInit)
    GetASCIICode                             0x00000581   Thumb Code    26  asciilib.o(i.GetASCIICode)
    LCD_Clear                                0x000005a1   Thumb Code  1514  glcd.o(i.LCD_Clear)
    LCD_Initialization                       0x00000ba9   Thumb Code 12020  glcd.o(i.LCD_Initialization)
    LCD_PutChar                              0x00003aa1   Thumb Code   100  glcd.o(i.LCD_PutChar)
    LCD_PutText                              0x00003b05   Thumb Code    80  glcd.o(i.LCD_PutText)
    LCD_SetPoint                             0x000040e1   Thumb Code   206  glcd.o(i.LCD_SetPoint)
    SER_init                                 0x000041b5   Thumb Code   166  serial.o(i.SER_init)
    SystemInit                               0x00004275   Thumb Code   302  system_lpc17xx.o(i.SystemInit)
    TIMER0_IRQHandler                        0x000043b5   Thumb Code   108  timer.o(i.TIMER0_IRQHandler)
    __ARM_fpclassify                         0x00004435   Thumb Code    40  fpclassify.o(i.__ARM_fpclassify)
    __ieee754_rem_pio2                       0x0000445d   Thumb Code   828  rred.o(i.__ieee754_rem_pio2)
    __kernel_cos                             0x000047e5   Thumb Code   230  cos_i.o(i.__kernel_cos)
    __kernel_poly                            0x000048e1   Thumb Code   170  poly.o(i.__kernel_poly)
    __kernel_sin                             0x0000498d   Thumb Code   224  sin_i.o(i.__kernel_sin)
    __mathlib_dbl_infnan                     0x00004a79   Thumb Code     6  dunder.o(i.__mathlib_dbl_infnan)
    __mathlib_dbl_invalid                    0x00004a7f   Thumb Code    12  dunder.o(i.__mathlib_dbl_invalid)
    __mathlib_dbl_underflow                  0x00004a8d   Thumb Code    10  dunder.o(i.__mathlib_dbl_underflow)
    apply_transforms                         0x00004a9d   Thumb Code   182  vector_engine.o(i.apply_transforms)
    buffer_char                              0x00004b53   Thumb Code    72  framebuffer.o(i.buffer_char)
    buffer_line                              0x00004b9b   Thumb Code   144  framebuffer.o(i.buffer_line)
    buffer_pixel                             0x00004c2d   Thumb Code    94  framebuffer.o(i.buffer_pixel)
    buffer_text                              0x00004c91   Thumb Code    68  framebuffer.o(i.buffer_text)
    buffer_to_LCD                            0x00004cd5   Thumb Code   236  framebuffer.o(i.buffer_to_LCD)
    cos                                      0x00004dc9   Thumb Code   148  cos.o(i.cos)
    draw_entity_to_buffer                    0x00004e85   Thumb Code   124  vector_engine.o(i.draw_entity_to_buffer)
    enable_timer0                            0x00004f09   Thumb Code    10  timer.o(i.enable_timer0)
    get_asteroid_sprite                      0x00004f15   Thumb Code     4  vector_engine.o(i.get_asteroid_sprite)
    get_rocket_sprite                        0x00004f1d   Thumb Code     4  vector_engine.o(i.get_rocket_sprite)
    init_framebuffer                         0x00004f25   Thumb Code    14  framebuffer.o(i.init_framebuffer)
    init_timer0                              0x00004f45   Thumb Code   156  timer.o(i.init_timer0)
    init_vector_engine                       0x00004fed   Thumb Code    30  vector_engine.o(i.init_vector_engine)
    main                                     0x00005025   Thumb Code   358  main.o(i.main)
    sin                                      0x000051b5   Thumb Code   150  sin.o(i.sin)
    __aeabi_d2f                              0x00005261   Thumb Code     0  d2f.o(x$fpl$d2f)
    _d2f                                     0x00005261   Thumb Code    98  d2f.o(x$fpl$d2f)
    __aeabi_dadd                             0x000052c5   Thumb Code     0  daddsub_clz.o(x$fpl$dadd)
    _dadd                                    0x000052c5   Thumb Code   332  daddsub_clz.o(x$fpl$dadd)
    __fpl_dcheck_NaN1                        0x00005415   Thumb Code    10  dcheck1.o(x$fpl$dcheck1)
    __aeabi_ddiv                             0x00005425   Thumb Code     0  ddiv.o(x$fpl$ddiv)
    _ddiv                                    0x00005425   Thumb Code   552  ddiv.o(x$fpl$ddiv)
    __aeabi_d2iz                             0x000056d5   Thumb Code     0  dfix.o(x$fpl$dfix)
    _dfix                                    0x000056d5   Thumb Code    94  dfix.o(x$fpl$dfix)
    __aeabi_i2d                              0x00005733   Thumb Code     0  dflt_clz.o(x$fpl$dflt)
    _dflt                                    0x00005733   Thumb Code    46  dflt_clz.o(x$fpl$dflt)
    __aeabi_ui2d                             0x00005761   Thumb Code     0  dflt_clz.o(x$fpl$dfltu)
    _dfltu                                   0x00005761   Thumb Code    38  dflt_clz.o(x$fpl$dfltu)
    __aeabi_dmul                             0x00005789   Thumb Code     0  dmul.o(x$fpl$dmul)
    _dmul                                    0x00005789   Thumb Code   332  dmul.o(x$fpl$dmul)
    __fpl_dnaninf                            0x000058dd   Thumb Code   156  dnaninf.o(x$fpl$dnaninf)
    __fpl_dretinf                            0x00005979   Thumb Code    12  dretinf.o(x$fpl$dretinf)
    __aeabi_drsub                            0x00005985   Thumb Code     0  daddsub_clz.o(x$fpl$drsb)
    _drsb                                    0x00005985   Thumb Code    22  daddsub_clz.o(x$fpl$drsb)
    __aeabi_dsub                             0x0000599d   Thumb Code     0  daddsub_clz.o(x$fpl$dsub)
    _dsub                                    0x0000599d   Thumb Code   464  daddsub_clz.o(x$fpl$dsub)
    __aeabi_f2d                              0x00005b71   Thumb Code     0  f2d.o(x$fpl$f2d)
    _f2d                                     0x00005b71   Thumb Code    86  f2d.o(x$fpl$f2d)
    __aeabi_fadd                             0x00005bc9   Thumb Code     0  faddsub_clz.o(x$fpl$fadd)
    _fadd                                    0x00005bc9   Thumb Code   196  faddsub_clz.o(x$fpl$fadd)
    __aeabi_f2iz                             0x00005c8d   Thumb Code     0  ffix.o(x$fpl$ffix)
    _ffix                                    0x00005c8d   Thumb Code    54  ffix.o(x$fpl$ffix)
    __aeabi_i2f                              0x00005cc5   Thumb Code     0  fflt_clz.o(x$fpl$fflt)
    _fflt                                    0x00005cc5   Thumb Code    48  fflt_clz.o(x$fpl$fflt)
    __aeabi_fmul                             0x00005cf5   Thumb Code     0  fmul.o(x$fpl$fmul)
    _fmul                                    0x00005cf5   Thumb Code   258  fmul.o(x$fpl$fmul)
    __fpl_fnaninf                            0x00005df7   Thumb Code   140  fnaninf.o(x$fpl$fnaninf)
    __fpl_fretinf                            0x00005e83   Thumb Code    10  fretinf.o(x$fpl$fretinf)
    __aeabi_fsub                             0x00005e8d   Thumb Code     0  faddsub_clz.o(x$fpl$fsub)
    _fsub                                    0x00005e8d   Thumb Code   234  faddsub_clz.o(x$fpl$fsub)
    __fpl_return_NaN                         0x00005f77   Thumb Code   100  retnan.o(x$fpl$retnan)
    __ARM_scalbn                             0x00005fdb   Thumb Code    92  scalbn.o(x$fpl$scalbn)
    __fpl_cmpreturn                          0x00006037   Thumb Code    48  trapv.o(x$fpl$trapveneer)
    __I$use$fp                               0x00006066   Number         0  usenofp.o(x$fpl$usenofp)
    Region$$Table$$Base                      0x00006778   Number         0  anon$$obj.o(Region$$Table)
    Region$$Table$$Limit                     0x00006798   Number         0  anon$$obj.o(Region$$Table)
    timer0_counter                           0x10000004   Data           4  main.o(.data)
    seconds_counter                          0x10000008   Data           4  main.o(.data)
    half_seconds_counter                     0x1000000c   Data           4  main.o(.data)
    prev_half_second                         0x10000010   Data           4  main.o(.data)
    frame_counter                            0x10000014   Data           4  main.o(.data)
    direction                                0x10000018   Data           1  main.o(.data)
    keyboard_input                           0x10000019   Data           1  main.o(.data)
    asteroid_x                               0x1000001c   Data          80  vector_engine.o(.data)
    asteroid_y                               0x1000006c   Data          80  vector_engine.o(.data)
    rocket_x                                 0x100000bc   Data          24  vector_engine.o(.data)
    rocket_y                                 0x100000d4   Data          24  vector_engine.o(.data)
    currentFramebuffer                       0x100000ec   Data           4  framebuffer.o(.data)
    previousFramebuffer                      0x100000f0   Data           4  framebuffer.o(.data)
    SystemCoreClock                          0x100000f4   Data           4  system_lpc17xx.o(.data)
    lcd_text                                 0x100000f8   Data          50  main.o(.bss)
    x_data_buffer                            0x1000012c   Data         800  vector_engine.o(.bss)
    y_data_buffer                            0x1000044c   Data         800  vector_engine.o(.bss)
    asteroid                                 0x1000076c   Data          12  vector_engine.o(.bss)
    rocket                                   0x10000778   Data          12  vector_engine.o(.bss)
    framebufferSpace                         0x10000784   Data       19200  framebuffer.o(.bss)
    _random_number_data                      0x10005284   Data         228  rand.o(.bss)
    __libspace_start                         0x10005368   Data          96  libspace.o(.bss)
    __temporary_stack_top$libspace           0x100053c8   Data           0  libspace.o(.bss)



==============================================================================

Memory Map of the image

  Image Entry point : 0x00000175

  Load Region LR_1 (Base: 0x00000000, Size: 0x00006890, Max: 0xffffffff, ABSOLUTE)

    Execution Region ER_RO (Exec base: 0x00000000, Load base: 0x00000000, Size: 0x00006798, Max: 0xffffffff, ABSOLUTE)

    Exec Addr    Load Addr    Size         Type   Attr      Idx    E Section Name        Object

    0x00000000   0x00000000   0x000000cc   Data   RO          858    RESET               startup_lpc17xx.o
    0x000000cc   0x000000cc   0x00000008   Code   RO          947  * !!!main             c_w.l(__main.o)
    0x000000d4   0x000000d4   0x00000034   Code   RO         1237    !!!scatter          c_w.l(__scatter.o)
    0x00000108   0x00000108   0x0000001a   Code   RO         1239    !!handler_copy      c_w.l(__scatter_copy.o)
    0x00000122   0x00000122   0x00000002   PAD
    0x00000124   0x00000124   0x0000001c   Code   RO         1241    !!handler_zi        c_w.l(__scatter_zi.o)
    0x00000140   0x00000140   0x00000000   Code   RO          937    .ARM.Collect$$_printf_percent$$00000000  c_w.l(_printf_percent.o)
    0x00000140   0x00000140   0x00000006   Code   RO          936    .ARM.Collect$$_printf_percent$$00000009  c_w.l(_printf_d.o)
    0x00000146   0x00000146   0x00000004   Code   RO         1006    .ARM.Collect$$_printf_percent$$00000017  c_w.l(_printf_percent_end.o)
    0x0000014a   0x0000014a   0x00000002   Code   RO         1161    .ARM.Collect$$libinit$$00000000  c_w.l(libinit.o)
    0x0000014c   0x0000014c   0x00000000   Code   RO         1010    .ARM.Collect$$libinit$$00000002  c_w.l(libinit2.o)
    0x0000014c   0x0000014c   0x00000000   Code   RO         1012    .ARM.Collect$$libinit$$00000004  c_w.l(libinit2.o)
    0x0000014c   0x0000014c   0x00000000   Code   RO         1015    .ARM.Collect$$libinit$$0000000A  c_w.l(libinit2.o)
    0x0000014c   0x0000014c   0x00000000   Code   RO         1017    .ARM.Collect$$libinit$$0000000C  c_w.l(libinit2.o)
    0x0000014c   0x0000014c   0x00000004   Code   RO         1018    .ARM.Collect$$libinit$$0000000D  c_w.l(libinit2.o)
    0x00000150   0x00000150   0x00000000   Code   RO         1019    .ARM.Collect$$libinit$$0000000E  c_w.l(libinit2.o)
    0x00000150   0x00000150   0x00000000   Code   RO         1022    .ARM.Collect$$libinit$$00000011  c_w.l(libinit2.o)
    0x00000150   0x00000150   0x00000000   Code   RO         1024    .ARM.Collect$$libinit$$00000013  c_w.l(libinit2.o)
    0x00000150   0x00000150   0x00000000   Code   RO         1026    .ARM.Collect$$libinit$$00000015  c_w.l(libinit2.o)
    0x00000150   0x00000150   0x00000000   Code   RO         1028    .ARM.Collect$$libinit$$00000017  c_w.l(libinit2.o)
    0x00000150   0x00000150   0x00000000   Code   RO         1030    .ARM.Collect$$libinit$$00000019  c_w.l(libinit2.o)
    0x00000150   0x00000150   0x00000000   Code   RO         1032    .ARM.Collect$$libinit$$0000001B  c_w.l(libinit2.o)
    0x00000150   0x00000150   0x00000000   Code   RO         1034    .ARM.Collect$$libinit$$0000001D  c_w.l(libinit2.o)
    0x00000150   0x00000150   0x00000000   Code   RO         1036    .ARM.Collect$$libinit$$0000001F  c_w.l(libinit2.o)
    0x00000150   0x00000150   0x00000000   Code   RO         1038    .ARM.Collect$$libinit$$00000021  c_w.l(libinit2.o)
    0x00000150   0x00000150   0x00000000   Code   RO         1040    .ARM.Collect$$libinit$$00000023  c_w.l(libinit2.o)
    0x00000150   0x00000150   0x00000000   Code   RO         1042    .ARM.Collect$$libinit$$00000025  c_w.l(libinit2.o)
    0x00000150   0x00000150   0x00000000   Code   RO         1046    .ARM.Collect$$libinit$$0000002C  c_w.l(libinit2.o)
    0x00000150   0x00000150   0x00000000   Code   RO         1048    .ARM.Collect$$libinit$$0000002E  c_w.l(libinit2.o)
    0x00000150   0x00000150   0x00000000   Code   RO         1050    .ARM.Collect$$libinit$$00000030  c_w.l(libinit2.o)
    0x00000150   0x00000150   0x00000000   Code   RO         1052    .ARM.Collect$$libinit$$00000032  c_w.l(libinit2.o)
    0x00000150   0x00000150   0x00000002   Code   RO         1053    .ARM.Collect$$libinit$$00000033  c_w.l(libinit2.o)
    0x00000152   0x00000152   0x00000002   Code   RO         1202    .ARM.Collect$$libshutdown$$00000000  c_w.l(libshutdown.o)
    0x00000154   0x00000154   0x00000000   Code   RO         1218    .ARM.Collect$$libshutdown$$00000002  c_w.l(libshutdown2.o)
    0x00000154   0x00000154   0x00000000   Code   RO         1220    .ARM.Collect$$libshutdown$$00000004  c_w.l(libshutdown2.o)
    0x00000154   0x00000154   0x00000000   Code   RO         1222    .ARM.Collect$$libshutdown$$00000006  c_w.l(libshutdown2.o)
    0x00000154   0x00000154   0x00000000   Code   RO         1225    .ARM.Collect$$libshutdown$$00000009  c_w.l(libshutdown2.o)
    0x00000154   0x00000154   0x00000000   Code   RO         1228    .ARM.Collect$$libshutdown$$0000000C  c_w.l(libshutdown2.o)
    0x00000154   0x00000154   0x00000000   Code   RO         1230    .ARM.Collect$$libshutdown$$0000000E  c_w.l(libshutdown2.o)
    0x00000154   0x00000154   0x00000000   Code   RO         1233    .ARM.Collect$$libshutdown$$00000011  c_w.l(libshutdown2.o)
    0x00000154   0x00000154   0x00000002   Code   RO         1234    .ARM.Collect$$libshutdown$$00000012  c_w.l(libshutdown2.o)
    0x00000156   0x00000156   0x00000000   Code   RO          993    .ARM.Collect$$rtentry$$00000000  c_w.l(__rtentry.o)
    0x00000156   0x00000156   0x00000000   Code   RO         1092    .ARM.Collect$$rtentry$$00000002  c_w.l(__rtentry2.o)
    0x00000156   0x00000156   0x00000006   Code   RO         1104    .ARM.Collect$$rtentry$$00000004  c_w.l(__rtentry4.o)
    0x0000015c   0x0000015c   0x00000000   Code   RO         1094    .ARM.Collect$$rtentry$$00000009  c_w.l(__rtentry2.o)
    0x0000015c   0x0000015c   0x00000004   Code   RO         1095    .ARM.Collect$$rtentry$$0000000A  c_w.l(__rtentry2.o)
    0x00000160   0x00000160   0x00000000   Code   RO         1097    .ARM.Collect$$rtentry$$0000000C  c_w.l(__rtentry2.o)
    0x00000160   0x00000160   0x00000008   Code   RO         1098    .ARM.Collect$$rtentry$$0000000D  c_w.l(__rtentry2.o)
    0x00000168   0x00000168   0x00000002   Code   RO         1166    .ARM.Collect$$rtexit$$00000000  c_w.l(rtexit.o)
    0x0000016a   0x0000016a   0x00000000   Code   RO         1184    .ARM.Collect$$rtexit$$00000002  c_w.l(rtexit2.o)
    0x0000016a   0x0000016a   0x00000004   Code   RO         1185    .ARM.Collect$$rtexit$$00000003  c_w.l(rtexit2.o)
    0x0000016e   0x0000016e   0x00000006   Code   RO         1186    .ARM.Collect$$rtexit$$00000004  c_w.l(rtexit2.o)
    0x00000174   0x00000174   0x0000003c   Code   RO          860  * .text               startup_lpc17xx.o
    0x000001b0   0x000001b0   0x00000002   Code   RO          904    .text               c_w.l(use_no_semi.o)
    0x000001b2   0x000001b2   0x00000002   PAD
    0x000001b4   0x000001b4   0x00000028   Code   RO          910    .text               c_w.l(noretval__2sprintf.o)
    0x000001dc   0x000001dc   0x00000068   Code   RO          912    .text               c_w.l(__printf.o)
    0x00000244   0x00000244   0x00000078   Code   RO          914    .text               c_w.l(_printf_dec.o)
    0x000002bc   0x000002bc   0x0000003c   Code   RO          939    .text               c_w.l(rand.o)
    0x000002f8   0x000002f8   0x00000004   Code   RO          471    i._sys_exit         retarget.o
    0x000002fc   0x000002fc   0x00000004   Code   RO          859    .ARM.__at_0x02FC    startup_lpc17xx.o
    0x00000300   0x00000300   0x0000008a   Code   RO          943    .text               c_w.l(rt_memcpy_v6.o)
    0x0000038a   0x0000038a   0x00000006   Code   RO          945    .text               c_w.l(heapauxi.o)
    0x00000390   0x00000390   0x00000016   Code   RO          998    .text               c_w.l(_rserrno.o)
    0x000003a6   0x000003a6   0x000000b2   Code   RO         1000    .text               c_w.l(_printf_intcommon.o)
    0x00000458   0x00000458   0x00000030   Code   RO         1002    .text               c_w.l(_printf_char_common.o)
    0x00000488   0x00000488   0x0000000a   Code   RO         1004    .text               c_w.l(_sputc.o)
    0x00000492   0x00000492   0x00000064   Code   RO         1007    .text               c_w.l(rt_memcpy_w.o)
    0x000004f6   0x000004f6   0x00000002   PAD
    0x000004f8   0x000004f8   0x00000008   Code   RO         1111    .text               c_w.l(rt_errno_addr_intlibspace.o)
    0x00000500   0x00000500   0x00000008   Code   RO         1141    .text               c_w.l(libspace.o)
    0x00000508   0x00000508   0x0000004a   Code   RO         1144    .text               c_w.l(sys_stackheap_outer.o)
    0x00000552   0x00000552   0x00000012   Code   RO         1146    .text               c_w.l(exit.o)
    0x00000564   0x00000564   0x0000001c   Code   RO          583    i.DACInit           sound.o
    0x00000580   0x00000580   0x00000020   Code   RO            1    i.GetASCIICode      asciilib.o
    0x000005a0   0x000005a0   0x000005f0   Code   RO          261    i.LCD_Clear         glcd.o
    0x00000b90   0x00000b90   0x00000018   Code   RO          262    i.LCD_Configuration  glcd.o
    0x00000ba8   0x00000ba8   0x00002ef8   Code   RO          266    i.LCD_Initialization  glcd.o
    0x00003aa0   0x00003aa0   0x00000064   Code   RO          267    i.LCD_PutChar       glcd.o
    0x00003b04   0x00003b04   0x00000050   Code   RO          268    i.LCD_PutText       glcd.o
    0x00003b54   0x00003b54   0x0000058c   Code   RO          269    i.LCD_SetCursor     glcd.o
    0x000040e0   0x000040e0   0x000000d4   Code   RO          270    i.LCD_SetPoint      glcd.o
    0x000041b4   0x000041b4   0x000000c0   Code   RO          537    i.SER_init          serial.o
    0x00004274   0x00004274   0x00000140   Code   RO          870    i.SystemInit        system_lpc17xx.o
    0x000043b4   0x000043b4   0x00000080   Code   RO          625    i.TIMER0_IRQHandler  timer.o
    0x00004434   0x00004434   0x00000028   Code   RO         1137    i.__ARM_fpclassify  m_ws.l(fpclassify.o)
    0x0000445c   0x0000445c   0x00000388   Code   RO         1080    i.__ieee754_rem_pio2  m_ws.l(rred.o)
    0x000047e4   0x000047e4   0x000000fc   Code   RO         1063    i.__kernel_cos      m_ws.l(cos_i.o)
    0x000048e0   0x000048e0   0x000000aa   Code   RO         1139    i.__kernel_poly     m_ws.l(poly.o)
    0x0000498a   0x0000498a   0x00000002   PAD
    0x0000498c   0x0000498c   0x000000ec   Code   RO         1085    i.__kernel_sin      m_ws.l(sin_i.o)
    0x00004a78   0x00004a78   0x00000006   Code   RO         1067    i.__mathlib_dbl_infnan  m_ws.l(dunder.o)
    0x00004a7e   0x00004a7e   0x0000000c   Code   RO         1069    i.__mathlib_dbl_invalid  m_ws.l(dunder.o)
    0x00004a8a   0x00004a8a   0x00000002   PAD
    0x00004a8c   0x00004a8c   0x00000010   Code   RO         1072    i.__mathlib_dbl_underflow  m_ws.l(dunder.o)
    0x00004a9c   0x00004a9c   0x000000b6   Code   RO          685    i.apply_transforms  vector_engine.o
    0x00004b52   0x00004b52   0x00000048   Code   RO          741    i.buffer_char       framebuffer.o
    0x00004b9a   0x00004b9a   0x00000090   Code   RO          742    i.buffer_line       framebuffer.o
    0x00004c2a   0x00004c2a   0x00000002   PAD
    0x00004c2c   0x00004c2c   0x00000064   Code   RO          743    i.buffer_pixel      framebuffer.o
    0x00004c90   0x00004c90   0x00000044   Code   RO          744    i.buffer_text       framebuffer.o
    0x00004cd4   0x00004cd4   0x000000f4   Code   RO          745    i.buffer_to_LCD     framebuffer.o
    0x00004dc8   0x00004dc8   0x0000009c   Code   RO          978    i.cos               m_ws.l(cos.o)
    0x00004e64   0x00004e64   0x0000001e   Code   RO          275    i.delay_ms          glcd.o
    0x00004e82   0x00004e82   0x00000002   PAD
    0x00004e84   0x00004e84   0x00000084   Code   RO          686    i.draw_entity_to_buffer  vector_engine.o
    0x00004f08   0x00004f08   0x0000000a   Code   RO          628    i.enable_timer0     timer.o
    0x00004f12   0x00004f12   0x00000002   PAD
    0x00004f14   0x00004f14   0x00000008   Code   RO          687    i.get_asteroid_sprite  vector_engine.o
    0x00004f1c   0x00004f1c   0x00000008   Code   RO          688    i.get_rocket_sprite  vector_engine.o
    0x00004f24   0x00004f24   0x00000020   Code   RO          746    i.init_framebuffer  framebuffer.o
    0x00004f44   0x00004f44   0x000000a8   Code   RO          629    i.init_timer0       timer.o
    0x00004fec   0x00004fec   0x00000038   Code   RO          689    i.init_vector_engine  vector_engine.o
    0x00005024   0x00005024   0x00000190   Code   RO          417    i.main              main.o
    0x000051b4   0x000051b4   0x000000a0   Code   RO          986    i.sin               m_ws.l(sin.o)
    0x00005254   0x00005254   0x0000000c   Code   RO          276    i.wait_delay        glcd.o
    0x00005260   0x00005260   0x00000062   Code   RO          949    x$fpl$d2f           fz_ws.l(d2f.o)
    0x000052c2   0x000052c2   0x00000002   PAD
    0x000052c4   0x000052c4   0x00000150   Code   RO          951    x$fpl$dadd          fz_ws.l(daddsub_clz.o)
    0x00005414   0x00005414   0x00000010   Code   RO         1162    x$fpl$dcheck1       fz_ws.l(dcheck1.o)
    0x00005424   0x00005424   0x000002b0   Code   RO         1118    x$fpl$ddiv          fz_ws.l(ddiv.o)
    0x000056d4   0x000056d4   0x0000005e   Code   RO         1121    x$fpl$dfix          fz_ws.l(dfix.o)
    0x00005732   0x00005732   0x0000002e   Code   RO         1126    x$fpl$dflt          fz_ws.l(dflt_clz.o)
    0x00005760   0x00005760   0x00000026   Code   RO         1125    x$fpl$dfltu         fz_ws.l(dflt_clz.o)
    0x00005786   0x00005786   0x00000002   PAD
    0x00005788   0x00005788   0x00000154   Code   RO         1131    x$fpl$dmul          fz_ws.l(dmul.o)
    0x000058dc   0x000058dc   0x0000009c   Code   RO         1054    x$fpl$dnaninf       fz_ws.l(dnaninf.o)
    0x00005978   0x00005978   0x0000000c   Code   RO         1056    x$fpl$dretinf       fz_ws.l(dretinf.o)
    0x00005984   0x00005984   0x00000016   Code   RO          952    x$fpl$drsb          fz_ws.l(daddsub_clz.o)
    0x0000599a   0x0000599a   0x00000002   PAD
    0x0000599c   0x0000599c   0x000001d4   Code   RO          953    x$fpl$dsub          fz_ws.l(daddsub_clz.o)
    0x00005b70   0x00005b70   0x00000056   Code   RO          957    x$fpl$f2d           fz_ws.l(f2d.o)
    0x00005bc6   0x00005bc6   0x00000002   PAD
    0x00005bc8   0x00005bc8   0x000000c4   Code   RO          959    x$fpl$fadd          fz_ws.l(faddsub_clz.o)
    0x00005c8c   0x00005c8c   0x00000036   Code   RO          965    x$fpl$ffix          fz_ws.l(ffix.o)
    0x00005cc2   0x00005cc2   0x00000002   PAD
    0x00005cc4   0x00005cc4   0x00000030   Code   RO          970    x$fpl$fflt          fz_ws.l(fflt_clz.o)
    0x00005cf4   0x00005cf4   0x00000102   Code   RO          975    x$fpl$fmul          fz_ws.l(fmul.o)
    0x00005df6   0x00005df6   0x0000008c   Code   RO         1058    x$fpl$fnaninf       fz_ws.l(fnaninf.o)
    0x00005e82   0x00005e82   0x0000000a   Code   RO         1060    x$fpl$fretinf       fz_ws.l(fretinf.o)
    0x00005e8c   0x00005e8c   0x000000ea   Code   RO          961    x$fpl$fsub          fz_ws.l(faddsub_clz.o)
    0x00005f76   0x00005f76   0x00000064   Code   RO         1180    x$fpl$retnan        fz_ws.l(retnan.o)
    0x00005fda   0x00005fda   0x0000005c   Code   RO         1135    x$fpl$scalbn        fz_ws.l(scalbn.o)
    0x00006036   0x00006036   0x00000030   Code   RO         1196    x$fpl$trapveneer    fz_ws.l(trapv.o)
    0x00006066   0x00006066   0x00000000   Code   RO         1062    x$fpl$usenofp       fz_ws.l(usenofp.o)
    0x00006066   0x00006066   0x000005f0   Data   RO            2    .constdata          asciilib.o
    0x00006656   0x00006656   0x00000002   PAD
    0x00006658   0x00006658   0x00000030   Data   RO         1064    .constdata          m_ws.l(cos_i.o)
    0x00006688   0x00006688   0x000000c8   Data   RO         1082    .constdata          m_ws.l(rred.o)
    0x00006750   0x00006750   0x00000028   Data   RO         1086    .constdata          m_ws.l(sin_i.o)
    0x00006778   0x00006778   0x00000020   Data   RO         1235    Region$$Table       anon$$obj.o


    Execution Region ER_RW (Exec base: 0x10000000, Load base: 0x00006798, Size: 0x000000f8, Max: 0xffffffff, ABSOLUTE)

    Exec Addr    Load Addr    Size         Type   Attr      Idx    E Section Name        Object

    0x10000000   0x00006798   0x00000001   Data   RW          277    .data               glcd.o
    0x10000001   0x00006799   0x00000003   PAD
    0x10000004   0x0000679c   0x00000016   Data   RW          419    .data               main.o
    0x1000001a   0x000067b2   0x00000001   Data   RW          631    .data               timer.o
    0x1000001b   0x000067b3   0x00000001   PAD
    0x1000001c   0x000067b4   0x000000d0   Data   RW          691    .data               vector_engine.o
    0x100000ec   0x00006884   0x00000008   Data   RW          748    .data               framebuffer.o
    0x100000f4   0x0000688c   0x00000004   Data   RW          871    .data               system_lpc17xx.o


    Execution Region ER_ZI (Exec base: 0x100000f8, Load base: 0x00006890, Size: 0x000054d0, Max: 0xffffffff, ABSOLUTE)

    Exec Addr    Load Addr    Size         Type   Attr      Idx    E Section Name        Object

    0x100000f8        -       0x00000032   Zero   RW          418    .bss                main.o
    0x1000012a   0x00006890   0x00000002   PAD
    0x1000012c        -       0x00000658   Zero   RW          690    .bss                vector_engine.o
    0x10000784        -       0x00004b00   Zero   RW          747    .bss                framebuffer.o
    0x10005284        -       0x000000e4   Zero   RW          940    .bss                c_w.l(rand.o)
    0x10005368        -       0x00000060   Zero   RW         1142    .bss                c_w.l(libspace.o)
    0x100053c8        -       0x00000000   Zero   RW          857    HEAP                startup_lpc17xx.o
    0x100053c8        -       0x00000200   Zero   RW          856    STACK               startup_lpc17xx.o


==============================================================================

Image component sizes


      Code (inc. data)   RO Data    RW Data    ZI Data      Debug   Object Name

        32          6       1520          0          0       2735   asciilib.o
         0          0          0          0          0       3096   director.o
       660         32          0          8      19200       5498   framebuffer.o
     15422        110          0          1          0      40112   glcd.o
         0          0          0          0          0      16932   joystick.o
       400         42          0         22         50      19806   main.o
         4          0          0          0          0        508   retarget.o
       192         26          0          0          0       1323   serial.o
        28          8          0          0          0        482   sound.o
        64         26        204          0        512       1172   startup_lpc17xx.o
       320         18          0          4          0        979   system_lpc17xx.o
       306         32          0          1          0      28329   timer.o
       386         42          0        208       1624       4600   vector_engine.o

    ----------------------------------------------------------------------
     17820        342       1758        248      21388     125572   Object Totals
         0          0         32          0          0          0   (incl. Generated)
         6          0          2          4          2          0   (incl. Padding)

    ----------------------------------------------------------------------

      Code (inc. data)   RO Data    RW Data    ZI Data      Debug   Library Member Name

         8          0          0          0          0         68   __main.o
       104          0          0          0          0         84   __printf.o
         0          0          0          0          0          0   __rtentry.o
        12          0          0          0          0          0   __rtentry2.o
         6          0          0          0          0          0   __rtentry4.o
        52          8          0          0          0          0   __scatter.o
        26          0          0          0          0          0   __scatter_copy.o
        28          0          0          0          0          0   __scatter_zi.o
        48          6          0          0          0         96   _printf_char_common.o
         6          0          0          0          0          0   _printf_d.o
       120         16          0          0          0         92   _printf_dec.o
       178          0          0          0          0         88   _printf_intcommon.o
         0          0          0          0          0          0   _printf_percent.o
         4          0          0          0          0          0   _printf_percent_end.o
        22          0          0          0          0        100   _rserrno.o
        10          0          0          0          0         68   _sputc.o
        18          0          0          0          0         80   exit.o
         6          0          0          0          0        152   heapauxi.o
         2          0          0          0          0          0   libinit.o
         6          0          0          0          0          0   libinit2.o
         2          0          0          0          0          0   libshutdown.o
         2          0          0          0          0          0   libshutdown2.o
         8          4          0          0         96         68   libspace.o
        40          6          0          0          0         84   noretval__2sprintf.o
        60         14          0          0        228         92   rand.o
         8          4          0          0          0         68   rt_errno_addr_intlibspace.o
       138          0          0          0          0         68   rt_memcpy_v6.o
       100          0          0          0          0         80   rt_memcpy_w.o
         2          0          0          0          0          0   rtexit.o
        10          0          0          0          0          0   rtexit2.o
        74          0          0          0          0         80   sys_stackheap_outer.o
         2          0          0          0          0         68   use_no_semi.o
        98          4          0          0          0         92   d2f.o
       826         16          0          0          0        348   daddsub_clz.o
        16          4          0          0          0         68   dcheck1.o
       688        140          0          0          0        208   ddiv.o
        94          4          0          0          0         92   dfix.o
        84          0          0          0          0        136   dflt_clz.o
       340         12          0          0          0        104   dmul.o
       156          4          0          0          0         92   dnaninf.o
        12          0          0          0          0         68   dretinf.o
        86          4          0          0          0         84   f2d.o
       430          8          0          0          0        168   faddsub_clz.o
        54          4          0          0          0         84   ffix.o
        48          0          0          0          0         68   fflt_clz.o
       258          4          0          0          0         84   fmul.o
       140          4          0          0          0         84   fnaninf.o
        10          0          0          0          0         68   fretinf.o
       100          0          0          0          0         68   retnan.o
        92          0          0          0          0         68   scalbn.o
        48          0          0          0          0         68   trapv.o
         0          0          0          0          0          0   usenofp.o
       156          8          0          0          0        104   cos.o
       252         22         48          0          0        124   cos_i.o
        34          6          0          0          0        204   dunder.o
        40          0          0          0          0         68   fpclassify.o
       170          0          0          0          0         96   poly.o
       904         76        200          0          0        140   rred.o
       160         10          0          0          0        108   sin.o
       236         12         40          0          0        128   sin_i.o

    ----------------------------------------------------------------------
      6654        400        288          0        324       4460   Library Totals
        20          0          0          0          0          0   (incl. Padding)

    ----------------------------------------------------------------------

      Code (inc. data)   RO Data    RW Data    ZI Data      Debug   Library Name

      1102         58          0          0        324       1436   c_w.l
      3580        208          0          0          0       2052   fz_ws.l
      1952        134        288          0          0        972   m_ws.l

    ----------------------------------------------------------------------
      6654        400        288          0        324       4460   Library Totals

    ----------------------------------------------------------------------

==============================================================================


      Code (inc. data)   RO Data    RW Data    ZI Data      Debug   

     24474        742       2046        248      21712     126336   Grand Totals
     24474        742       2046        248      21712     126336   ELF Image Totals
     24474        742       2046        248          0          0   ROM Totals

==============================================================================

    Total RO  Size (Code + RO Data)                26520 (  25.90kB)
    Total RW  Size (RW Data + ZI Data)             21960 (  21.45kB)
    Total ROM Size (Code + RO Data + RW Data)      26768 (  26.14kB)

==============================================================================

